<html>
<body>
<pre>
<h1>µVision Build Log</h1>
<h2>Tool Versions:</h2>
IDE-Version: µVision V5.16a
Copyright (C) 2015 ARM Ltd and ARM Germany GmbH. All rights reserved.
License Information: s s, s, LIC=SDAPC-7JTH7-V1BP8-3PJF3-43UTM-RHM9Z
 
Tool Versions:
Toolchain:       MDK-ARM Standard  Version: 5.16a
Toolchain Path:  C:\Keil_v5\ARM\ARMCC\Bin
C Compiler:      Armcc.exe V5.06 (build 20)
Assembler:       Armasm.exe V5.06 (build 20)
Linker/Locator:  ArmLink.exe V5.06 (build 20)
Library Manager: ArmAr.exe V5.06 (build 20)
Hex Converter:   FromElf.exe V5.06 (build 20)
CPU DLL:         SARMCM3.DLL V5.16a
Dialog DLL:      DCM.DLL V1.13.2.0
Target DLL:      STLink\ST-LINKIII-KEIL_SWO.dll V2.0.17.0
Dialog DLL:      TCM.DLL V1.14.5.0
 
<h2>Project:</h2>
C:\Users\fv\Desktop\stm32vldiscovery_package\Project\Examples\LCD\MDK-ARM\GPIOToggle.uvprojx
Project File Date:  09/16/2015

<h2>Output:</h2>
*** Using Compiler 'V5.06 (build 20)', folder: 'C:\Keil_v5\ARM\ARMCC\Bin'
Rebuild target 'GPIOToggle'
compiling misc.c...
compiling stm32f10x_exti.c...
compiling stm32f10x_gpio.c...
compiling tm_stm32f4_fonts.c...
compiling stm32f10x_rcc.c...
compiling tm_stm32f4_ili9341.c...
..\..\..\..\Libraries\STM32F10x_StdPeriph_Driver\src\tm_stm32f4_ili9341.c(563): warning:  #550-D: variable "largura" was set but never used
  	uint16_t x,y,largura,altura;
..\..\..\..\Libraries\STM32F10x_StdPeriph_Driver\src\tm_stm32f4_ili9341.c(563): warning:  #550-D: variable "altura" was set but never used
  	uint16_t x,y,largura,altura;
..\..\..\..\Libraries\STM32F10x_StdPeriph_Driver\src\tm_stm32f4_ili9341.c: 2 warnings, 0 errors
compiling stm32f10x_spi.c...
compiling system_stm32f10x.c...
compiling core_cm3.c...
assembling startup_stm32f10x_md_vl.s...
compiling main.c...
compiling stm32f10x_it.c...
compiling STM32vldiscovery.c...
linking...
Program Size: Code=2352 RO-data=320 RW-data=12 ZI-data=1028  
".\Debug\GPIOToggle.axf" - 0 Error(s), 2 Warning(s).

<h2>Software Packages used:</h2>

Package Vendor: ARM
                http://www.keil.com/pack/ARM.CMSIS.4.4.0.pack
                ARM::CMSIS:CORE:4.2.0
                CMSIS (Cortex Microcontroller Software Interface Standard)
   * Component: CORE Version: 4.2.0

<h2>Collection of Component include folders:</h2>
  C:\Users\fv\Desktop\stm32vldiscovery_package\Project\Examples\LCD\MDK-ARM\RTE
  C:\Keil_v5\ARM\PACK\ARM\CMSIS\4.4.0\CMSIS\Include
  C:\Keil_v5\ARM\PACK\Keil\STM32F1xx_DFP\1.1.0\Device\Include

<h2>Collection of Component Files used:</h2>

   * Component: ARM::CMSIS:CORE:4.2.0
Build Time Elapsed:  00:00:02
</pre>
</body>
</html>
