<html>
<body>
<pre>
<h1>µVision Build Log</h1>
<h2>Tool Versions:</h2>
IDE-Version: µVision V5.14.0.0
Copyright (C) 2015 ARM Ltd and ARM Germany GmbH. All rights reserved.
License Information: qwerty qwerty, dkflmc, LIC=IK1EV-P02VD-01GP1-C6ZVQ-A5NIC-Q1TJV
 
Tool Versions:
Toolchain:       MDK-ARM Standard  Version: 5.14.0.0
Toolchain Path:  C:\Keil_v5\ARM\ARMCC\Bin
C Compiler:      Armcc.exe V5.05 update 1 (build 106)
Assembler:       Armasm.exe V5.05 update 1 (build 106)
Linker/Locator:  ArmLink.exe V5.05 update 1 (build 106)
Library Manager: ArmAr.exe V5.05 update 1 (build 106)
Hex Converter:   FromElf.exe V5.05 update 1 (build 106)
CPU DLL:         SARMCM3.DLL V5.14.0.0
Dialog DLL:      DCM.DLL V1.13.1.0
Target DLL:      STLink\ST-LINKIII-KEIL_SWO.dll V2.0.14.0_KEIL
Dialog DLL:      TCM.DLL V1.14.4.0
 
<h2>Project:</h2>
\\psf\Home\MEGA\HAL_Projects\F3Disco_ILI9341_v2.0\MDK-ARM\F3Disco_ILI9341.uvprojx
Project File Date:  05/19/2015

<h2>Output:</h2>
Build target 'F3Disco_ILI9341 Configuration'
compiling stm32f3xx_hal_rcc.c...
compiling stm32f3xx_hal_gpio.c...
compiling stm32f3xx_hal_spi.c...
compiling stm32f3xx_hal_flash.c...
compiling stm32f3xx_hal.c...
compiling stm32f3xx_hal_dma.c...
compiling stm32f3xx_hal_cortex.c...
compiling stm32f3xx_hal_rcc_ex.c...
compiling stm32f3xx_hal_pwr_ex.c...
compiling stm32f3xx_hal_flash_ex.c...
compiling stm32f3xx_hal_pwr.c...
assembling startup_stm32f303xc.s...
compiling system_stm32f3xx.c...
compiling main.c...
compiling stm32f3xx_it.c...
compiling stm32f3xx_hal_msp.c...
compiling delay.c...
compiling tm_stm32f3_ili9341.c...
compiling tm_stm32f3_fonts.c...
linking...
Program Size: Code=5956 RO-data=159012 RW-data=48 ZI-data=1120  
"F3Disco_ILI9341 Configuration\F3Disco_ILI9341 Configuration.axf" - 0 Error(s), 0 Warning(s).

<h2>Collection of Component include folders:</h2>
  \\psf\Home\MEGA\HAL_Projects\F3Disco_ILI9341_v2.0\MDK-ARM\RTE
  C:\Keil_v5\ARM\PACK\Keil\STM32F3xx_DFP\1.3.0\Device\Include

<h2>Collection of Component Files used:</h2>
</pre>
</body>
</html>
