
C:\Users\fv\Desktop\TAMA\TIM\project\RIDE\obj\stm32f10x_systick.o:     file format elf32-littlearm
C:\Users\fv\Desktop\TAMA\TIM\project\RIDE\obj\stm32f10x_systick.o


Disassembly of section .text.SysTick_CLKSourceConfig:

00000000 <SysTick_CLKSourceConfig>:
SysTick_CLKSourceConfig():
C:\Users\fv\Desktop\TAMA\TIM\library\src/stm32f10x_systick.c:48
void SysTick_CLKSourceConfig(u32 SysTick_CLKSource)
{
  /* Check the parameters */
  assert_param(IS_SYSTICK_CLK_SOURCE(SysTick_CLKSource));

  if (SysTick_CLKSource == SysTick_CLKSource_HCLK)
   0:	2804      	cmp	r0, #4
C:\Users\fv\Desktop\TAMA\TIM\library\src/stm32f10x_systick.c:50
  {
    SysTick->CTRL |= SysTick_CLKSource_HCLK;
   2:	f24e 0310 	movw	r3, #57360	; 0xe010
   6:	f2ce 0300 	movt	r3, #57344	; 0xe000
   a:	681a      	ldr	r2, [r3, #0]
   c:	bf0c      	ite	eq
   e:	f042 0204 	orreq.w	r2, r2, #4
C:\Users\fv\Desktop\TAMA\TIM\library\src/stm32f10x_systick.c:54
  }
  else
  {
    SysTick->CTRL &= SysTick_CLKSource_HCLK_Div8;
  12:	f022 0204 	bicne.w	r2, r2, #4
  16:	601a      	str	r2, [r3, #0]
  18:	4770      	bx	lr
  1a:	bf00      	nop

Disassembly of section .text.SysTick_SetReload:

00000000 <SysTick_SetReload>:
SysTick_SetReload():
C:\Users\fv\Desktop\TAMA\TIM\library\src/stm32f10x_systick.c:71
void SysTick_SetReload(u32 Reload)
{
  /* Check the parameters */
  assert_param(IS_SYSTICK_RELOAD(Reload));

  SysTick->LOAD = Reload;
   0:	f24e 0310 	movw	r3, #57360	; 0xe010
   4:	f2ce 0300 	movt	r3, #57344	; 0xe000
   8:	6058      	str	r0, [r3, #4]
C:\Users\fv\Desktop\TAMA\TIM\library\src/stm32f10x_systick.c:72
}
   a:	4770      	bx	lr

Disassembly of section .text.SysTick_CounterCmd:

00000000 <SysTick_CounterCmd>:
SysTick_CounterCmd():
C:\Users\fv\Desktop\TAMA\TIM\library\src/stm32f10x_systick.c:90
void SysTick_CounterCmd(u32 SysTick_Counter)
{
  /* Check the parameters */
  assert_param(IS_SYSTICK_COUNTER(SysTick_Counter));

  if (SysTick_Counter == SysTick_Counter_Enable)
   0:	2801      	cmp	r0, #1
   2:	d108      	bne.n	16 <SysTick_CounterCmd+0x16>
C:\Users\fv\Desktop\TAMA\TIM\library\src/stm32f10x_systick.c:92
  {
    SysTick->CTRL |= SysTick_Counter_Enable;
   4:	f24e 0310 	movw	r3, #57360	; 0xe010
   8:	f2ce 0300 	movt	r3, #57344	; 0xe000
   c:	681a      	ldr	r2, [r3, #0]
   e:	f042 0201 	orr.w	r2, r2, #1
  12:	601a      	str	r2, [r3, #0]
  14:	4770      	bx	lr
C:\Users\fv\Desktop\TAMA\TIM\library\src/stm32f10x_systick.c:94
  }
  else if (SysTick_Counter == SysTick_Counter_Disable) 
  16:	f110 0f02 	cmn.w	r0, #2
C:\Users\fv\Desktop\TAMA\TIM\library\src/stm32f10x_systick.c:96
  {
    SysTick->CTRL &= SysTick_Counter_Disable;
  1a:	f24e 0310 	movw	r3, #57360	; 0xe010
  1e:	f2ce 0300 	movt	r3, #57344	; 0xe000
  22:	bf03      	ittte	eq
  24:	681a      	ldreq	r2, [r3, #0]
  26:	f022 0201 	biceq.w	r2, r2, #1
  2a:	601a      	streq	r2, [r3, #0]
C:\Users\fv\Desktop\TAMA\TIM\library\src/stm32f10x_systick.c:100
  }
  else /* SysTick_Counter == SysTick_Counter_Clear */
  {
    SysTick->VAL = SysTick_Counter_Clear;
  2c:	2200      	movne	r2, #0
  2e:	bf18      	it	ne
  30:	609a      	strne	r2, [r3, #8]
  32:	4770      	bx	lr

Disassembly of section .text.SysTick_ITConfig:

00000000 <SysTick_ITConfig>:
SysTick_ITConfig():
C:\Users\fv\Desktop\TAMA\TIM\library\src/stm32f10x_systick.c:117
void SysTick_ITConfig(FunctionalState NewState)
{
  /* Check the parameters */
  assert_param(IS_FUNCTIONAL_STATE(NewState));

  if (NewState != DISABLE)
   0:	b140      	cbz	r0, 14 <SysTick_ITConfig+0x14>
C:\Users\fv\Desktop\TAMA\TIM\library\src/stm32f10x_systick.c:119
  {
    SysTick->CTRL |= CTRL_TICKINT_Set;
   2:	f24e 0310 	movw	r3, #57360	; 0xe010
   6:	f2ce 0300 	movt	r3, #57344	; 0xe000
   a:	681a      	ldr	r2, [r3, #0]
   c:	f042 0202 	orr.w	r2, r2, #2
  10:	601a      	str	r2, [r3, #0]
  12:	4770      	bx	lr
C:\Users\fv\Desktop\TAMA\TIM\library\src/stm32f10x_systick.c:123
  }
  else
  {
    SysTick->CTRL &= CTRL_TICKINT_Reset;
  14:	f24e 0310 	movw	r3, #57360	; 0xe010
  18:	f2ce 0300 	movt	r3, #57344	; 0xe000
  1c:	681a      	ldr	r2, [r3, #0]
  1e:	f022 0202 	bic.w	r2, r2, #2
  22:	601a      	str	r2, [r3, #0]
  24:	4770      	bx	lr
  26:	bf00      	nop

Disassembly of section .text.SysTick_GetCounter:

00000000 <SysTick_GetCounter>:
SysTick_GetCounter():
C:\Users\fv\Desktop\TAMA\TIM\library\src/stm32f10x_systick.c:136
* Output         : None
* Return         : SysTick current value
*******************************************************************************/
u32 SysTick_GetCounter(void)
{
  return(SysTick->VAL);
   0:	f24e 0310 	movw	r3, #57360	; 0xe010
   4:	f2ce 0300 	movt	r3, #57344	; 0xe000
   8:	6898      	ldr	r0, [r3, #8]
C:\Users\fv\Desktop\TAMA\TIM\library\src/stm32f10x_systick.c:137
}
   a:	4770      	bx	lr

Disassembly of section .text.SysTick_GetFlagStatus:

00000000 <SysTick_GetFlagStatus>:
SysTick_GetFlagStatus():
C:\Users\fv\Desktop\TAMA\TIM\library\src/stm32f10x_systick.c:161
  assert_param(IS_SYSTICK_FLAG(SysTick_FLAG));

  /* Get the SysTick register index */
  tmp = SysTick_FLAG >> 3;

  if (tmp == 2) /* The flag to check is in CTRL register */
   0:	ea4f 03d0 	mov.w	r3, r0, lsr #3
   4:	2b02      	cmp	r3, #2
C:\Users\fv\Desktop\TAMA\TIM\library\src/stm32f10x_systick.c:163
  {
    statusreg = SysTick->CTRL;
   6:	f24e 0310 	movw	r3, #57360	; 0xe010
   a:	f2ce 0300 	movt	r3, #57344	; 0xe000
   e:	bf0c      	ite	eq
  10:	681b      	ldreq	r3, [r3, #0]
C:\Users\fv\Desktop\TAMA\TIM\library\src/stm32f10x_systick.c:167
  }
  else          /* The flag to check is in CALIB register */
  {
    statusreg = SysTick->CALIB;
  12:	68db      	ldrne	r3, [r3, #12]
C:\Users\fv\Desktop\TAMA\TIM\library\src/stm32f10x_systick.c:170
  }

  if ((statusreg & ((u32)1 << SysTick_FLAG)) != (u32)RESET)
  14:	fa23 f000 	lsr.w	r0, r3, r0
C:\Users\fv\Desktop\TAMA\TIM\library\src/stm32f10x_systick.c:179
  else
  {
    bitstatus = RESET;
  }
  return bitstatus;
}
  18:	f000 0001 	and.w	r0, r0, #1
  1c:	4770      	bx	lr
  1e:	bf00      	nop
