
C:\Users\fv\Desktop\TAMA\GPIO\project\RIDE\obj\stm32f10x_it.o:     file format elf32-littlearm
C:\Users\fv\Desktop\TAMA\GPIO\project\RIDE\obj\stm32f10x_it.o


Disassembly of section .text.NMIException:

00000000 <NMIException>:
NMIException():
C:\Users\fv\Desktop\TAMA\GPIO\project/stm32f10x_it.c:37
* Output         : None
* Return         : None
*******************************************************************************/
void NMIException(void)
{
}
   0:	4770      	bx	lr
   2:	bf00      	nop

Disassembly of section .text.HardFaultException:

00000000 <HardFaultException>:
HardFaultException():
C:\Users\fv\Desktop\TAMA\GPIO\project/stm32f10x_it.c:47
* Input          : None
* Output         : None
* Return         : None
*******************************************************************************/
void HardFaultException(void)
{
   0:	e7fe      	b.n	0 <HardFaultException>
   2:	bf00      	nop

Disassembly of section .text.MemManageException:

00000000 <MemManageException>:
MemManageException():
C:\Users\fv\Desktop\TAMA\GPIO\project/stm32f10x_it.c:62
* Input          : None
* Output         : None
* Return         : None
*******************************************************************************/
void MemManageException(void)
{
   0:	e7fe      	b.n	0 <MemManageException>
   2:	bf00      	nop

Disassembly of section .text.BusFaultException:

00000000 <BusFaultException>:
BusFaultException():
C:\Users\fv\Desktop\TAMA\GPIO\project/stm32f10x_it.c:77
* Input          : None
* Output         : None
* Return         : None
*******************************************************************************/
void BusFaultException(void)
{
   0:	e7fe      	b.n	0 <BusFaultException>
   2:	bf00      	nop

Disassembly of section .text.UsageFaultException:

00000000 <UsageFaultException>:
UsageFaultException():
C:\Users\fv\Desktop\TAMA\GPIO\project/stm32f10x_it.c:92
* Input          : None
* Output         : None
* Return         : None
*******************************************************************************/
void UsageFaultException(void)
{
   0:	e7fe      	b.n	0 <UsageFaultException>
   2:	bf00      	nop

Disassembly of section .text.DebugMonitor:

00000000 <DebugMonitor>:
DebugMonitor():
C:\Users\fv\Desktop\TAMA\GPIO\project/stm32f10x_it.c:108
* Output         : None
* Return         : None
*******************************************************************************/
void DebugMonitor(void)
{
}
   0:	4770      	bx	lr
   2:	bf00      	nop

Disassembly of section .text.SVCHandler:

00000000 <SVCHandler>:
SVCHandler():
C:\Users\fv\Desktop\TAMA\GPIO\project/stm32f10x_it.c:119
* Output         : None
* Return         : None
*******************************************************************************/
void SVCHandler(void)
{
}
   0:	4770      	bx	lr
   2:	bf00      	nop

Disassembly of section .text.PendSVC:

00000000 <PendSVC>:
PendSVC():
C:\Users\fv\Desktop\TAMA\GPIO\project/stm32f10x_it.c:130
* Output         : None
* Return         : None
*******************************************************************************/
void PendSVC(void)
{
}
   0:	4770      	bx	lr
   2:	bf00      	nop

Disassembly of section .text.SysTickHandler:

00000000 <SysTickHandler>:
SysTickHandler():
C:\Users\fv\Desktop\TAMA\GPIO\project/stm32f10x_it.c:141
* Output         : None
* Return         : None
*******************************************************************************/
void SysTickHandler(void)
{
}
   0:	4770      	bx	lr
   2:	bf00      	nop

Disassembly of section .text.WWDG_IRQHandler:

00000000 <WWDG_IRQHandler>:
WWDG_IRQHandler():
C:\Users\fv\Desktop\TAMA\GPIO\project/stm32f10x_it.c:152
* Output         : None
* Return         : None
*******************************************************************************/
void WWDG_IRQHandler(void)
{
}
   0:	4770      	bx	lr
   2:	bf00      	nop

Disassembly of section .text.PVD_IRQHandler:

00000000 <PVD_IRQHandler>:
PVD_IRQHandler():
C:\Users\fv\Desktop\TAMA\GPIO\project/stm32f10x_it.c:163
* Output         : None
* Return         : None
*******************************************************************************/
void PVD_IRQHandler(void)
{
}
   0:	4770      	bx	lr
   2:	bf00      	nop

Disassembly of section .text.TAMPER_IRQHandler:

00000000 <TAMPER_IRQHandler>:
TAMPER_IRQHandler():
C:\Users\fv\Desktop\TAMA\GPIO\project/stm32f10x_it.c:174
* Output         : None
* Return         : None
*******************************************************************************/
void TAMPER_IRQHandler(void)
{
}
   0:	4770      	bx	lr
   2:	bf00      	nop

Disassembly of section .text.RTC_IRQHandler:

00000000 <RTC_IRQHandler>:
RTC_IRQHandler():
C:\Users\fv\Desktop\TAMA\GPIO\project/stm32f10x_it.c:185
* Output         : None
* Return         : None
*******************************************************************************/
void RTC_IRQHandler(void)
{
}
   0:	4770      	bx	lr
   2:	bf00      	nop

Disassembly of section .text.FLASH_IRQHandler:

00000000 <FLASH_IRQHandler>:
FLASH_IRQHandler():
C:\Users\fv\Desktop\TAMA\GPIO\project/stm32f10x_it.c:196
* Output         : None
* Return         : None
*******************************************************************************/
void FLASH_IRQHandler(void)
{
}
   0:	4770      	bx	lr
   2:	bf00      	nop

Disassembly of section .text.RCC_IRQHandler:

00000000 <RCC_IRQHandler>:
RCC_IRQHandler():
C:\Users\fv\Desktop\TAMA\GPIO\project/stm32f10x_it.c:207
* Output         : None
* Return         : None
*******************************************************************************/
void RCC_IRQHandler(void)
{
}
   0:	4770      	bx	lr
   2:	bf00      	nop

Disassembly of section .text.EXTI0_IRQHandler:

00000000 <EXTI0_IRQHandler>:
EXTI0_IRQHandler():
C:\Users\fv\Desktop\TAMA\GPIO\project/stm32f10x_it.c:218
* Output         : None
* Return         : None
*******************************************************************************/
void EXTI0_IRQHandler(void)
{
}
   0:	4770      	bx	lr
   2:	bf00      	nop

Disassembly of section .text.EXTI1_IRQHandler:

00000000 <EXTI1_IRQHandler>:
EXTI1_IRQHandler():
C:\Users\fv\Desktop\TAMA\GPIO\project/stm32f10x_it.c:229
* Output         : None
* Return         : None
*******************************************************************************/
void EXTI1_IRQHandler(void)
{
}
   0:	4770      	bx	lr
   2:	bf00      	nop

Disassembly of section .text.EXTI2_IRQHandler:

00000000 <EXTI2_IRQHandler>:
EXTI2_IRQHandler():
C:\Users\fv\Desktop\TAMA\GPIO\project/stm32f10x_it.c:240
* Output         : None
* Return         : None
*******************************************************************************/
void EXTI2_IRQHandler(void)
{
}
   0:	4770      	bx	lr
   2:	bf00      	nop

Disassembly of section .text.EXTI3_IRQHandler:

00000000 <EXTI3_IRQHandler>:
EXTI3_IRQHandler():
C:\Users\fv\Desktop\TAMA\GPIO\project/stm32f10x_it.c:251
* Output         : None
* Return         : None
*******************************************************************************/
void EXTI3_IRQHandler(void)
{
}
   0:	4770      	bx	lr
   2:	bf00      	nop

Disassembly of section .text.EXTI4_IRQHandler:

00000000 <EXTI4_IRQHandler>:
EXTI4_IRQHandler():
C:\Users\fv\Desktop\TAMA\GPIO\project/stm32f10x_it.c:262
* Output         : None
* Return         : None
*******************************************************************************/
void EXTI4_IRQHandler(void)
{
}
   0:	4770      	bx	lr
   2:	bf00      	nop

Disassembly of section .text.DMA1_Channel1_IRQHandler:

00000000 <DMA1_Channel1_IRQHandler>:
DMA1_Channel1_IRQHandler():
C:\Users\fv\Desktop\TAMA\GPIO\project/stm32f10x_it.c:273
* Output         : None
* Return         : None
*******************************************************************************/
void DMA1_Channel1_IRQHandler(void)
{
}
   0:	4770      	bx	lr
   2:	bf00      	nop

Disassembly of section .text.DMA1_Channel2_IRQHandler:

00000000 <DMA1_Channel2_IRQHandler>:
DMA1_Channel2_IRQHandler():
C:\Users\fv\Desktop\TAMA\GPIO\project/stm32f10x_it.c:284
* Output         : None
* Return         : None
*******************************************************************************/
void DMA1_Channel2_IRQHandler(void)
{
}
   0:	4770      	bx	lr
   2:	bf00      	nop

Disassembly of section .text.DMA1_Channel3_IRQHandler:

00000000 <DMA1_Channel3_IRQHandler>:
DMA1_Channel3_IRQHandler():
C:\Users\fv\Desktop\TAMA\GPIO\project/stm32f10x_it.c:295
* Output         : None
* Return         : None
*******************************************************************************/
void DMA1_Channel3_IRQHandler(void)
{
}
   0:	4770      	bx	lr
   2:	bf00      	nop

Disassembly of section .text.DMA1_Channel4_IRQHandler:

00000000 <DMA1_Channel4_IRQHandler>:
DMA1_Channel4_IRQHandler():
C:\Users\fv\Desktop\TAMA\GPIO\project/stm32f10x_it.c:306
* Output         : None
* Return         : None
*******************************************************************************/
void DMA1_Channel4_IRQHandler(void)
{
}
   0:	4770      	bx	lr
   2:	bf00      	nop

Disassembly of section .text.DMA1_Channel5_IRQHandler:

00000000 <DMA1_Channel5_IRQHandler>:
DMA1_Channel5_IRQHandler():
C:\Users\fv\Desktop\TAMA\GPIO\project/stm32f10x_it.c:317
* Output         : None
* Return         : None
*******************************************************************************/
void DMA1_Channel5_IRQHandler(void)
{
}
   0:	4770      	bx	lr
   2:	bf00      	nop

Disassembly of section .text.DMA1_Channel6_IRQHandler:

00000000 <DMA1_Channel6_IRQHandler>:
DMA1_Channel6_IRQHandler():
C:\Users\fv\Desktop\TAMA\GPIO\project/stm32f10x_it.c:328
* Output         : None
* Return         : None
*******************************************************************************/
void DMA1_Channel6_IRQHandler(void)
{
}
   0:	4770      	bx	lr
   2:	bf00      	nop

Disassembly of section .text.DMA1_Channel7_IRQHandler:

00000000 <DMA1_Channel7_IRQHandler>:
DMA1_Channel7_IRQHandler():
C:\Users\fv\Desktop\TAMA\GPIO\project/stm32f10x_it.c:339
* Output         : None
* Return         : None
*******************************************************************************/
void DMA1_Channel7_IRQHandler(void)
{
}
   0:	4770      	bx	lr
   2:	bf00      	nop

Disassembly of section .text.ADC1_2_IRQHandler:

00000000 <ADC1_2_IRQHandler>:
ADC1_2_IRQHandler():
C:\Users\fv\Desktop\TAMA\GPIO\project/stm32f10x_it.c:350
* Output         : None
* Return         : None
*******************************************************************************/
void ADC1_2_IRQHandler(void)
{
}
   0:	4770      	bx	lr
   2:	bf00      	nop

Disassembly of section .text.USB_HP_CAN_TX_IRQHandler:

00000000 <USB_HP_CAN_TX_IRQHandler>:
USB_HP_CAN_TX_IRQHandler():
C:\Users\fv\Desktop\TAMA\GPIO\project/stm32f10x_it.c:362
* Output         : None
* Return         : None
*******************************************************************************/
void USB_HP_CAN_TX_IRQHandler(void)
{
}
   0:	4770      	bx	lr
   2:	bf00      	nop

Disassembly of section .text.USB_LP_CAN_RX0_IRQHandler:

00000000 <USB_LP_CAN_RX0_IRQHandler>:
USB_LP_CAN_RX0_IRQHandler():
C:\Users\fv\Desktop\TAMA\GPIO\project/stm32f10x_it.c:374
* Output         : None
* Return         : None
*******************************************************************************/
void USB_LP_CAN_RX0_IRQHandler(void)
{
}
   0:	4770      	bx	lr
   2:	bf00      	nop

Disassembly of section .text.CAN_RX1_IRQHandler:

00000000 <CAN_RX1_IRQHandler>:
DMA2_Channel4_5_IRQHandler():
C:\Users\fv\Desktop\TAMA\GPIO\project/stm32f10x_it.c:475
* Output         : None
* Return         : None
*******************************************************************************/
void TIM3_IRQHandler(void)
{
}
   0:	4770      	bx	lr
CAN_RX1_IRQHandler():
   2:	bf00      	nop

Disassembly of section .text.CAN_SCE_IRQHandler:

00000000 <CAN_SCE_IRQHandler>:
DMA2_Channel4_5_IRQHandler():
   0:	4770      	bx	lr
CAN_SCE_IRQHandler():
   2:	bf00      	nop

Disassembly of section .text.EXTI9_5_IRQHandler:

00000000 <EXTI9_5_IRQHandler>:
DMA2_Channel4_5_IRQHandler():
   0:	4770      	bx	lr
EXTI9_5_IRQHandler():
   2:	bf00      	nop

Disassembly of section .text.TIM1_BRK_IRQHandler:

00000000 <TIM1_BRK_IRQHandler>:
DMA2_Channel4_5_IRQHandler():
   0:	4770      	bx	lr
TIM1_BRK_IRQHandler():
   2:	bf00      	nop

Disassembly of section .text.TIM1_UP_IRQHandler:

00000000 <TIM1_UP_IRQHandler>:
DMA2_Channel4_5_IRQHandler():
   0:	4770      	bx	lr
TIM1_UP_IRQHandler():
   2:	bf00      	nop

Disassembly of section .text.TIM1_TRG_COM_IRQHandler:

00000000 <TIM1_TRG_COM_IRQHandler>:
DMA2_Channel4_5_IRQHandler():
   0:	4770      	bx	lr
TIM1_TRG_COM_IRQHandler():
   2:	bf00      	nop

Disassembly of section .text.TIM1_CC_IRQHandler:

00000000 <TIM1_CC_IRQHandler>:
DMA2_Channel4_5_IRQHandler():
   0:	4770      	bx	lr
TIM1_CC_IRQHandler():
   2:	bf00      	nop

Disassembly of section .text.TIM2_IRQHandler:

00000000 <TIM2_IRQHandler>:
DMA2_Channel4_5_IRQHandler():
   0:	4770      	bx	lr
TIM2_IRQHandler():
   2:	bf00      	nop

Disassembly of section .text.TIM3_IRQHandler:

00000000 <TIM3_IRQHandler>:
DMA2_Channel4_5_IRQHandler():
   0:	4770      	bx	lr
TIM3_IRQHandler():
   2:	bf00      	nop

Disassembly of section .text.TIM4_IRQHandler:

00000000 <TIM4_IRQHandler>:
DMA2_Channel4_5_IRQHandler():
   0:	4770      	bx	lr
TIM4_IRQHandler():
   2:	bf00      	nop

Disassembly of section .text.I2C1_EV_IRQHandler:

00000000 <I2C1_EV_IRQHandler>:
DMA2_Channel4_5_IRQHandler():
   0:	4770      	bx	lr
I2C1_EV_IRQHandler():
   2:	bf00      	nop

Disassembly of section .text.I2C1_ER_IRQHandler:

00000000 <I2C1_ER_IRQHandler>:
DMA2_Channel4_5_IRQHandler():
   0:	4770      	bx	lr
I2C1_ER_IRQHandler():
   2:	bf00      	nop

Disassembly of section .text.I2C2_EV_IRQHandler:

00000000 <I2C2_EV_IRQHandler>:
DMA2_Channel4_5_IRQHandler():
   0:	4770      	bx	lr
I2C2_EV_IRQHandler():
   2:	bf00      	nop

Disassembly of section .text.I2C2_ER_IRQHandler:

00000000 <I2C2_ER_IRQHandler>:
DMA2_Channel4_5_IRQHandler():
   0:	4770      	bx	lr
I2C2_ER_IRQHandler():
   2:	bf00      	nop

Disassembly of section .text.SPI1_IRQHandler:

00000000 <SPI1_IRQHandler>:
DMA2_Channel4_5_IRQHandler():
   0:	4770      	bx	lr
SPI1_IRQHandler():
   2:	bf00      	nop

Disassembly of section .text.SPI2_IRQHandler:

00000000 <SPI2_IRQHandler>:
DMA2_Channel4_5_IRQHandler():
   0:	4770      	bx	lr
SPI2_IRQHandler():
   2:	bf00      	nop

Disassembly of section .text.USART1_IRQHandler:

00000000 <USART1_IRQHandler>:
DMA2_Channel4_5_IRQHandler():
   0:	4770      	bx	lr
USART1_IRQHandler():
   2:	bf00      	nop

Disassembly of section .text.USART2_IRQHandler:

00000000 <USART2_IRQHandler>:
DMA2_Channel4_5_IRQHandler():
   0:	4770      	bx	lr
USART2_IRQHandler():
   2:	bf00      	nop

Disassembly of section .text.USART3_IRQHandler:

00000000 <USART3_IRQHandler>:
DMA2_Channel4_5_IRQHandler():
   0:	4770      	bx	lr
USART3_IRQHandler():
   2:	bf00      	nop

Disassembly of section .text.EXTI15_10_IRQHandler:

00000000 <EXTI15_10_IRQHandler>:
DMA2_Channel4_5_IRQHandler():
   0:	4770      	bx	lr
EXTI15_10_IRQHandler():
   2:	bf00      	nop

Disassembly of section .text.RTCAlarm_IRQHandler:

00000000 <RTCAlarm_IRQHandler>:
DMA2_Channel4_5_IRQHandler():
   0:	4770      	bx	lr
RTCAlarm_IRQHandler():
   2:	bf00      	nop

Disassembly of section .text.USBWakeUp_IRQHandler:

00000000 <USBWakeUp_IRQHandler>:
DMA2_Channel4_5_IRQHandler():
   0:	4770      	bx	lr
USBWakeUp_IRQHandler():
   2:	bf00      	nop

Disassembly of section .text.TIM8_BRK_IRQHandler:

00000000 <TIM8_BRK_IRQHandler>:
DMA2_Channel4_5_IRQHandler():
   0:	4770      	bx	lr
TIM8_BRK_IRQHandler():
   2:	bf00      	nop

Disassembly of section .text.TIM8_UP_IRQHandler:

00000000 <TIM8_UP_IRQHandler>:
DMA2_Channel4_5_IRQHandler():
   0:	4770      	bx	lr
TIM8_UP_IRQHandler():
   2:	bf00      	nop

Disassembly of section .text.TIM8_TRG_COM_IRQHandler:

00000000 <TIM8_TRG_COM_IRQHandler>:
DMA2_Channel4_5_IRQHandler():
   0:	4770      	bx	lr
TIM8_TRG_COM_IRQHandler():
   2:	bf00      	nop

Disassembly of section .text.TIM8_CC_IRQHandler:

00000000 <TIM8_CC_IRQHandler>:
DMA2_Channel4_5_IRQHandler():
   0:	4770      	bx	lr
TIM8_CC_IRQHandler():
   2:	bf00      	nop

Disassembly of section .text.ADC3_IRQHandler:

00000000 <ADC3_IRQHandler>:
DMA2_Channel4_5_IRQHandler():
   0:	4770      	bx	lr
ADC3_IRQHandler():
   2:	bf00      	nop

Disassembly of section .text.FSMC_IRQHandler:

00000000 <FSMC_IRQHandler>:
DMA2_Channel4_5_IRQHandler():
   0:	4770      	bx	lr
FSMC_IRQHandler():
   2:	bf00      	nop

Disassembly of section .text.SDIO_IRQHandler:

00000000 <SDIO_IRQHandler>:
DMA2_Channel4_5_IRQHandler():
   0:	4770      	bx	lr
SDIO_IRQHandler():
   2:	bf00      	nop

Disassembly of section .text.TIM5_IRQHandler:

00000000 <TIM5_IRQHandler>:
DMA2_Channel4_5_IRQHandler():
   0:	4770      	bx	lr
TIM5_IRQHandler():
   2:	bf00      	nop

Disassembly of section .text.SPI3_IRQHandler:

00000000 <SPI3_IRQHandler>:
DMA2_Channel4_5_IRQHandler():
   0:	4770      	bx	lr
SPI3_IRQHandler():
   2:	bf00      	nop

Disassembly of section .text.UART4_IRQHandler:

00000000 <UART4_IRQHandler>:
DMA2_Channel4_5_IRQHandler():
   0:	4770      	bx	lr
UART4_IRQHandler():
   2:	bf00      	nop

Disassembly of section .text.UART5_IRQHandler:

00000000 <UART5_IRQHandler>:
DMA2_Channel4_5_IRQHandler():
   0:	4770      	bx	lr
UART5_IRQHandler():
   2:	bf00      	nop

Disassembly of section .text.TIM6_IRQHandler:

00000000 <TIM6_IRQHandler>:
DMA2_Channel4_5_IRQHandler():
   0:	4770      	bx	lr
TIM6_IRQHandler():
   2:	bf00      	nop

Disassembly of section .text.TIM7_IRQHandler:

00000000 <TIM7_IRQHandler>:
DMA2_Channel4_5_IRQHandler():
   0:	4770      	bx	lr
TIM7_IRQHandler():
   2:	bf00      	nop

Disassembly of section .text.DMA2_Channel1_IRQHandler:

00000000 <DMA2_Channel1_IRQHandler>:
DMA2_Channel4_5_IRQHandler():
   0:	4770      	bx	lr
DMA2_Channel1_IRQHandler():
   2:	bf00      	nop

Disassembly of section .text.DMA2_Channel2_IRQHandler:

00000000 <DMA2_Channel2_IRQHandler>:
DMA2_Channel4_5_IRQHandler():
   0:	4770      	bx	lr
DMA2_Channel2_IRQHandler():
   2:	bf00      	nop

Disassembly of section .text.DMA2_Channel3_IRQHandler:

00000000 <DMA2_Channel3_IRQHandler>:
DMA2_Channel4_5_IRQHandler():
   0:	4770      	bx	lr
DMA2_Channel3_IRQHandler():
   2:	bf00      	nop

Disassembly of section .text.DMA2_Channel4_5_IRQHandler:

00000000 <DMA2_Channel4_5_IRQHandler>:
DMA2_Channel4_5_IRQHandler():
   0:	4770      	bx	lr
   2:	bf00      	nop
