Component: ARM Compiler 5.06 (build 20) Tool: armlink [4d35a3]

==============================================================================

Section Cross References

    startup_stm32f429_439xx.o(RESET) refers to startup_stm32f429_439xx.o(STACK) for __initial_sp
    startup_stm32f429_439xx.o(RESET) refers to startup_stm32f429_439xx.o(.text) for Reset_Handler
    startup_stm32f429_439xx.o(RESET) refers to stm32f4xx_it.o(i.NMI_Handler) for NMI_Handler
    startup_stm32f429_439xx.o(RESET) refers to stm32f4xx_it.o(i.HardFault_Handler) for HardFault_Handler
    startup_stm32f429_439xx.o(RESET) refers to stm32f4xx_it.o(i.MemManage_Handler) for MemManage_Handler
    startup_stm32f429_439xx.o(RESET) refers to stm32f4xx_it.o(i.BusFault_Handler) for BusFault_Handler
    startup_stm32f429_439xx.o(RESET) refers to stm32f4xx_it.o(i.UsageFault_Handler) for UsageFault_Handler
    startup_stm32f429_439xx.o(RESET) refers to stm32f4xx_it.o(i.SVC_Handler) for SVC_Handler
    startup_stm32f429_439xx.o(RESET) refers to stm32f4xx_it.o(i.DebugMon_Handler) for DebugMon_Handler
    startup_stm32f429_439xx.o(RESET) refers to stm32f4xx_it.o(i.PendSV_Handler) for PendSV_Handler
    startup_stm32f429_439xx.o(RESET) refers to stm32f4xx_it.o(i.SysTick_Handler) for SysTick_Handler
    startup_stm32f429_439xx.o(.text) refers to system_stm32f4xx.o(i.SystemInit) for SystemInit
    startup_stm32f429_439xx.o(.text) refers to entry.o(.ARM.Collect$$$$00000000) for __main
    stm32f429i_discovery.o(i.STM_EVAL_LEDInit) refers to stm32f4xx_rcc.o(i.RCC_AHB1PeriphClockCmd) for RCC_AHB1PeriphClockCmd
    stm32f429i_discovery.o(i.STM_EVAL_LEDInit) refers to stm32f4xx_gpio.o(i.GPIO_Init) for GPIO_Init
    stm32f429i_discovery.o(i.STM_EVAL_LEDInit) refers to stm32f429i_discovery.o(.constdata) for .constdata
    stm32f429i_discovery.o(i.STM_EVAL_LEDInit) refers to stm32f429i_discovery.o(.data) for .data
    stm32f429i_discovery.o(i.STM_EVAL_LEDOff) refers to stm32f429i_discovery.o(.constdata) for .constdata
    stm32f429i_discovery.o(i.STM_EVAL_LEDOff) refers to stm32f429i_discovery.o(.data) for .data
    stm32f429i_discovery.o(i.STM_EVAL_LEDOn) refers to stm32f429i_discovery.o(.constdata) for .constdata
    stm32f429i_discovery.o(i.STM_EVAL_LEDOn) refers to stm32f429i_discovery.o(.data) for .data
    stm32f429i_discovery.o(i.STM_EVAL_LEDToggle) refers to stm32f429i_discovery.o(.data) for .data
    stm32f429i_discovery.o(i.STM_EVAL_LEDToggle) refers to stm32f429i_discovery.o(.constdata) for .constdata
    stm32f429i_discovery.o(i.STM_EVAL_PBGetState) refers to stm32f4xx_gpio.o(i.GPIO_ReadInputDataBit) for GPIO_ReadInputDataBit
    stm32f429i_discovery.o(i.STM_EVAL_PBGetState) refers to stm32f429i_discovery.o(.constdata) for .constdata
    stm32f429i_discovery.o(i.STM_EVAL_PBGetState) refers to stm32f429i_discovery.o(.data) for .data
    stm32f429i_discovery.o(i.STM_EVAL_PBInit) refers to stm32f4xx_rcc.o(i.RCC_AHB1PeriphClockCmd) for RCC_AHB1PeriphClockCmd
    stm32f429i_discovery.o(i.STM_EVAL_PBInit) refers to stm32f4xx_rcc.o(i.RCC_APB2PeriphClockCmd) for RCC_APB2PeriphClockCmd
    stm32f429i_discovery.o(i.STM_EVAL_PBInit) refers to stm32f4xx_gpio.o(i.GPIO_Init) for GPIO_Init
    stm32f429i_discovery.o(i.STM_EVAL_PBInit) refers to stm32f4xx_syscfg.o(i.SYSCFG_EXTILineConfig) for SYSCFG_EXTILineConfig
    stm32f429i_discovery.o(i.STM_EVAL_PBInit) refers to stm32f4xx_exti.o(i.EXTI_Init) for EXTI_Init
    stm32f429i_discovery.o(i.STM_EVAL_PBInit) refers to misc.o(i.NVIC_Init) for NVIC_Init
    stm32f429i_discovery.o(i.STM_EVAL_PBInit) refers to stm32f429i_discovery.o(.constdata) for .constdata
    stm32f429i_discovery.o(i.STM_EVAL_PBInit) refers to stm32f429i_discovery.o(.data) for .data
    stm32f429i_discovery.o(i.sEE_LowLevel_DMAConfig) refers to stm32f4xx_dma.o(i.DMA_Init) for DMA_Init
    stm32f429i_discovery.o(i.sEE_LowLevel_DMAConfig) refers to stm32f429i_discovery.o(.bss) for .bss
    stm32f429i_discovery.o(i.sEE_LowLevel_DeInit) refers to stm32f4xx_i2c.o(i.I2C_Cmd) for I2C_Cmd
    stm32f429i_discovery.o(i.sEE_LowLevel_DeInit) refers to stm32f4xx_i2c.o(i.I2C_DeInit) for I2C_DeInit
    stm32f429i_discovery.o(i.sEE_LowLevel_DeInit) refers to stm32f4xx_rcc.o(i.RCC_APB1PeriphClockCmd) for RCC_APB1PeriphClockCmd
    stm32f429i_discovery.o(i.sEE_LowLevel_DeInit) refers to stm32f4xx_gpio.o(i.GPIO_Init) for GPIO_Init
    stm32f429i_discovery.o(i.sEE_LowLevel_DeInit) refers to misc.o(i.NVIC_Init) for NVIC_Init
    stm32f429i_discovery.o(i.sEE_LowLevel_DeInit) refers to stm32f4xx_dma.o(i.DMA_Cmd) for DMA_Cmd
    stm32f429i_discovery.o(i.sEE_LowLevel_DeInit) refers to stm32f4xx_dma.o(i.DMA_DeInit) for DMA_DeInit
    stm32f429i_discovery.o(i.sEE_LowLevel_DeInit) refers to stm32f429i_discovery.o(.data) for .data
    stm32f429i_discovery.o(i.sEE_LowLevel_Init) refers to stm32f4xx_rcc.o(i.RCC_APB1PeriphClockCmd) for RCC_APB1PeriphClockCmd
[...]
    stm32f429i_discovery_lcd.o(i.LCD_WriteCommand) refers to stm32f429i_discovery_lcd.o(i.LCD_CtrlLinesWrite) for LCD_CtrlLinesWrite
    stm32f429i_discovery_lcd.o(i.LCD_WriteCommand) refers to stm32f429i_discovery_lcd.o(i.LCD_ChipSelect) for LCD_ChipSelect
    stm32f429i_discovery_lcd.o(i.LCD_WriteCommand) refers to stm32f4xx_spi.o(i.SPI_I2S_SendData) for SPI_I2S_SendData
    stm32f429i_discovery_lcd.o(i.LCD_WriteCommand) refers to stm32f4xx_spi.o(i.SPI_I2S_GetFlagStatus) for SPI_I2S_GetFlagStatus
    stm32f429i_discovery_lcd.o(i.LCD_WriteData) refers to stm32f429i_discovery_lcd.o(i.LCD_CtrlLinesWrite) for LCD_CtrlLinesWrite
    stm32f429i_discovery_lcd.o(i.LCD_WriteData) refers to stm32f429i_discovery_lcd.o(i.LCD_ChipSelect) for LCD_ChipSelect
    stm32f429i_discovery_lcd.o(i.LCD_WriteData) refers to stm32f4xx_spi.o(i.SPI_I2S_SendData) for SPI_I2S_SendData
    stm32f429i_discovery_lcd.o(i.LCD_WriteData) refers to stm32f4xx_spi.o(i.SPI_I2S_GetFlagStatus) for SPI_I2S_GetFlagStatus
    stm32f429i_discovery_lcd.o(.data) refers to stm32f429i_discovery_lcd.o(.constdata) for ASCII16x24_Table
    stm32f429i_discovery_lcd.o(.data) refers to stm32f429i_discovery_lcd.o(.constdata) for ASCII12x12_Table
    stm32f429i_discovery_lcd.o(.data) refers to stm32f429i_discovery_lcd.o(.constdata) for ASCII8x12_Table
    stm32f429i_discovery_lcd.o(.data) refers to stm32f429i_discovery_lcd.o(.constdata) for ASCII8x8_Table
    stm32f429i_discovery_sdram.o(i.SDRAM_GPIOConfig) refers to stm32f4xx_rcc.o(i.RCC_AHB1PeriphClockCmd) for RCC_AHB1PeriphClockCmd
    stm32f429i_discovery_sdram.o(i.SDRAM_GPIOConfig) refers to stm32f4xx_gpio.o(i.GPIO_PinAFConfig) for GPIO_PinAFConfig
    stm32f429i_discovery_sdram.o(i.SDRAM_GPIOConfig) refers to stm32f4xx_gpio.o(i.GPIO_Init) for GPIO_Init
    stm32f429i_discovery_sdram.o(i.SDRAM_Init) refers to stm32f429i_discovery_sdram.o(i.SDRAM_GPIOConfig) for SDRAM_GPIOConfig
    stm32f429i_discovery_sdram.o(i.SDRAM_Init) refers to stm32f4xx_rcc.o(i.RCC_AHB3PeriphClockCmd) for RCC_AHB3PeriphClockCmd
    stm32f429i_discovery_sdram.o(i.SDRAM_Init) refers to stm32f4xx_fmc.o(i.FMC_SDRAMInit) for FMC_SDRAMInit
    stm32f429i_discovery_sdram.o(i.SDRAM_Init) refers to stm32f429i_discovery_sdram.o(i.SDRAM_InitSequence) for SDRAM_InitSequence
    stm32f429i_discovery_sdram.o(i.SDRAM_InitSequence) refers to stm32f4xx_fmc.o(i.FMC_GetFlagStatus) for FMC_GetFlagStatus
    stm32f429i_discovery_sdram.o(i.SDRAM_InitSequence) refers to stm32f4xx_fmc.o(i.FMC_SDRAMCmdConfig) for FMC_SDRAMCmdConfig
    stm32f429i_discovery_sdram.o(i.SDRAM_InitSequence) refers to stm32f4xx_fmc.o(i.FMC_SetRefreshCount) for FMC_SetRefreshCount
    stm32f429i_discovery_sdram.o(i.SDRAM_ReadBuffer) refers to stm32f4xx_fmc.o(i.FMC_GetFlagStatus) for FMC_GetFlagStatus
    stm32f429i_discovery_sdram.o(i.SDRAM_WriteBuffer) refers to stm32f4xx_fmc.o(i.FMC_SDRAMWriteProtectionConfig) for FMC_SDRAMWriteProtectionConfig
    stm32f429i_discovery_sdram.o(i.SDRAM_WriteBuffer) refers to stm32f4xx_fmc.o(i.FMC_GetFlagStatus) for FMC_GetFlagStatus
    stm32f4xx_adc.o(i.ADC_DeInit) refers to stm32f4xx_rcc.o(i.RCC_APB2PeriphResetCmd) for RCC_APB2PeriphResetCmd
    stm32f4xx_dma2d.o(i.DMA2D_DeInit) refers to stm32f4xx_rcc.o(i.RCC_AHB1PeriphResetCmd) for RCC_AHB1PeriphResetCmd
    stm32f4xx_gpio.o(i.GPIO_DeInit) refers to stm32f4xx_rcc.o(i.RCC_AHB1PeriphResetCmd) for RCC_AHB1PeriphResetCmd
    stm32f4xx_i2c.o(i.I2C_DeInit) refers to stm32f4xx_rcc.o(i.RCC_APB1PeriphResetCmd) for RCC_APB1PeriphResetCmd
    stm32f4xx_i2c.o(i.I2C_Init) refers to stm32f4xx_rcc.o(i.RCC_GetClocksFreq) for RCC_GetClocksFreq
    stm32f4xx_ltdc.o(i.LTDC_DeInit) refers to stm32f4xx_rcc.o(i.RCC_APB2PeriphResetCmd) for RCC_APB2PeriphResetCmd
    stm32f4xx_rcc.o(i.RCC_GetClocksFreq) refers to stm32f4xx_rcc.o(.data) for .data
    stm32f4xx_rcc.o(i.RCC_WaitForHSEStartUp) refers to stm32f4xx_rcc.o(i.RCC_GetFlagStatus) for RCC_GetFlagStatus
    stm32f4xx_spi.o(i.SPI_I2S_DeInit) refers to stm32f4xx_rcc.o(i.RCC_APB1PeriphResetCmd) for RCC_APB1PeriphResetCmd
    stm32f4xx_spi.o(i.SPI_I2S_DeInit) refers to stm32f4xx_rcc.o(i.RCC_APB2PeriphResetCmd) for RCC_APB2PeriphResetCmd
    stm32f4xx_syscfg.o(i.SYSCFG_DeInit) refers to stm32f4xx_rcc.o(i.RCC_APB2PeriphResetCmd) for RCC_APB2PeriphResetCmd
    main.o(i.TP_Config) refers to stm32f429i_discovery_lcd.o(i.LCD_Clear) for LCD_Clear
    main.o(i.TP_Config) refers to stm32f429i_discovery_ioe.o(i.IOE_Config) for IOE_Config
    main.o(i.TP_Config) refers to stm32f429i_discovery_lcd.o(i.LCD_SetTextColor) for LCD_SetTextColor
    main.o(i.TP_Config) refers to stm32f429i_discovery_lcd.o(i.LCD_GetFont) for LCD_GetFont
    main.o(i.TP_Config) refers to stm32f429i_discovery_lcd.o(i.LCD_DisplayStringLine) for LCD_DisplayStringLine
    main.o(i.TP_Config) refers to stm32f429i_discovery_lcd.o(i.LCD_SetFont) for LCD_SetFont
    main.o(i.TP_Config) refers to stm32f429i_discovery_lcd.o(i.LCD_DrawFullRect) for LCD_DrawFullRect
    main.o(i.TP_Config) refers to stm32f429i_discovery_lcd.o(i.LCD_DrawRect) for LCD_DrawRect
    main.o(i.TP_Config) refers to stm32f429i_discovery_lcd.o(i.LCD_DisplayChar) for LCD_DisplayChar
    main.o(i.TP_Config) refers to stm32f429i_discovery_lcd.o(i.LCD_DrawLine) for LCD_DrawLine
    main.o(i.TP_Config) refers to stm32f429i_discovery_lcd.o(.data) for Font8x8
    main.o(i.TP_Config) refers to stm32f429i_discovery_lcd.o(.data) for Font16x24
    main.o(i.main) refers to stm32f429i_discovery_lcd.o(i.LCD_Init) for LCD_Init
    main.o(i.main) refers to stm32f429i_discovery_lcd.o(i.LCD_LayerInit) for LCD_LayerInit
    main.o(i.main) refers to stm32f4xx_ltdc.o(i.LTDC_Cmd) for LTDC_Cmd
    main.o(i.main) refers to stm32f429i_discovery_lcd.o(i.LCD_SetLayer) for LCD_SetLayer
    main.o(i.main) refers to main.o(i.TP_Config) for TP_Config
    main.o(i.main) refers to stm32f429i_discovery_ioe.o(i.IOE_TP_GetState) for IOE_TP_GetState
    main.o(i.main) refers to stm32f429i_discovery_lcd.o(i.LCD_DrawFullCircle) for LCD_DrawFullCircle
    main.o(i.main) refers to stm32f429i_discovery_lcd.o(i.LCD_SetTextColor) for LCD_SetTextColor
    main.o(i.main) refers to stm32f429i_discovery_lcd.o(i.LCD_SetFont) for LCD_SetFont
    main.o(i.main) refers to stm32f429i_discovery_lcd.o(i.LCD_GetFont) for LCD_GetFont
    main.o(i.main) refers to stm32f429i_discovery_lcd.o(i.LCD_ClearLine) for LCD_ClearLine
    main.o(i.main) refers to main.o(.data) for .data
    main.o(i.main) refers to stm32f429i_discovery_lcd.o(.data) for Font8x8
    system_stm32f4xx.o(i.SystemCoreClockUpdate) refers to system_stm32f4xx.o(.data) for .data
    system_stm32f4xx.o(i.SystemInit) refers to system_stm32f4xx.o(i.SetSysClock) for SetSysClock
    entry.o(.ARM.Collect$$$$00000000) refers (Special) to entry10a.o(.ARM.Collect$$$$0000000D) for __rt_final_cpp
    entry.o(.ARM.Collect$$$$00000000) refers (Special) to entry11a.o(.ARM.Collect$$$$0000000F) for __rt_final_exit
    entry.o(.ARM.Collect$$$$00000000) refers (Special) to entry7b.o(.ARM.Collect$$$$00000008) for _main_clock
    entry.o(.ARM.Collect$$$$00000000) refers (Special) to entry8b.o(.ARM.Collect$$$$0000000A) for _main_cpp_init
    entry.o(.ARM.Collect$$$$00000000) refers (Special) to entry9a.o(.ARM.Collect$$$$0000000B) for _main_init
    entry.o(.ARM.Collect$$$$00000000) refers (Special) to entry5.o(.ARM.Collect$$$$00000004) for _main_scatterload
    entry.o(.ARM.Collect$$$$00000000) refers (Special) to entry2.o(.ARM.Collect$$$$00000001) for _main_stk
    entry2.o(.ARM.Collect$$$$00000001) refers to entry2.o(.ARM.Collect$$$$00002712) for __lit__00000000
    entry2.o(.ARM.Collect$$$$00002712) refers to startup_stm32f429_439xx.o(STACK) for __initial_sp
    entry2.o(__vectab_stack_and_reset_area) refers to startup_stm32f429_439xx.o(STACK) for __initial_sp
    entry2.o(__vectab_stack_and_reset_area) refers to entry.o(.ARM.Collect$$$$00000000) for __main
    entry5.o(.ARM.Collect$$$$00000004) refers to init.o(.text) for __scatterload
    entry9a.o(.ARM.Collect$$$$0000000B) refers to main.o(i.main) for main
    entry9b.o(.ARM.Collect$$$$0000000C) refers to main.o(i.main) for main
    init.o(.text) refers to entry5.o(.ARM.Collect$$$$00000004) for __main_after_scatterload


==============================================================================

Removing Unused input sections from the image.

    Removing startup_stm32f429_439xx.o(HEAP), (512 bytes).
    Removing stm32f429i_discovery.o(.rev16_text), (4 bytes).
    Removing stm32f429i_discovery.o(.revsh_text), (4 bytes).
    Removing stm32f429i_discovery.o(i.STM_EVAL_LEDInit), (72 bytes).
    Removing stm32f429i_discovery.o(i.STM_EVAL_LEDOff), (24 bytes).
    Removing stm32f429i_discovery.o(i.STM_EVAL_LEDOn), (24 bytes).
    Removing stm32f429i_discovery.o(i.STM_EVAL_LEDToggle), (28 bytes).
    Removing stm32f429i_discovery.o(i.STM_EVAL_PBGetState), (24 bytes).
    Removing stm32f429i_discovery.o(i.STM_EVAL_PBInit), (156 bytes).
    Removing stm32f429i_discovery.o(i.sEE_LowLevel_DMAConfig), (44 bytes).
    Removing stm32f429i_discovery.o(i.sEE_LowLevel_DeInit), (152 bytes).
    Removing stm32f429i_discovery.o(i.sEE_LowLevel_Init), (332 bytes).
    Removing stm32f429i_discovery.o(.bss), (60 bytes).
    Removing stm32f429i_discovery.o(.constdata), (24 bytes).
    Removing stm32f429i_discovery.o(.data), (16 bytes).
    Removing stm32f429i_discovery_ioe.o(.rev16_text), (4 bytes).
    Removing stm32f429i_discovery_ioe.o(.revsh_text), (4 bytes).
    Removing stm32f429i_discovery_ioe.o(i.I2C_DMA_ReadDataBuffer), (388 bytes).
    Removing stm32f429i_discovery_ioe.o(i.I2C_DMA_ReadDeviceRegister), (368 bytes).
    Removing stm32f429i_discovery_ioe.o(i.I2C_DMA_WriteDeviceRegister), (320 bytes).
    Removing stm32f429i_discovery_ioe.o(i.IOE_ClearGITPending), (14 bytes).
    Removing stm32f429i_discovery_ioe.o(i.IOE_DMA_Config), (112 bytes).
    Removing stm32f429i_discovery_ioe.o(i.IOE_GITCmd), (32 bytes).
    Removing stm32f429i_discovery_ioe.o(i.IOE_GITConfig), (32 bytes).
    Removing stm32f429i_discovery_ioe.o(i.IOE_GetGITStatus), (32 bytes).
    Removing stm32f429i_discovery_ioe.o(i.IOE_TPITConfig), (26 bytes).
    Removing stm32f429i_discovery_lcd.o(.rev16_text), (4 bytes).
    Removing stm32f429i_discovery_lcd.o(.revsh_text), (4 bytes).
    Removing stm32f429i_discovery_lcd.o(i.LCD_ClosedPolyLine), (34 bytes).
    Removing stm32f429i_discovery_lcd.o(i.LCD_ClosedPolyLineRelative), (6 bytes).
    Removing stm32f429i_discovery_lcd.o(i.LCD_DeInit), (540 bytes).
    Removing stm32f429i_discovery_lcd.o(i.LCD_DisplayOff), (6 bytes).
    Removing stm32f429i_discovery_lcd.o(i.LCD_DisplayOn), (6 bytes).
    Removing stm32f429i_discovery_lcd.o(i.LCD_DrawEllipse), (444 bytes).
    Removing stm32f429i_discovery_lcd.o(i.LCD_DrawFullEllipse), (402 bytes).
    Removing stm32f429i_discovery_lcd.o(i.LCD_DrawMonoPict), (60 bytes).
    Removing stm32f429i_discovery_lcd.o(i.LCD_DrawUniLine), (196 bytes).
    Removing stm32f429i_discovery_lcd.o(i.LCD_FillPolyLine), (276 bytes).
    Removing stm32f429i_discovery_lcd.o(i.LCD_FillTriangle), (188 bytes).
    Removing stm32f429i_discovery_lcd.o(i.LCD_GetColors), (16 bytes).
    Removing stm32f429i_discovery_lcd.o(i.LCD_PolyLine), (42 bytes).
    Removing stm32f429i_discovery_lcd.o(i.LCD_PolyLineRelative), (6 bytes).
    Removing stm32f429i_discovery_lcd.o(i.LCD_PolyLineRelativeClosed), (98 bytes).
    Removing stm32f429i_discovery_lcd.o(i.LCD_ReSetColorKeying), (44 bytes).
    Removing stm32f429i_discovery_lcd.o(i.LCD_SetBackColor), (12 bytes).
    Removing stm32f429i_discovery_lcd.o(i.LCD_SetColorKeying), (60 bytes).
    Removing stm32f429i_discovery_lcd.o(i.LCD_SetColors), (12 bytes).
    Removing stm32f429i_discovery_lcd.o(i.LCD_SetCursor), (24 bytes).
    Removing stm32f429i_discovery_lcd.o(i.LCD_SetDisplayWindow), (68 bytes).
    Removing stm32f429i_discovery_lcd.o(i.LCD_SetTransparency), (44 bytes).
    Removing stm32f429i_discovery_lcd.o(i.LCD_Triangle), (62 bytes).
    Removing stm32f429i_discovery_lcd.o(i.LCD_WindowModeDisable), (14 bytes).
    Removing stm32f429i_discovery_lcd.o(i.LCD_WriteBMP), (236 bytes).
    Removing stm32f429i_discovery_lcd.o(.constdata), (2304 bytes).
    Removing stm32f429i_discovery_lcd.o(.constdata), (2304 bytes).
    Removing stm32f429i_discovery_lcd.o(.data), (8 bytes).
    Removing stm32f429i_discovery_lcd.o(.data), (8 bytes).
    Removing stm32f429i_discovery_sdram.o(.rev16_text), (4 bytes).
    Removing stm32f429i_discovery_sdram.o(.revsh_text), (4 bytes).
    Removing stm32f429i_discovery_sdram.o(i.SDRAM_ReadBuffer), (46 bytes).
    Removing stm32f429i_discovery_sdram.o(i.SDRAM_WriteBuffer), (54 bytes).
    Removing misc.o(.rev16_text), (4 bytes).
    Removing misc.o(.revsh_text), (4 bytes).
    Removing misc.o(i.NVIC_Init), (100 bytes).
    Removing misc.o(i.NVIC_PriorityGroupConfig), (20 bytes).
    Removing misc.o(i.NVIC_SetVectorTable), (20 bytes).
    Removing misc.o(i.NVIC_SystemLPConfig), (24 bytes).
    Removing misc.o(i.SysTick_CLKSourceConfig), (24 bytes).
    Removing stm32f4xx_adc.o(.rev16_text), (4 bytes).
    Removing stm32f4xx_adc.o(.revsh_text), (4 bytes).
    Removing stm32f4xx_adc.o(i.ADC_AnalogWatchdogCmd), (16 bytes).
    Removing stm32f4xx_adc.o(i.ADC_AnalogWatchdogSingleChannelConfig), (12 bytes).
    Removing stm32f4xx_adc.o(i.ADC_AnalogWatchdogThresholdsConfig), (6 bytes).
    Removing stm32f4xx_adc.o(i.ADC_AutoInjectedConvCmd), (20 bytes).
    Removing stm32f4xx_adc.o(i.ADC_ClearFlag), (6 bytes).
    Removing stm32f4xx_adc.o(i.ADC_ClearITPendingBit), (8 bytes).
    Removing stm32f4xx_adc.o(i.ADC_Cmd), (20 bytes).
    Removing stm32f4xx_adc.o(i.ADC_CommonInit), (44 bytes).
    Removing stm32f4xx_adc.o(i.ADC_CommonStructInit), (12 bytes).
    Removing stm32f4xx_adc.o(i.ADC_ContinuousModeCmd), (20 bytes).
    Removing stm32f4xx_adc.o(i.ADC_DMACmd), (20 bytes).
    Removing stm32f4xx_adc.o(i.ADC_DMARequestAfterLastTransferCmd), (20 bytes).
    Removing stm32f4xx_adc.o(i.ADC_DeInit), (24 bytes).
    Removing stm32f4xx_adc.o(i.ADC_DiscModeChannelCountConfig), (16 bytes).
    Removing stm32f4xx_adc.o(i.ADC_DiscModeCmd), (20 bytes).
    Removing stm32f4xx_adc.o(i.ADC_EOCOnEachRegularChannelCmd), (20 bytes).
    Removing stm32f4xx_adc.o(i.ADC_ExternalTrigInjectedConvConfig), (12 bytes).
    Removing stm32f4xx_adc.o(i.ADC_ExternalTrigInjectedConvEdgeConfig), (12 bytes).
    Removing stm32f4xx_adc.o(i.ADC_GetConversionValue), (6 bytes).
    Removing stm32f4xx_adc.o(i.ADC_GetFlagStatus), (14 bytes).
    Removing stm32f4xx_adc.o(i.ADC_GetITStatus), (30 bytes).
    Removing stm32f4xx_adc.o(i.ADC_GetInjectedConversionValue), (14 bytes).
    Removing stm32f4xx_adc.o(i.ADC_GetMultiModeConversionValue), (12 bytes).
    Removing stm32f4xx_adc.o(i.ADC_GetSoftwareStartConvStatus), (14 bytes).
    Removing stm32f4xx_adc.o(i.ADC_GetSoftwareStartInjectedConvCmdStatus), (14 bytes).
    Removing stm32f4xx_adc.o(i.ADC_ITConfig), (18 bytes).
    Removing stm32f4xx_adc.o(i.ADC_Init), (76 bytes).
    Removing stm32f4xx_adc.o(i.ADC_InjectedChannelConfig), (74 bytes).
    Removing stm32f4xx_adc.o(i.ADC_InjectedDiscModeCmd), (20 bytes).
    Removing stm32f4xx_adc.o(i.ADC_InjectedSequencerLengthConfig), (16 bytes).
    Removing stm32f4xx_adc.o(i.ADC_MultiModeDMARequestAfterLastTransferCmd), (32 bytes).
    Removing stm32f4xx_adc.o(i.ADC_RegularChannelConfig), (116 bytes).
    Removing stm32f4xx_adc.o(i.ADC_SetInjectedOffset), (10 bytes).
    Removing stm32f4xx_adc.o(i.ADC_SoftwareStartConv), (10 bytes).
    Removing stm32f4xx_adc.o(i.ADC_SoftwareStartInjectedConv), (10 bytes).
    Removing stm32f4xx_adc.o(i.ADC_StructInit), (20 bytes).
    Removing stm32f4xx_adc.o(i.ADC_TempSensorVrefintCmd), (32 bytes).
    Removing stm32f4xx_adc.o(i.ADC_VBATCmd), (32 bytes).
    Removing stm32f4xx_dma.o(.rev16_text), (4 bytes).
    Removing stm32f4xx_dma.o(.revsh_text), (4 bytes).
    Removing stm32f4xx_dma.o(i.DMA_ClearFlag), (44 bytes).
    Removing stm32f4xx_dma.o(i.DMA_ClearITPendingBit), (44 bytes).
    Removing stm32f4xx_dma.o(i.DMA_Cmd), (20 bytes).
    Removing stm32f4xx_dma.o(i.DMA_DeInit), (292 bytes).
    Removing stm32f4xx_dma.o(i.DMA_DoubleBufferModeCmd), (20 bytes).
    Removing stm32f4xx_dma.o(i.DMA_DoubleBufferModeConfig), (22 bytes).
    Removing stm32f4xx_dma.o(i.DMA_FlowControllerConfig), (20 bytes).
    Removing stm32f4xx_dma.o(i.DMA_GetCmdStatus), (14 bytes).
    Removing stm32f4xx_dma.o(i.DMA_GetCurrDataCounter), (6 bytes).
    Removing stm32f4xx_dma.o(i.DMA_GetCurrentMemoryTarget), (14 bytes).
    Removing stm32f4xx_dma.o(i.DMA_GetFIFOStatus), (8 bytes).
    Removing stm32f4xx_dma.o(i.DMA_GetFlagStatus), (52 bytes).
    Removing stm32f4xx_dma.o(i.DMA_GetITStatus), (84 bytes).
    Removing stm32f4xx_dma.o(i.DMA_ITConfig), (44 bytes).
    Removing stm32f4xx_dma.o(i.DMA_Init), (84 bytes).
    Removing stm32f4xx_dma.o(i.DMA_MemoryTargetConfig), (10 bytes).
    Removing stm32f4xx_dma.o(i.DMA_PeriphIncOffsetSizeConfig), (20 bytes).
    Removing stm32f4xx_dma.o(i.DMA_SetCurrDataCounter), (4 bytes).
    Removing stm32f4xx_dma.o(i.DMA_StructInit), (34 bytes).
    Removing stm32f4xx_dma2d.o(.rev16_text), (4 bytes).
    Removing stm32f4xx_dma2d.o(.revsh_text), (4 bytes).
    Removing stm32f4xx_dma2d.o(i.DMA2D_AbortTransfer), (16 bytes).
    Removing stm32f4xx_dma2d.o(i.DMA2D_BGConfig), (108 bytes).
    Removing stm32f4xx_dma2d.o(i.DMA2D_BGStart), (28 bytes).
    Removing stm32f4xx_dma2d.o(i.DMA2D_BG_StructInit), (26 bytes).
    Removing stm32f4xx_dma2d.o(i.DMA2D_ClearFlag), (12 bytes).
    Removing stm32f4xx_dma2d.o(i.DMA2D_ClearITPendingBit), (12 bytes).
    Removing stm32f4xx_dma2d.o(i.DMA2D_DeadTimeConfig), (44 bytes).
    Removing stm32f4xx_dma2d.o(i.DMA2D_FGConfig), (108 bytes).
    Removing stm32f4xx_dma2d.o(i.DMA2D_FGStart), (28 bytes).
    Removing stm32f4xx_dma2d.o(i.DMA2D_FG_StructInit), (26 bytes).
    Removing stm32f4xx_dma2d.o(i.DMA2D_GetITStatus), (36 bytes).
    Removing stm32f4xx_dma2d.o(i.DMA2D_ITConfig), (24 bytes).
    Removing stm32f4xx_dma2d.o(i.DMA2D_LineWatermarkConfig), (12 bytes).
    Removing stm32f4xx_dma2d.o(i.DMA2D_StructInit), (24 bytes).
    Removing stm32f4xx_dma2d.o(i.DMA2D_Suspend), (28 bytes).
    Removing stm32f4xx_exti.o(.rev16_text), (4 bytes).
    Removing stm32f4xx_exti.o(.revsh_text), (4 bytes).
    Removing stm32f4xx_exti.o(i.EXTI_ClearFlag), (12 bytes).
    Removing stm32f4xx_exti.o(i.EXTI_ClearITPendingBit), (12 bytes).
    Removing stm32f4xx_exti.o(i.EXTI_DeInit), (36 bytes).
    Removing stm32f4xx_exti.o(i.EXTI_GenerateSWInterrupt), (16 bytes).
    Removing stm32f4xx_exti.o(i.EXTI_GetFlagStatus), (20 bytes).
    Removing stm32f4xx_exti.o(i.EXTI_GetITStatus), (20 bytes).
    Removing stm32f4xx_exti.o(i.EXTI_Init), (112 bytes).
    Removing stm32f4xx_exti.o(i.EXTI_StructInit), (14 bytes).
    Removing stm32f4xx_fmc.o(.rev16_text), (4 bytes).
    Removing stm32f4xx_fmc.o(.revsh_text), (4 bytes).
    Removing stm32f4xx_fmc.o(i.FMC_ClearFlag), (56 bytes).
    Removing stm32f4xx_fmc.o(i.FMC_ClearITPendingBit), (62 bytes).
    Removing stm32f4xx_fmc.o(i.FMC_GetECC), (18 bytes).
    Removing stm32f4xx_fmc.o(i.FMC_GetITStatus), (82 bytes).
    Removing stm32f4xx_fmc.o(i.FMC_GetModeStatus), (26 bytes).
    Removing stm32f4xx_fmc.o(i.FMC_ITConfig), (102 bytes).
    Removing stm32f4xx_fmc.o(i.FMC_NANDCmd), (56 bytes).
    Removing stm32f4xx_fmc.o(i.FMC_NANDDeInit), (40 bytes).
    Removing stm32f4xx_fmc.o(i.FMC_NANDECCCmd), (56 bytes).
    Removing stm32f4xx_fmc.o(i.FMC_NANDInit), (104 bytes).
    Removing stm32f4xx_fmc.o(i.FMC_NANDStructInit), (54 bytes).
    Removing stm32f4xx_fmc.o(i.FMC_NORSRAMCmd), (32 bytes).
    Removing stm32f4xx_fmc.o(i.FMC_NORSRAMDeInit), (40 bytes).
    Removing stm32f4xx_fmc.o(i.FMC_NORSRAMInit), (260 bytes).
    Removing stm32f4xx_fmc.o(i.FMC_NORSRAMStructInit), (102 bytes).
    Removing stm32f4xx_fmc.o(i.FMC_PCCARDCmd), (32 bytes).
    Removing stm32f4xx_fmc.o(i.FMC_PCCARDDeInit), (26 bytes).
    Removing stm32f4xx_fmc.o(i.FMC_PCCARDInit), (102 bytes).
    Removing stm32f4xx_fmc.o(i.FMC_PCCARDStructInit), (60 bytes).
    Removing stm32f4xx_fmc.o(i.FMC_SDRAMDeInit), (42 bytes).
    Removing stm32f4xx_fmc.o(i.FMC_SDRAMStructInit), (60 bytes).
    Removing stm32f4xx_fmc.o(i.FMC_SDRAMWriteProtectionConfig), (32 bytes).
    Removing stm32f4xx_fmc.o(i.FMC_SetAutoRefresh_Number), (18 bytes).
    Removing stm32f4xx_gpio.o(.rev16_text), (4 bytes).
    Removing stm32f4xx_gpio.o(.revsh_text), (4 bytes).
    Removing stm32f4xx_gpio.o(i.GPIO_DeInit), (260 bytes).
    Removing stm32f4xx_gpio.o(i.GPIO_PinLockConfig), (24 bytes).
    Removing stm32f4xx_gpio.o(i.GPIO_ReadInputData), (6 bytes).
    Removing stm32f4xx_gpio.o(i.GPIO_ReadInputDataBit), (14 bytes).
    Removing stm32f4xx_gpio.o(i.GPIO_ReadOutputData), (6 bytes).
    Removing stm32f4xx_gpio.o(i.GPIO_ReadOutputDataBit), (14 bytes).
    Removing stm32f4xx_gpio.o(i.GPIO_StructInit), (18 bytes).
    Removing stm32f4xx_gpio.o(i.GPIO_ToggleBits), (8 bytes).
    Removing stm32f4xx_gpio.o(i.GPIO_Write), (4 bytes).
    Removing stm32f4xx_i2c.o(.rev16_text), (4 bytes).
    Removing stm32f4xx_i2c.o(.revsh_text), (4 bytes).
    Removing stm32f4xx_i2c.o(i.I2C_ARPCmd), (20 bytes).
    Removing stm32f4xx_i2c.o(i.I2C_AnalogFilterCmd), (20 bytes).
    Removing stm32f4xx_i2c.o(i.I2C_CalculatePEC), (20 bytes).
    Removing stm32f4xx_i2c.o(i.I2C_CheckEvent), (24 bytes).
    Removing stm32f4xx_i2c.o(i.I2C_ClearFlag), (6 bytes).
    Removing stm32f4xx_i2c.o(i.I2C_ClearITPendingBit), (6 bytes).
    Removing stm32f4xx_i2c.o(i.I2C_DMACmd), (20 bytes).
    Removing stm32f4xx_i2c.o(i.I2C_DMALastTransferCmd), (20 bytes).
    Removing stm32f4xx_i2c.o(i.I2C_DigitalFilterConfig), (16 bytes).
    Removing stm32f4xx_i2c.o(i.I2C_DualAddressCmd), (20 bytes).
    Removing stm32f4xx_i2c.o(i.I2C_FastModeDutyCycleConfig), (22 bytes).
    Removing stm32f4xx_i2c.o(i.I2C_GeneralCallCmd), (20 bytes).
    Removing stm32f4xx_i2c.o(i.I2C_GetITStatus), (36 bytes).
    Removing stm32f4xx_i2c.o(i.I2C_GetLastEvent), (14 bytes).
    Removing stm32f4xx_i2c.o(i.I2C_GetPEC), (6 bytes).
    Removing stm32f4xx_i2c.o(i.I2C_ITConfig), (16 bytes).
    Removing stm32f4xx_i2c.o(i.I2C_OwnAddress2Config), (16 bytes).
    Removing stm32f4xx_i2c.o(i.I2C_PECPositionConfig), (22 bytes).
    Removing stm32f4xx_i2c.o(i.I2C_ReadRegister), (10 bytes).
    Removing stm32f4xx_i2c.o(i.I2C_SMBusAlertConfig), (22 bytes).
    Removing stm32f4xx_i2c.o(i.I2C_StretchClockCmd), (20 bytes).
    Removing stm32f4xx_i2c.o(i.I2C_StructInit), (28 bytes).
    Removing stm32f4xx_i2c.o(i.I2C_TransmitPEC), (20 bytes).
    Removing stm32f4xx_ltdc.o(.rev16_text), (4 bytes).
    Removing stm32f4xx_ltdc.o(.revsh_text), (4 bytes).
    Removing stm32f4xx_ltdc.o(i.LTDC_CLUTCmd), (32 bytes).
    Removing stm32f4xx_ltdc.o(i.LTDC_CLUTInit), (26 bytes).
    Removing stm32f4xx_ltdc.o(i.LTDC_CLUTStructInit), (12 bytes).
    Removing stm32f4xx_ltdc.o(i.LTDC_ClearFlag), (12 bytes).
    Removing stm32f4xx_ltdc.o(i.LTDC_ClearITPendingBit), (12 bytes).
    Removing stm32f4xx_ltdc.o(i.LTDC_ColorKeyingConfig), (64 bytes).
    Removing stm32f4xx_ltdc.o(i.LTDC_ColorKeyingStructInit), (10 bytes).
    Removing stm32f4xx_ltdc.o(i.LTDC_DeInit), (24 bytes).
    Removing stm32f4xx_ltdc.o(i.LTDC_GetCDStatus), (20 bytes).
    Removing stm32f4xx_ltdc.o(i.LTDC_GetFlagStatus), (20 bytes).
    Removing stm32f4xx_ltdc.o(i.LTDC_GetITStatus), (36 bytes).
    Removing stm32f4xx_ltdc.o(i.LTDC_GetPosStatus), (28 bytes).
    Removing stm32f4xx_ltdc.o(i.LTDC_GetRGBWidth), (44 bytes).
    Removing stm32f4xx_ltdc.o(i.LTDC_ITConfig), (24 bytes).
    Removing stm32f4xx_ltdc.o(i.LTDC_LIPConfig), (12 bytes).
    Removing stm32f4xx_ltdc.o(i.LTDC_LayerAddress), (4 bytes).
    Removing stm32f4xx_ltdc.o(i.LTDC_LayerAlpha), (4 bytes).
    Removing stm32f4xx_ltdc.o(i.LTDC_LayerPixelFormat), (96 bytes).
    Removing stm32f4xx_ltdc.o(i.LTDC_LayerPosition), (116 bytes).
    Removing stm32f4xx_ltdc.o(i.LTDC_LayerSize), (86 bytes).
    Removing stm32f4xx_ltdc.o(i.LTDC_LayerStructInit), (44 bytes).
    Removing stm32f4xx_ltdc.o(i.LTDC_PosStructInit), (8 bytes).
    Removing stm32f4xx_ltdc.o(i.LTDC_RGBStructInit), (10 bytes).
    Removing stm32f4xx_ltdc.o(i.LTDC_StructInit), (34 bytes).
    Removing stm32f4xx_rcc.o(.rev16_text), (4 bytes).
    Removing stm32f4xx_rcc.o(.revsh_text), (4 bytes).
    Removing stm32f4xx_rcc.o(i.RCC_AHB1PeriphClockLPModeCmd), (24 bytes).
    Removing stm32f4xx_rcc.o(i.RCC_AHB2PeriphClockCmd), (24 bytes).
    Removing stm32f4xx_rcc.o(i.RCC_AHB2PeriphClockLPModeCmd), (24 bytes).
    Removing stm32f4xx_rcc.o(i.RCC_AHB2PeriphResetCmd), (24 bytes).
    Removing stm32f4xx_rcc.o(i.RCC_AHB3PeriphClockLPModeCmd), (24 bytes).
    Removing stm32f4xx_rcc.o(i.RCC_AHB3PeriphResetCmd), (24 bytes).
    Removing stm32f4xx_rcc.o(i.RCC_APB1PeriphClockLPModeCmd), (24 bytes).
    Removing stm32f4xx_rcc.o(i.RCC_APB2PeriphClockLPModeCmd), (24 bytes).
    Removing stm32f4xx_rcc.o(i.RCC_AdjustHSICalibrationValue), (20 bytes).
    Removing stm32f4xx_rcc.o(i.RCC_BackupResetCmd), (12 bytes).
    Removing stm32f4xx_rcc.o(i.RCC_ClearFlag), (16 bytes).
    Removing stm32f4xx_rcc.o(i.RCC_ClearITPendingBit), (12 bytes).
    Removing stm32f4xx_rcc.o(i.RCC_ClockSecuritySystemCmd), (12 bytes).
    Removing stm32f4xx_rcc.o(i.RCC_DeInit), (84 bytes).
    Removing stm32f4xx_rcc.o(i.RCC_GetITStatus), (20 bytes).
    Removing stm32f4xx_rcc.o(i.RCC_GetSYSCLKSource), (16 bytes).
    Removing stm32f4xx_rcc.o(i.RCC_HCLKConfig), (20 bytes).
    Removing stm32f4xx_rcc.o(i.RCC_HSEConfig), (16 bytes).
    Removing stm32f4xx_rcc.o(i.RCC_HSICmd), (12 bytes).
    Removing stm32f4xx_rcc.o(i.RCC_I2SCLKConfig), (12 bytes).
    Removing stm32f4xx_rcc.o(i.RCC_ITConfig), (24 bytes).
    Removing stm32f4xx_rcc.o(i.RCC_LSEConfig), (28 bytes).
    Removing stm32f4xx_rcc.o(i.RCC_LSICmd), (12 bytes).
    Removing stm32f4xx_rcc.o(i.RCC_MCO1Config), (20 bytes).
    Removing stm32f4xx_rcc.o(i.RCC_MCO2Config), (20 bytes).
    Removing stm32f4xx_rcc.o(i.RCC_PCLK1Config), (20 bytes).
    Removing stm32f4xx_rcc.o(i.RCC_PCLK2Config), (20 bytes).
    Removing stm32f4xx_rcc.o(i.RCC_PLLCmd), (12 bytes).
    Removing stm32f4xx_rcc.o(i.RCC_PLLConfig), (40 bytes).
    Removing stm32f4xx_rcc.o(i.RCC_PLLI2SCmd), (12 bytes).
    Removing stm32f4xx_rcc.o(i.RCC_PLLI2SConfig), (20 bytes).
    Removing stm32f4xx_rcc.o(i.RCC_RTCCLKCmd), (12 bytes).
    Removing stm32f4xx_rcc.o(i.RCC_RTCCLKConfig), (48 bytes).
    Removing stm32f4xx_rcc.o(i.RCC_SAIBlockACLKConfig), (20 bytes).
    Removing stm32f4xx_rcc.o(i.RCC_SAIBlockBCLKConfig), (20 bytes).
    Removing stm32f4xx_rcc.o(i.RCC_SAIPLLI2SClkDivConfig), (20 bytes).
    Removing stm32f4xx_rcc.o(i.RCC_SAIPLLSAIClkDivConfig), (28 bytes).
    Removing stm32f4xx_rcc.o(i.RCC_SYSCLKConfig), (20 bytes).
    Removing stm32f4xx_rcc.o(i.RCC_TIMCLKPresConfig), (12 bytes).
    Removing stm32f4xx_rcc.o(i.RCC_WaitForHSEStartUp), (44 bytes).
    Removing stm32f4xx_spi.o(.rev16_text), (4 bytes).
    Removing stm32f4xx_spi.o(.revsh_text), (4 bytes).
    Removing stm32f4xx_spi.o(i.I2S_Cmd), (20 bytes).
    Removing stm32f4xx_spi.o(i.I2S_FullDuplexConfig), (58 bytes).
    Removing stm32f4xx_spi.o(i.I2S_Init), (200 bytes).
    Removing stm32f4xx_spi.o(i.I2S_StructInit), (18 bytes).
    Removing stm32f4xx_spi.o(i.SPI_BiDirectionalLineConfig), (22 bytes).
    Removing stm32f4xx_spi.o(i.SPI_CalculateCRC), (20 bytes).
    Removing stm32f4xx_spi.o(i.SPI_DataSizeConfig), (16 bytes).
    Removing stm32f4xx_spi.o(i.SPI_GetCRC), (12 bytes).
    Removing stm32f4xx_spi.o(i.SPI_GetCRCPolynomial), (4 bytes).
    Removing stm32f4xx_spi.o(i.SPI_I2S_ClearFlag), (6 bytes).
    Removing stm32f4xx_spi.o(i.SPI_I2S_ClearITPendingBit), (14 bytes).
    Removing stm32f4xx_spi.o(i.SPI_I2S_DMACmd), (16 bytes).
    Removing stm32f4xx_spi.o(i.SPI_I2S_GetITStatus), (42 bytes).
    Removing stm32f4xx_spi.o(i.SPI_I2S_ITConfig), (24 bytes).
    Removing stm32f4xx_spi.o(i.SPI_I2S_ReceiveData), (4 bytes).
    Removing stm32f4xx_spi.o(i.SPI_NSSInternalSoftwareConfig), (24 bytes).
    Removing stm32f4xx_spi.o(i.SPI_SSOutputCmd), (20 bytes).
    Removing stm32f4xx_spi.o(i.SPI_StructInit), (24 bytes).
    Removing stm32f4xx_spi.o(i.SPI_TIModeCmd), (20 bytes).
    Removing stm32f4xx_spi.o(i.SPI_TransmitCRC), (10 bytes).
    Removing stm32f4xx_syscfg.o(.rev16_text), (4 bytes).
    Removing stm32f4xx_syscfg.o(.revsh_text), (4 bytes).
    Removing stm32f4xx_syscfg.o(i.SYSCFG_CompensationCellCmd), (12 bytes).
    Removing stm32f4xx_syscfg.o(i.SYSCFG_DeInit), (24 bytes).
    Removing stm32f4xx_syscfg.o(i.SYSCFG_ETH_MediaInterfaceConfig), (12 bytes).
    Removing stm32f4xx_syscfg.o(i.SYSCFG_EXTILineConfig), (48 bytes).
    Removing stm32f4xx_syscfg.o(i.SYSCFG_GetCompensationCellStatus), (20 bytes).
    Removing stm32f4xx_syscfg.o(i.SYSCFG_MemoryRemapConfig), (12 bytes).
    Removing stm32f4xx_syscfg.o(i.SYSCFG_MemorySwappingBank), (12 bytes).
    Removing main.o(.rev16_text), (4 bytes).
    Removing main.o(.revsh_text), (4 bytes).
    Removing stm32f4xx_it.o(.rev16_text), (4 bytes).
    Removing stm32f4xx_it.o(.revsh_text), (4 bytes).
    Removing system_stm32f4xx.o(.rev16_text), (4 bytes).
    Removing system_stm32f4xx.o(.revsh_text), (4 bytes).
    Removing system_stm32f4xx.o(i.SystemCoreClockUpdate), (120 bytes).
    Removing system_stm32f4xx.o(.data), (20 bytes).

324 unused section(s) (total 18008 bytes) removed from the image.

==============================================================================

Image Symbol Table

    Local Symbols

    Symbol Name                              Value     Ov Type        Size  Object(Section)

    ../clib/microlib/init/entry.s            0x00000000   Number         0  entry11b.o ABSOLUTE
    ../clib/microlib/init/entry.s            0x00000000   Number         0  entry7b.o ABSOLUTE
    ../clib/microlib/init/entry.s            0x00000000   Number         0  entry8b.o ABSOLUTE
    ../clib/microlib/init/entry.s            0x00000000   Number         0  entry8a.o ABSOLUTE
    ../clib/microlib/init/entry.s            0x00000000   Number         0  entry2.o ABSOLUTE
    ../clib/microlib/init/entry.s            0x00000000   Number         0  entry5.o ABSOLUTE
    ../clib/microlib/init/entry.s            0x00000000   Number         0  entry7a.o ABSOLUTE
    ../clib/microlib/init/entry.s            0x00000000   Number         0  entry11a.o ABSOLUTE
    ../clib/microlib/init/entry.s            0x00000000   Number         0  entry10b.o ABSOLUTE
    ../clib/microlib/init/entry.s            0x00000000   Number         0  entry10a.o ABSOLUTE
    ../clib/microlib/init/entry.s            0x00000000   Number         0  entry9b.o ABSOLUTE
    ../clib/microlib/init/entry.s            0x00000000   Number         0  entry.o ABSOLUTE
    ../clib/microlib/init/entry.s            0x00000000   Number         0  entry9a.o ABSOLUTE
    ..\..\..\..\Libraries\CMSIS\Device\ST\STM32F4xx\Source\Templates\arm\startup_stm32f429_439xx.s 0x00000000   Number         0  startup_stm32f429_439xx.o ABSOLUTE
    ..\..\..\..\Libraries\STM32F4xx_StdPeriph_Driver\src\misc.c 0x00000000   Number         0  misc.o ABSOLUTE
    ..\..\..\..\Libraries\STM32F4xx_StdPeriph_Driver\src\stm32f4xx_adc.c 0x00000000   Number         0  stm32f4xx_adc.o ABSOLUTE
    ..\..\..\..\Libraries\STM32F4xx_StdPeriph_Driver\src\stm32f4xx_dma.c 0x00000000   Number         0  stm32f4xx_dma.o ABSOLUTE
    ..\..\..\..\Libraries\STM32F4xx_StdPeriph_Driver\src\stm32f4xx_dma2d.c 0x00000000   Number         0  stm32f4xx_dma2d.o ABSOLUTE
    ..\..\..\..\Libraries\STM32F4xx_StdPeriph_Driver\src\stm32f4xx_exti.c 0x00000000   Number         0  stm32f4xx_exti.o ABSOLUTE
    ..\..\..\..\Libraries\STM32F4xx_StdPeriph_Driver\src\stm32f4xx_fmc.c 0x00000000   Number         0  stm32f4xx_fmc.o ABSOLUTE
    ..\..\..\..\Libraries\STM32F4xx_StdPeriph_Driver\src\stm32f4xx_gpio.c 0x00000000   Number         0  stm32f4xx_gpio.o ABSOLUTE
    ..\..\..\..\Libraries\STM32F4xx_StdPeriph_Driver\src\stm32f4xx_i2c.c 0x00000000   Number         0  stm32f4xx_i2c.o ABSOLUTE
    ..\..\..\..\Libraries\STM32F4xx_StdPeriph_Driver\src\stm32f4xx_ltdc.c 0x00000000   Number         0  stm32f4xx_ltdc.o ABSOLUTE
    ..\..\..\..\Libraries\STM32F4xx_StdPeriph_Driver\src\stm32f4xx_rcc.c 0x00000000   Number         0  stm32f4xx_rcc.o ABSOLUTE
    ..\..\..\..\Libraries\STM32F4xx_StdPeriph_Driver\src\stm32f4xx_spi.c 0x00000000   Number         0  stm32f4xx_spi.o ABSOLUTE
    ..\..\..\..\Libraries\STM32F4xx_StdPeriph_Driver\src\stm32f4xx_syscfg.c 0x00000000   Number         0  stm32f4xx_syscfg.o ABSOLUTE
    ..\..\..\..\Utilities\STM32F429i-Discovery\stm32f429i_discovery.c 0x00000000   Number         0  stm32f429i_discovery.o ABSOLUTE
    ..\..\..\..\Utilities\STM32F429i-Discovery\stm32f429i_discovery_ioe.c 0x00000000   Number         0  stm32f429i_discovery_ioe.o ABSOLUTE
    ..\..\..\..\Utilities\STM32F429i-Discovery\stm32f429i_discovery_lcd.c 0x00000000   Number         0  stm32f429i_discovery_lcd.o ABSOLUTE
    ..\..\..\..\Utilities\STM32F429i-Discovery\stm32f429i_discovery_sdram.c 0x00000000   Number         0  stm32f429i_discovery_sdram.o ABSOLUTE
    ..\\..\\..\\..\\Libraries\\STM32F4xx_StdPeriph_Driver\\src\\misc.c 0x00000000   Number         0  misc.o ABSOLUTE
    ..\\..\\..\\..\\Libraries\\STM32F4xx_StdPeriph_Driver\\src\\stm32f4xx_adc.c 0x00000000   Number         0  stm32f4xx_adc.o ABSOLUTE
    ..\\..\\..\\..\\Libraries\\STM32F4xx_StdPeriph_Driver\\src\\stm32f4xx_dma.c 0x00000000   Number         0  stm32f4xx_dma.o ABSOLUTE
    ..\\..\\..\\..\\Libraries\\STM32F4xx_StdPeriph_Driver\\src\\stm32f4xx_dma2d.c 0x00000000   Number         0  stm32f4xx_dma2d.o ABSOLUTE
    ..\\..\\..\\..\\Libraries\\STM32F4xx_StdPeriph_Driver\\src\\stm32f4xx_exti.c 0x00000000   Number         0  stm32f4xx_exti.o ABSOLUTE
    ..\\..\\..\\..\\Libraries\\STM32F4xx_StdPeriph_Driver\\src\\stm32f4xx_fmc.c 0x00000000   Number         0  stm32f4xx_fmc.o ABSOLUTE
    ..\\..\\..\\..\\Libraries\\STM32F4xx_StdPeriph_Driver\\src\\stm32f4xx_gpio.c 0x00000000   Number         0  stm32f4xx_gpio.o ABSOLUTE
    ..\\..\\..\\..\\Libraries\\STM32F4xx_StdPeriph_Driver\\src\\stm32f4xx_i2c.c 0x00000000   Number         0  stm32f4xx_i2c.o ABSOLUTE
    ..\\..\\..\\..\\Libraries\\STM32F4xx_StdPeriph_Driver\\src\\stm32f4xx_ltdc.c 0x00000000   Number         0  stm32f4xx_ltdc.o ABSOLUTE
    ..\\..\\..\\..\\Libraries\\STM32F4xx_StdPeriph_Driver\\src\\stm32f4xx_rcc.c 0x00000000   Number         0  stm32f4xx_rcc.o ABSOLUTE
    ..\\..\\..\\..\\Libraries\\STM32F4xx_StdPeriph_Driver\\src\\stm32f4xx_spi.c 0x00000000   Number         0  stm32f4xx_spi.o ABSOLUTE
    ..\\..\\..\\..\\Libraries\\STM32F4xx_StdPeriph_Driver\\src\\stm32f4xx_syscfg.c 0x00000000   Number         0  stm32f4xx_syscfg.o ABSOLUTE
    ..\\..\\..\\..\\Utilities\\STM32F429i-Discovery\\stm32f429i_discovery.c 0x00000000   Number         0  stm32f429i_discovery.o ABSOLUTE
    ..\\..\\..\\..\\Utilities\\STM32F429i-Discovery\\stm32f429i_discovery_ioe.c 0x00000000   Number         0  stm32f429i_discovery_ioe.o ABSOLUTE
    ..\\..\\..\\..\\Utilities\\STM32F429i-Discovery\\stm32f429i_discovery_lcd.c 0x00000000   Number         0  stm32f429i_discovery_lcd.o ABSOLUTE
    ..\\..\\..\\..\\Utilities\\STM32F429i-Discovery\\stm32f429i_discovery_sdram.c 0x00000000   Number         0  stm32f429i_discovery_sdram.o ABSOLUTE
    ..\\main.c                               0x00000000   Number         0  main.o ABSOLUTE
    ..\\stm32f4xx_it.c                       0x00000000   Number         0  stm32f4xx_it.o ABSOLUTE
    ..\\system_stm32f4xx.c                   0x00000000   Number         0  system_stm32f4xx.o ABSOLUTE
    ..\main.c                                0x00000000   Number         0  main.o ABSOLUTE
    ..\stm32f4xx_it.c                        0x00000000   Number         0  stm32f4xx_it.o ABSOLUTE
    ..\system_stm32f4xx.c                    0x00000000   Number         0  system_stm32f4xx.o ABSOLUTE
    dc.s                                     0x00000000   Number         0  dc.o ABSOLUTE
    handlers.s                               0x00000000   Number         0  handlers.o ABSOLUTE
    init.s                                   0x00000000   Number         0  init.o ABSOLUTE
    RESET                                    0x08000000   Section      428  startup_stm32f429_439xx.o(RESET)
    .ARM.Collect$$$$00000000                 0x080001ac   Section        0  entry.o(.ARM.Collect$$$$00000000)
    .ARM.Collect$$$$00000001                 0x080001ac   Section        4  entry2.o(.ARM.Collect$$$$00000001)
    .ARM.Collect$$$$00000004                 0x080001b0   Section        4  entry5.o(.ARM.Collect$$$$00000004)
    .ARM.Collect$$$$00000008                 0x080001b4   Section        0  entry7b.o(.ARM.Collect$$$$00000008)
    .ARM.Collect$$$$0000000A                 0x080001b4   Section        0  entry8b.o(.ARM.Collect$$$$0000000A)
    .ARM.Collect$$$$0000000B                 0x080001b4   Section        8  entry9a.o(.ARM.Collect$$$$0000000B)
    .ARM.Collect$$$$0000000D                 0x080001bc   Section        0  entry10a.o(.ARM.Collect$$$$0000000D)
    .ARM.Collect$$$$0000000F                 0x080001bc   Section        0  entry11a.o(.ARM.Collect$$$$0000000F)
    .ARM.Collect$$$$00002712                 0x080001bc   Section        4  entry2.o(.ARM.Collect$$$$00002712)
    __lit__00000000                          0x080001bc   Data           4  entry2.o(.ARM.Collect$$$$00002712)
    .text                                    0x080001c0   Section       36  startup_stm32f429_439xx.o(.text)
    $v0                                      0x080001c0   Number         0  startup_stm32f429_439xx.o(.text)
    .text                                    0x080001e4   Section       36  init.o(.text)
    i.BusFault_Handler                       0x08000208   Section        0  stm32f4xx_it.o(i.BusFault_Handler)
    i.DMA2D_DeInit                           0x0800020a   Section        0  stm32f4xx_dma2d.o(i.DMA2D_DeInit)
    i.DMA2D_GetFlagStatus                    0x08000224   Section        0  stm32f4xx_dma2d.o(i.DMA2D_GetFlagStatus)
    i.DMA2D_Init                             0x08000238   Section        0  stm32f4xx_dma2d.o(i.DMA2D_Init)
    i.DMA2D_StartTransfer                    0x080002ec   Section        0  stm32f4xx_dma2d.o(i.DMA2D_StartTransfer)
    i.DebugMon_Handler                       0x080002fc   Section        0  stm32f4xx_it.o(i.DebugMon_Handler)
    i.FMC_GetFlagStatus                      0x080002fe   Section        0  stm32f4xx_fmc.o(i.FMC_GetFlagStatus)
    i.FMC_SDRAMCmdConfig                     0x08000334   Section        0  stm32f4xx_fmc.o(i.FMC_SDRAMCmdConfig)
    i.FMC_SDRAMInit                          0x08000358   Section        0  stm32f4xx_fmc.o(i.FMC_SDRAMInit)
    i.FMC_SetRefreshCount                    0x08000434   Section        0  stm32f4xx_fmc.o(i.FMC_SetRefreshCount)
    i.GPIO_Init                              0x08000446   Section        0  stm32f4xx_gpio.o(i.GPIO_Init)
    i.GPIO_PinAFConfig                       0x080004e8   Section        0  stm32f4xx_gpio.o(i.GPIO_PinAFConfig)
    i.GPIO_ResetBits                         0x08000508   Section        0  stm32f4xx_gpio.o(i.GPIO_ResetBits)
    i.GPIO_SetBits                           0x0800050c   Section        0  stm32f4xx_gpio.o(i.GPIO_SetBits)
    i.GPIO_WriteBit                          0x08000510   Section        0  stm32f4xx_gpio.o(i.GPIO_WriteBit)
    i.HardFault_Handler                      0x0800051a   Section        0  stm32f4xx_it.o(i.HardFault_Handler)
    i.I2C_AcknowledgeConfig                  0x0800051c   Section        0  stm32f4xx_i2c.o(i.I2C_AcknowledgeConfig)
    i.I2C_Cmd                                0x08000530   Section        0  stm32f4xx_i2c.o(i.I2C_Cmd)
    i.I2C_DeInit                             0x08000544   Section        0  stm32f4xx_i2c.o(i.I2C_DeInit)
    i.I2C_GenerateSTART                      0x08000588   Section        0  stm32f4xx_i2c.o(i.I2C_GenerateSTART)
    i.I2C_GenerateSTOP                       0x0800059c   Section        0  stm32f4xx_i2c.o(i.I2C_GenerateSTOP)
    i.I2C_GetFlagStatus                      0x080005b0   Section        0  stm32f4xx_i2c.o(i.I2C_GetFlagStatus)
    i.I2C_Init                               0x080005dc   Section        0  stm32f4xx_i2c.o(i.I2C_Init)
    i.I2C_NACKPositionConfig                 0x08000694   Section        0  stm32f4xx_i2c.o(i.I2C_NACKPositionConfig)
    i.I2C_ReadDataBuffer                     0x080006ac   Section        0  stm32f429i_discovery_ioe.o(i.I2C_ReadDataBuffer)
    i.I2C_ReadDeviceRegister                 0x0800082c   Section        0  stm32f429i_discovery_ioe.o(i.I2C_ReadDeviceRegister)
    i.I2C_ReceiveData                        0x080009a0   Section        0  stm32f4xx_i2c.o(i.I2C_ReceiveData)
    i.I2C_Send7bitAddress                    0x080009a6   Section        0  stm32f4xx_i2c.o(i.I2C_Send7bitAddress)
    i.I2C_SendData                           0x080009b6   Section        0  stm32f4xx_i2c.o(i.I2C_SendData)
    i.I2C_SoftwareResetCmd                   0x080009ba   Section        0  stm32f4xx_i2c.o(i.I2C_SoftwareResetCmd)
    i.I2C_WriteDeviceRegister                0x080009d0   Section        0  stm32f429i_discovery_ioe.o(i.I2C_WriteDeviceRegister)
    i.IOE_Config                             0x08000ae0   Section        0  stm32f429i_discovery_ioe.o(i.IOE_Config)
    i.IOE_FnctCmd                            0x08000b48   Section        0  stm32f429i_discovery_ioe.o(i.IOE_FnctCmd)
    i.IOE_GPIO_Config                        0x08000b68   Section        0  stm32f429i_discovery_ioe.o(i.IOE_GPIO_Config)
    IOE_GPIO_Config                          0x08000b69   Thumb Code   118  stm32f429i_discovery_ioe.o(i.IOE_GPIO_Config)
    i.IOE_IOAFConfig                         0x08000be8   Section        0  stm32f429i_discovery_ioe.o(i.IOE_IOAFConfig)
    i.IOE_IsOperational                      0x08000c08   Section        0  stm32f429i_discovery_ioe.o(i.IOE_IsOperational)
    i.IOE_ReadID                             0x08000c30   Section        0  stm32f429i_discovery_ioe.o(i.IOE_ReadID)
    i.IOE_Reset                              0x08000c4a   Section        0  stm32f429i_discovery_ioe.o(i.IOE_Reset)
    i.IOE_TP_Config                          0x08000c68   Section        0  stm32f429i_discovery_ioe.o(i.IOE_TP_Config)
    i.IOE_TP_GetState                        0x08000ce4   Section        0  stm32f429i_discovery_ioe.o(i.IOE_TP_GetState)
    i.IOE_TimeoutUserCallback                0x08000d98   Section        0  stm32f429i_discovery_ioe.o(i.IOE_TimeoutUserCallback)
    i.LCD_AF_GPIOConfig                      0x08000e00   Section        0  stm32f429i_discovery_lcd.o(i.LCD_AF_GPIOConfig)
    LCD_AF_GPIOConfig                        0x08000e01   Thumb Code   344  stm32f429i_discovery_lcd.o(i.LCD_AF_GPIOConfig)
    i.LCD_ChipSelect                         0x08000f70   Section        0  stm32f429i_discovery_lcd.o(i.LCD_ChipSelect)
    i.LCD_Clear                              0x08000f88   Section        0  stm32f429i_discovery_lcd.o(i.LCD_Clear)
    i.LCD_ClearLine                          0x08000fa4   Section        0  stm32f429i_discovery_lcd.o(i.LCD_ClearLine)
    i.LCD_CtrlLinesConfig                    0x08000fd8   Section        0  stm32f429i_discovery_lcd.o(i.LCD_CtrlLinesConfig)
    i.LCD_CtrlLinesWrite                     0x08001028   Section        0  stm32f429i_discovery_lcd.o(i.LCD_CtrlLinesWrite)
    i.LCD_DisplayChar                        0x0800102c   Section        0  stm32f429i_discovery_lcd.o(i.LCD_DisplayChar)
    i.LCD_DisplayStringLine                  0x0800104c   Section        0  stm32f429i_discovery_lcd.o(i.LCD_DisplayStringLine)
    i.LCD_DrawChar                           0x08001088   Section        0  stm32f429i_discovery_lcd.o(i.LCD_DrawChar)
    i.LCD_DrawCircle                         0x08001114   Section        0  stm32f429i_discovery_lcd.o(i.LCD_DrawCircle)
    i.LCD_DrawFullCircle                     0x0800118c   Section        0  stm32f429i_discovery_lcd.o(i.LCD_DrawFullCircle)
    i.LCD_DrawFullRect                       0x08001224   Section        0  stm32f429i_discovery_lcd.o(i.LCD_DrawFullRect)
    i.LCD_DrawLine                           0x0800128c   Section        0  stm32f429i_discovery_lcd.o(i.LCD_DrawLine)
    i.LCD_DrawRect                           0x08001308   Section        0  stm32f429i_discovery_lcd.o(i.LCD_DrawRect)
    i.LCD_GetFont                            0x08001348   Section        0  stm32f429i_discovery_lcd.o(i.LCD_GetFont)
    i.LCD_Init                               0x08001354   Section        0  stm32f429i_discovery_lcd.o(i.LCD_Init)
    i.LCD_LayerInit                          0x080013ec   Section        0  stm32f429i_discovery_lcd.o(i.LCD_LayerInit)
    i.LCD_PowerOn                            0x08001494   Section        0  stm32f429i_discovery_lcd.o(i.LCD_PowerOn)
    i.LCD_SPIConfig                          0x08001724   Section        0  stm32f429i_discovery_lcd.o(i.LCD_SPIConfig)
    i.LCD_SetFont                            0x080017e8   Section        0  stm32f429i_discovery_lcd.o(i.LCD_SetFont)
    i.LCD_SetLayer                           0x080017f4   Section        0  stm32f429i_discovery_lcd.o(i.LCD_SetLayer)
    i.LCD_SetTextColor                       0x08001814   Section        0  stm32f429i_discovery_lcd.o(i.LCD_SetTextColor)
    i.LCD_WriteCommand                       0x08001820   Section        0  stm32f429i_discovery_lcd.o(i.LCD_WriteCommand)
    i.LCD_WriteData                          0x0800186c   Section        0  stm32f429i_discovery_lcd.o(i.LCD_WriteData)
    i.LTDC_Cmd                               0x080018b4   Section        0  stm32f4xx_ltdc.o(i.LTDC_Cmd)
    i.LTDC_DitherCmd                         0x080018d0   Section        0  stm32f4xx_ltdc.o(i.LTDC_DitherCmd)
    i.LTDC_Init                              0x080018ec   Section        0  stm32f4xx_ltdc.o(i.LTDC_Init)
    i.LTDC_LayerCmd                          0x08001994   Section        0  stm32f4xx_ltdc.o(i.LTDC_LayerCmd)
    i.LTDC_LayerInit                         0x080019a8   Section        0  stm32f4xx_ltdc.o(i.LTDC_LayerInit)
    i.LTDC_ReloadConfig                      0x08001a40   Section        0  stm32f4xx_ltdc.o(i.LTDC_ReloadConfig)
    i.MemManage_Handler                      0x08001a4c   Section        0  stm32f4xx_it.o(i.MemManage_Handler)
    i.NMI_Handler                            0x08001a4e   Section        0  stm32f4xx_it.o(i.NMI_Handler)
    i.PendSV_Handler                         0x08001a50   Section        0  stm32f4xx_it.o(i.PendSV_Handler)
    i.RCC_AHB1PeriphClockCmd                 0x08001a54   Section        0  stm32f4xx_rcc.o(i.RCC_AHB1PeriphClockCmd)
    i.RCC_AHB1PeriphResetCmd                 0x08001a6c   Section        0  stm32f4xx_rcc.o(i.RCC_AHB1PeriphResetCmd)
    i.RCC_AHB3PeriphClockCmd                 0x08001a84   Section        0  stm32f4xx_rcc.o(i.RCC_AHB3PeriphClockCmd)
    i.RCC_APB1PeriphClockCmd                 0x08001a9c   Section        0  stm32f4xx_rcc.o(i.RCC_APB1PeriphClockCmd)
    i.RCC_APB1PeriphResetCmd                 0x08001ab4   Section        0  stm32f4xx_rcc.o(i.RCC_APB1PeriphResetCmd)
    i.RCC_APB2PeriphClockCmd                 0x08001acc   Section        0  stm32f4xx_rcc.o(i.RCC_APB2PeriphClockCmd)
    i.RCC_APB2PeriphResetCmd                 0x08001ae4   Section        0  stm32f4xx_rcc.o(i.RCC_APB2PeriphResetCmd)
    i.RCC_GetClocksFreq                      0x08001afc   Section        0  stm32f4xx_rcc.o(i.RCC_GetClocksFreq)
    i.RCC_GetFlagStatus                      0x08001b8c   Section        0  stm32f4xx_rcc.o(i.RCC_GetFlagStatus)
    i.RCC_LTDCCLKDivConfig                   0x08001bc0   Section        0  stm32f4xx_rcc.o(i.RCC_LTDCCLKDivConfig)
    i.RCC_PLLSAICmd                          0x08001bd4   Section        0  stm32f4xx_rcc.o(i.RCC_PLLSAICmd)
    i.RCC_PLLSAIConfig                       0x08001be0   Section        0  stm32f4xx_rcc.o(i.RCC_PLLSAIConfig)
    i.SDRAM_GPIOConfig                       0x08001bf4   Section        0  stm32f429i_discovery_sdram.o(i.SDRAM_GPIOConfig)
    i.SDRAM_Init                             0x08001e04   Section        0  stm32f429i_discovery_sdram.o(i.SDRAM_Init)
    i.SDRAM_InitSequence                     0x08001e60   Section        0  stm32f429i_discovery_sdram.o(i.SDRAM_InitSequence)
    i.SPI_Cmd                                0x08001f14   Section        0  stm32f4xx_spi.o(i.SPI_Cmd)
    i.SPI_I2S_DeInit                         0x08001f28   Section        0  stm32f4xx_spi.o(i.SPI_I2S_DeInit)
    i.SPI_I2S_GetFlagStatus                  0x08001fac   Section        0  stm32f4xx_spi.o(i.SPI_I2S_GetFlagStatus)
    i.SPI_I2S_SendData                       0x08001fba   Section        0  stm32f4xx_spi.o(i.SPI_I2S_SendData)
    i.SPI_Init                               0x08001fbe   Section        0  stm32f4xx_spi.o(i.SPI_Init)
    i.SVC_Handler                            0x08001ff6   Section        0  stm32f4xx_it.o(i.SVC_Handler)
    i.SetSysClock                            0x08001ff8   Section        0  system_stm32f4xx.o(i.SetSysClock)
    SetSysClock                              0x08001ff9   Thumb Code   192  system_stm32f4xx.o(i.SetSysClock)
    i.SysTick_Handler                        0x080020c8   Section        0  stm32f4xx_it.o(i.SysTick_Handler)
    i.SystemInit                             0x080020cc   Section        0  system_stm32f4xx.o(i.SystemInit)
    i.TP_Config                              0x08002128   Section        0  main.o(i.TP_Config)
    TP_Config                                0x08002129   Thumb Code   438  main.o(i.TP_Config)
    i.UsageFault_Handler                     0x08002374   Section        0  stm32f4xx_it.o(i.UsageFault_Handler)
    i.__scatterload_copy                     0x08002376   Section       14  handlers.o(i.__scatterload_copy)
    i.__scatterload_null                     0x08002384   Section        2  handlers.o(i.__scatterload_null)
    i.__scatterload_zeroinit                 0x08002386   Section       14  handlers.o(i.__scatterload_zeroinit)
    i.delay                                  0x08002394   Section        0  stm32f429i_discovery_ioe.o(i.delay)
    delay                                    0x08002395   Thumb Code    22  stm32f429i_discovery_ioe.o(i.delay)
    i.delay                                  0x080023b0   Section        0  stm32f429i_discovery_lcd.o(i.delay)
    delay                                    0x080023b1   Thumb Code    18  stm32f429i_discovery_lcd.o(i.delay)
    i.main                                   0x080023c4   Section        0  main.o(i.main)
    .constdata                               0x080024c8   Section     4560  stm32f429i_discovery_lcd.o(.constdata)
    .constdata                               0x08003698   Section     1536  stm32f429i_discovery_lcd.o(.constdata)
    .data                                    0x20000000   Section       20  stm32f429i_discovery_ioe.o(.data)
    _x                                       0x20000004   Data           4  stm32f429i_discovery_ioe.o(.data)
    _y                                       0x20000008   Data           4  stm32f429i_discovery_ioe.o(.data)
    .data                                    0x20000014   Section       24  stm32f429i_discovery_lcd.o(.data)
    CurrentTextColor                         0x20000014   Data           2  stm32f429i_discovery_lcd.o(.data)
    CurrentBackColor                         0x20000016   Data           2  stm32f429i_discovery_lcd.o(.data)
    CurrentFrameBuffer                       0x20000018   Data           4  stm32f429i_discovery_lcd.o(.data)
    CurrentLayer                             0x2000001c   Data           4  stm32f429i_discovery_lcd.o(.data)
    LCD_Currentfonts                         0x20000020   Data           4  stm32f429i_discovery_lcd.o(.data)
    .data                                    0x2000002c   Section        8  stm32f429i_discovery_lcd.o(.data)
    .data                                    0x20000034   Section       16  stm32f4xx_rcc.o(.data)
    APBAHBPrescTable                         0x20000034   Data          16  stm32f4xx_rcc.o(.data)
    .data                                    0x20000044   Section        4  main.o(.data)
    TP_State                                 0x20000044   Data           4  main.o(.data)
    STACK                                    0x20000048   Section     1024  startup_stm32f429_439xx.o(STACK)

    Global Symbols

    Symbol Name                              Value     Ov Type        Size  Object(Section)

    BuildAttributes$$THM_ISAv4$E$P$D$K$B$S$7EM$VFPi3$EXTD16$VFPS$VFMA$PE$A:L22UL41UL21$X:L11$S22US41US21$IEEE1$IW$USESV6$~STKCKD$USESV7$~SHL$OSPACE$EBA8$MICROLIB$REQ8$PRES8$EABIv2 0x00000000   Number         0  anon$$obj.o ABSOLUTE
    __ARM_use_no_argv                        0x00000000   Number         0  main.o ABSOLUTE
    __cpp_initialize__aeabi_                  - Undefined Weak Reference
    __cxa_finalize                            - Undefined Weak Reference
    __decompress                              - Undefined Weak Reference
    _clock_init                               - Undefined Weak Reference
    _microlib_exit                            - Undefined Weak Reference
    __Vectors_Size                           0x000001ac   Number         0  startup_stm32f429_439xx.o ABSOLUTE
    __Vectors                                0x08000000   Data           4  startup_stm32f429_439xx.o(RESET)
    __Vectors_End                            0x080001ac   Data           0  startup_stm32f429_439xx.o(RESET)
    __main                                   0x080001ad   Thumb Code     0  entry.o(.ARM.Collect$$$$00000000)
    _main_stk                                0x080001ad   Thumb Code     0  entry2.o(.ARM.Collect$$$$00000001)
    _main_scatterload                        0x080001b1   Thumb Code     0  entry5.o(.ARM.Collect$$$$00000004)
    __main_after_scatterload                 0x080001b5   Thumb Code     0  entry5.o(.ARM.Collect$$$$00000004)
    _main_clock                              0x080001b5   Thumb Code     0  entry7b.o(.ARM.Collect$$$$00000008)
    _main_cpp_init                           0x080001b5   Thumb Code     0  entry8b.o(.ARM.Collect$$$$0000000A)
    _main_init                               0x080001b5   Thumb Code     0  entry9a.o(.ARM.Collect$$$$0000000B)
    __rt_final_cpp                           0x080001bd   Thumb Code     0  entry10a.o(.ARM.Collect$$$$0000000D)
    __rt_final_exit                          0x080001bd   Thumb Code     0  entry11a.o(.ARM.Collect$$$$0000000F)
    Reset_Handler                            0x080001c1   Thumb Code     8  startup_stm32f429_439xx.o(.text)
    ADC_IRQHandler                           0x080001db   Thumb Code     0  startup_stm32f429_439xx.o(.text)
    CAN1_RX0_IRQHandler                      0x080001db   Thumb Code     0  startup_stm32f429_439xx.o(.text)
    CAN1_RX1_IRQHandler                      0x080001db   Thumb Code     0  startup_stm32f429_439xx.o(.text)
    CAN1_SCE_IRQHandler                      0x080001db   Thumb Code     0  startup_stm32f429_439xx.o(.text)
    CAN1_TX_IRQHandler                       0x080001db   Thumb Code     0  startup_stm32f429_439xx.o(.text)
    CAN2_RX0_IRQHandler                      0x080001db   Thumb Code     0  startup_stm32f429_439xx.o(.text)
    CAN2_RX1_IRQHandler                      0x080001db   Thumb Code     0  startup_stm32f429_439xx.o(.text)
    CAN2_SCE_IRQHandler                      0x080001db   Thumb Code     0  startup_stm32f429_439xx.o(.text)
    CAN2_TX_IRQHandler                       0x080001db   Thumb Code     0  startup_stm32f429_439xx.o(.text)
    CRYP_IRQHandler                          0x080001db   Thumb Code     0  startup_stm32f429_439xx.o(.text)
    DCMI_IRQHandler                          0x080001db   Thumb Code     0  startup_stm32f429_439xx.o(.text)
    DMA1_Stream0_IRQHandler                  0x080001db   Thumb Code     0  startup_stm32f429_439xx.o(.text)
    DMA1_Stream1_IRQHandler                  0x080001db   Thumb Code     0  startup_stm32f429_439xx.o(.text)
    DMA1_Stream2_IRQHandler                  0x080001db   Thumb Code     0  startup_stm32f429_439xx.o(.text)
    DMA1_Stream3_IRQHandler                  0x080001db   Thumb Code     0  startup_stm32f429_439xx.o(.text)
    DMA1_Stream4_IRQHandler                  0x080001db   Thumb Code     0  startup_stm32f429_439xx.o(.text)
    DMA1_Stream5_IRQHandler                  0x080001db   Thumb Code     0  startup_stm32f429_439xx.o(.text)
    DMA1_Stream6_IRQHandler                  0x080001db   Thumb Code     0  startup_stm32f429_439xx.o(.text)
    DMA1_Stream7_IRQHandler                  0x080001db   Thumb Code     0  startup_stm32f429_439xx.o(.text)
    DMA2D_IRQHandler                         0x080001db   Thumb Code     0  startup_stm32f429_439xx.o(.text)
    DMA2_Stream0_IRQHandler                  0x080001db   Thumb Code     0  startup_stm32f429_439xx.o(.text)
    DMA2_Stream1_IRQHandler                  0x080001db   Thumb Code     0  startup_stm32f429_439xx.o(.text)
    DMA2_Stream2_IRQHandler                  0x080001db   Thumb Code     0  startup_stm32f429_439xx.o(.text)
    DMA2_Stream3_IRQHandler                  0x080001db   Thumb Code     0  startup_stm32f429_439xx.o(.text)
    DMA2_Stream4_IRQHandler                  0x080001db   Thumb Code     0  startup_stm32f429_439xx.o(.text)
    DMA2_Stream5_IRQHandler                  0x080001db   Thumb Code     0  startup_stm32f429_439xx.o(.text)
    DMA2_Stream6_IRQHandler                  0x080001db   Thumb Code     0  startup_stm32f429_439xx.o(.text)
    DMA2_Stream7_IRQHandler                  0x080001db   Thumb Code     0  startup_stm32f429_439xx.o(.text)
    ETH_IRQHandler                           0x080001db   Thumb Code     0  startup_stm32f429_439xx.o(.text)
    ETH_WKUP_IRQHandler                      0x080001db   Thumb Code     0  startup_stm32f429_439xx.o(.text)
    EXTI0_IRQHandler                         0x080001db   Thumb Code     0  startup_stm32f429_439xx.o(.text)
    EXTI15_10_IRQHandler                     0x080001db   Thumb Code     0  startup_stm32f429_439xx.o(.text)
    EXTI1_IRQHandler                         0x080001db   Thumb Code     0  startup_stm32f429_439xx.o(.text)
    EXTI2_IRQHandler                         0x080001db   Thumb Code     0  startup_stm32f429_439xx.o(.text)
    EXTI3_IRQHandler                         0x080001db   Thumb Code     0  startup_stm32f429_439xx.o(.text)
    EXTI4_IRQHandler                         0x080001db   Thumb Code     0  startup_stm32f429_439xx.o(.text)
    EXTI9_5_IRQHandler                       0x080001db   Thumb Code     0  startup_stm32f429_439xx.o(.text)
    FLASH_IRQHandler                         0x080001db   Thumb Code     0  startup_stm32f429_439xx.o(.text)
    FMC_IRQHandler                           0x080001db   Thumb Code     0  startup_stm32f429_439xx.o(.text)
    FPU_IRQHandler                           0x080001db   Thumb Code     0  startup_stm32f429_439xx.o(.text)
    HASH_RNG_IRQHandler                      0x080001db   Thumb Code     0  startup_stm32f429_439xx.o(.text)
    I2C1_ER_IRQHandler                       0x080001db   Thumb Code     0  startup_stm32f429_439xx.o(.text)
    I2C1_EV_IRQHandler                       0x080001db   Thumb Code     0  startup_stm32f429_439xx.o(.text)
    I2C2_ER_IRQHandler                       0x080001db   Thumb Code     0  startup_stm32f429_439xx.o(.text)
    I2C2_EV_IRQHandler                       0x080001db   Thumb Code     0  startup_stm32f429_439xx.o(.text)
    I2C3_ER_IRQHandler                       0x080001db   Thumb Code     0  startup_stm32f429_439xx.o(.text)
    I2C3_EV_IRQHandler                       0x080001db   Thumb Code     0  startup_stm32f429_439xx.o(.text)
    LTDC_ER_IRQHandler                       0x080001db   Thumb Code     0  startup_stm32f429_439xx.o(.text)
    LTDC_IRQHandler                          0x080001db   Thumb Code     0  startup_stm32f429_439xx.o(.text)
    OTG_FS_IRQHandler                        0x080001db   Thumb Code     0  startup_stm32f429_439xx.o(.text)
    OTG_FS_WKUP_IRQHandler                   0x080001db   Thumb Code     0  startup_stm32f429_439xx.o(.text)
    OTG_HS_EP1_IN_IRQHandler                 0x080001db   Thumb Code     0  startup_stm32f429_439xx.o(.text)
    OTG_HS_EP1_OUT_IRQHandler                0x080001db   Thumb Code     0  startup_stm32f429_439xx.o(.text)
    OTG_HS_IRQHandler                        0x080001db   Thumb Code     0  startup_stm32f429_439xx.o(.text)
    OTG_HS_WKUP_IRQHandler                   0x080001db   Thumb Code     0  startup_stm32f429_439xx.o(.text)
    PVD_IRQHandler                           0x080001db   Thumb Code     0  startup_stm32f429_439xx.o(.text)
    RCC_IRQHandler                           0x080001db   Thumb Code     0  startup_stm32f429_439xx.o(.text)
    RTC_Alarm_IRQHandler                     0x080001db   Thumb Code     0  startup_stm32f429_439xx.o(.text)
    RTC_WKUP_IRQHandler                      0x080001db   Thumb Code     0  startup_stm32f429_439xx.o(.text)
    SAI1_IRQHandler                          0x080001db   Thumb Code     0  startup_stm32f429_439xx.o(.text)
    SDIO_IRQHandler                          0x080001db   Thumb Code     0  startup_stm32f429_439xx.o(.text)
    SPI1_IRQHandler                          0x080001db   Thumb Code     0  startup_stm32f429_439xx.o(.text)
    SPI2_IRQHandler                          0x080001db   Thumb Code     0  startup_stm32f429_439xx.o(.text)
    SPI3_IRQHandler                          0x080001db   Thumb Code     0  startup_stm32f429_439xx.o(.text)
    SPI4_IRQHandler                          0x080001db   Thumb Code     0  startup_stm32f429_439xx.o(.text)
    SPI5_IRQHandler                          0x080001db   Thumb Code     0  startup_stm32f429_439xx.o(.text)
    SPI6_IRQHandler                          0x080001db   Thumb Code     0  startup_stm32f429_439xx.o(.text)
    TAMP_STAMP_IRQHandler                    0x080001db   Thumb Code     0  startup_stm32f429_439xx.o(.text)
    TIM1_BRK_TIM9_IRQHandler                 0x080001db   Thumb Code     0  startup_stm32f429_439xx.o(.text)
    TIM1_CC_IRQHandler                       0x080001db   Thumb Code     0  startup_stm32f429_439xx.o(.text)
    TIM1_TRG_COM_TIM11_IRQHandler            0x080001db   Thumb Code     0  startup_stm32f429_439xx.o(.text)
    TIM1_UP_TIM10_IRQHandler                 0x080001db   Thumb Code     0  startup_stm32f429_439xx.o(.text)
    TIM2_IRQHandler                          0x080001db   Thumb Code     0  startup_stm32f429_439xx.o(.text)
    TIM3_IRQHandler                          0x080001db   Thumb Code     0  startup_stm32f429_439xx.o(.text)
    TIM4_IRQHandler                          0x080001db   Thumb Code     0  startup_stm32f429_439xx.o(.text)
    TIM5_IRQHandler                          0x080001db   Thumb Code     0  startup_stm32f429_439xx.o(.text)
    TIM6_DAC_IRQHandler                      0x080001db   Thumb Code     0  startup_stm32f429_439xx.o(.text)
    TIM7_IRQHandler                          0x080001db   Thumb Code     0  startup_stm32f429_439xx.o(.text)
    TIM8_BRK_TIM12_IRQHandler                0x080001db   Thumb Code     0  startup_stm32f429_439xx.o(.text)
    TIM8_CC_IRQHandler                       0x080001db   Thumb Code     0  startup_stm32f429_439xx.o(.text)
    TIM8_TRG_COM_TIM14_IRQHandler            0x080001db   Thumb Code     0  startup_stm32f429_439xx.o(.text)
    TIM8_UP_TIM13_IRQHandler                 0x080001db   Thumb Code     0  startup_stm32f429_439xx.o(.text)
    UART4_IRQHandler                         0x080001db   Thumb Code     0  startup_stm32f429_439xx.o(.text)
    UART5_IRQHandler                         0x080001db   Thumb Code     0  startup_stm32f429_439xx.o(.text)
    UART7_IRQHandler                         0x080001db   Thumb Code     0  startup_stm32f429_439xx.o(.text)
    UART8_IRQHandler                         0x080001db   Thumb Code     0  startup_stm32f429_439xx.o(.text)
    USART1_IRQHandler                        0x080001db   Thumb Code     0  startup_stm32f429_439xx.o(.text)
    USART2_IRQHandler                        0x080001db   Thumb Code     0  startup_stm32f429_439xx.o(.text)
    USART3_IRQHandler                        0x080001db   Thumb Code     0  startup_stm32f429_439xx.o(.text)
    USART6_IRQHandler                        0x080001db   Thumb Code     0  startup_stm32f429_439xx.o(.text)
    WWDG_IRQHandler                          0x080001db   Thumb Code     0  startup_stm32f429_439xx.o(.text)
    __scatterload                            0x080001e5   Thumb Code    28  init.o(.text)
    __scatterload_rt2                        0x080001e5   Thumb Code     0  init.o(.text)
    BusFault_Handler                         0x08000209   Thumb Code     2  stm32f4xx_it.o(i.BusFault_Handler)
    DMA2D_DeInit                             0x0800020b   Thumb Code    24  stm32f4xx_dma2d.o(i.DMA2D_DeInit)
    DMA2D_GetFlagStatus                      0x08000225   Thumb Code    16  stm32f4xx_dma2d.o(i.DMA2D_GetFlagStatus)
    DMA2D_Init                               0x08000239   Thumb Code   170  stm32f4xx_dma2d.o(i.DMA2D_Init)
    DMA2D_StartTransfer                      0x080002ed   Thumb Code    12  stm32f4xx_dma2d.o(i.DMA2D_StartTransfer)
    DebugMon_Handler                         0x080002fd   Thumb Code     2  stm32f4xx_it.o(i.DebugMon_Handler)
    FMC_GetFlagStatus                        0x080002ff   Thumb Code    54  stm32f4xx_fmc.o(i.FMC_GetFlagStatus)
    FMC_SDRAMCmdConfig                       0x08000335   Thumb Code    34  stm32f4xx_fmc.o(i.FMC_SDRAMCmdConfig)
    FMC_SDRAMInit                            0x08000359   Thumb Code   214  stm32f4xx_fmc.o(i.FMC_SDRAMInit)
    FMC_SetRefreshCount                      0x08000435   Thumb Code    18  stm32f4xx_fmc.o(i.FMC_SetRefreshCount)
    GPIO_Init                                0x08000447   Thumb Code   162  stm32f4xx_gpio.o(i.GPIO_Init)
    GPIO_PinAFConfig                         0x080004e9   Thumb Code    32  stm32f4xx_gpio.o(i.GPIO_PinAFConfig)
    GPIO_ResetBits                           0x08000509   Thumb Code     4  stm32f4xx_gpio.o(i.GPIO_ResetBits)
    GPIO_SetBits                             0x0800050d   Thumb Code     4  stm32f4xx_gpio.o(i.GPIO_SetBits)
    GPIO_WriteBit                            0x08000511   Thumb Code    10  stm32f4xx_gpio.o(i.GPIO_WriteBit)
    HardFault_Handler                        0x0800051b   Thumb Code     2  stm32f4xx_it.o(i.HardFault_Handler)
    I2C_AcknowledgeConfig                    0x0800051d   Thumb Code    20  stm32f4xx_i2c.o(i.I2C_AcknowledgeConfig)
    I2C_Cmd                                  0x08000531   Thumb Code    20  stm32f4xx_i2c.o(i.I2C_Cmd)
    I2C_DeInit                               0x08000545   Thumb Code    56  stm32f4xx_i2c.o(i.I2C_DeInit)
    I2C_GenerateSTART                        0x08000589   Thumb Code    20  stm32f4xx_i2c.o(i.I2C_GenerateSTART)
    I2C_GenerateSTOP                         0x0800059d   Thumb Code    20  stm32f4xx_i2c.o(i.I2C_GenerateSTOP)
    I2C_GetFlagStatus                        0x080005b1   Thumb Code    42  stm32f4xx_i2c.o(i.I2C_GetFlagStatus)
    I2C_Init                                 0x080005dd   Thumb Code   174  stm32f4xx_i2c.o(i.I2C_Init)
    I2C_NACKPositionConfig                   0x08000695   Thumb Code    22  stm32f4xx_i2c.o(i.I2C_NACKPositionConfig)
    I2C_ReadDataBuffer                       0x080006ad   Thumb Code   370  stm32f429i_discovery_ioe.o(i.I2C_ReadDataBuffer)
    I2C_ReadDeviceRegister                   0x0800082d   Thumb Code   358  stm32f429i_discovery_ioe.o(i.I2C_ReadDeviceRegister)
    I2C_ReceiveData                          0x080009a1   Thumb Code     6  stm32f4xx_i2c.o(i.I2C_ReceiveData)
    I2C_Send7bitAddress                      0x080009a7   Thumb Code    16  stm32f4xx_i2c.o(i.I2C_Send7bitAddress)
    I2C_SendData                             0x080009b7   Thumb Code     4  stm32f4xx_i2c.o(i.I2C_SendData)
    I2C_SoftwareResetCmd                     0x080009bb   Thumb Code    20  stm32f4xx_i2c.o(i.I2C_SoftwareResetCmd)
    I2C_WriteDeviceRegister                  0x080009d1   Thumb Code   258  stm32f429i_discovery_ioe.o(i.I2C_WriteDeviceRegister)
    IOE_Config                               0x08000ae1   Thumb Code    94  stm32f429i_discovery_ioe.o(i.IOE_Config)
    IOE_FnctCmd                              0x08000b49   Thumb Code    32  stm32f429i_discovery_ioe.o(i.IOE_FnctCmd)
    IOE_IOAFConfig                           0x08000be9   Thumb Code    32  stm32f429i_discovery_ioe.o(i.IOE_IOAFConfig)
    IOE_IsOperational                        0x08000c09   Thumb Code    36  stm32f429i_discovery_ioe.o(i.IOE_IsOperational)
    IOE_ReadID                               0x08000c31   Thumb Code    26  stm32f429i_discovery_ioe.o(i.IOE_ReadID)
    IOE_Reset                                0x08000c4b   Thumb Code    28  stm32f429i_discovery_ioe.o(i.IOE_Reset)
    IOE_TP_Config                            0x08000c69   Thumb Code   120  stm32f429i_discovery_ioe.o(i.IOE_TP_Config)
    IOE_TP_GetState                          0x08000ce5   Thumb Code   176  stm32f429i_discovery_ioe.o(i.IOE_TP_GetState)
    IOE_TimeoutUserCallback                  0x08000d99   Thumb Code    94  stm32f429i_discovery_ioe.o(i.IOE_TimeoutUserCallback)
    LCD_ChipSelect                           0x08000f71   Thumb Code    20  stm32f429i_discovery_lcd.o(i.LCD_ChipSelect)
    LCD_Clear                                0x08000f89   Thumb Code    24  stm32f429i_discovery_lcd.o(i.LCD_Clear)
    LCD_ClearLine                            0x08000fa5   Thumb Code    46  stm32f429i_discovery_lcd.o(i.LCD_ClearLine)
    LCD_CtrlLinesConfig                      0x08000fd9   Thumb Code    72  stm32f429i_discovery_lcd.o(i.LCD_CtrlLinesConfig)
    LCD_CtrlLinesWrite                       0x08001029   Thumb Code     4  stm32f429i_discovery_lcd.o(i.LCD_CtrlLinesWrite)
    LCD_DisplayChar                          0x0800102d   Thumb Code    26  stm32f429i_discovery_lcd.o(i.LCD_DisplayChar)
    LCD_DisplayStringLine                    0x0800104d   Thumb Code    54  stm32f429i_discovery_lcd.o(i.LCD_DisplayStringLine)
    LCD_DrawChar                             0x08001089   Thumb Code   134  stm32f429i_discovery_lcd.o(i.LCD_DrawChar)
    LCD_DrawCircle                           0x08001115   Thumb Code   114  stm32f429i_discovery_lcd.o(i.LCD_DrawCircle)
    LCD_DrawFullCircle                       0x0800118d   Thumb Code   152  stm32f429i_discovery_lcd.o(i.LCD_DrawFullCircle)
    LCD_DrawFullRect                         0x08001225   Thumb Code   100  stm32f429i_discovery_lcd.o(i.LCD_DrawFullRect)
    LCD_DrawLine                             0x0800128d   Thumb Code   118  stm32f429i_discovery_lcd.o(i.LCD_DrawLine)
    LCD_DrawRect                             0x08001309   Thumb Code    64  stm32f429i_discovery_lcd.o(i.LCD_DrawRect)
    LCD_GetFont                              0x08001349   Thumb Code     6  stm32f429i_discovery_lcd.o(i.LCD_GetFont)
    LCD_Init                                 0x08001355   Thumb Code   152  stm32f429i_discovery_lcd.o(i.LCD_Init)
    LCD_LayerInit                            0x080013ed   Thumb Code   156  stm32f429i_discovery_lcd.o(i.LCD_LayerInit)
    LCD_PowerOn                              0x08001495   Thumb Code   654  stm32f429i_discovery_lcd.o(i.LCD_PowerOn)
    LCD_SPIConfig                            0x08001725   Thumb Code   188  stm32f429i_discovery_lcd.o(i.LCD_SPIConfig)
    LCD_SetFont                              0x080017e9   Thumb Code     6  stm32f429i_discovery_lcd.o(i.LCD_SetFont)
    LCD_SetLayer                             0x080017f5   Thumb Code    24  stm32f429i_discovery_lcd.o(i.LCD_SetLayer)
    LCD_SetTextColor                         0x08001815   Thumb Code     6  stm32f429i_discovery_lcd.o(i.LCD_SetTextColor)
    LCD_WriteCommand                         0x08001821   Thumb Code    66  stm32f429i_discovery_lcd.o(i.LCD_WriteCommand)
    LCD_WriteData                            0x0800186d   Thumb Code    64  stm32f429i_discovery_lcd.o(i.LCD_WriteData)
    LTDC_Cmd                                 0x080018b5   Thumb Code    22  stm32f4xx_ltdc.o(i.LTDC_Cmd)
    LTDC_DitherCmd                           0x080018d1   Thumb Code    22  stm32f4xx_ltdc.o(i.LTDC_DitherCmd)
    LTDC_Init                                0x080018ed   Thumb Code   156  stm32f4xx_ltdc.o(i.LTDC_Init)
    LTDC_LayerCmd                            0x08001995   Thumb Code    20  stm32f4xx_ltdc.o(i.LTDC_LayerCmd)
    LTDC_LayerInit                           0x080019a9   Thumb Code   150  stm32f4xx_ltdc.o(i.LTDC_LayerInit)
    LTDC_ReloadConfig                        0x08001a41   Thumb Code     6  stm32f4xx_ltdc.o(i.LTDC_ReloadConfig)
    MemManage_Handler                        0x08001a4d   Thumb Code     2  stm32f4xx_it.o(i.MemManage_Handler)
    NMI_Handler                              0x08001a4f   Thumb Code     2  stm32f4xx_it.o(i.NMI_Handler)
    PendSV_Handler                           0x08001a51   Thumb Code     2  stm32f4xx_it.o(i.PendSV_Handler)
    RCC_AHB1PeriphClockCmd                   0x08001a55   Thumb Code    18  stm32f4xx_rcc.o(i.RCC_AHB1PeriphClockCmd)
    RCC_AHB1PeriphResetCmd                   0x08001a6d   Thumb Code    18  stm32f4xx_rcc.o(i.RCC_AHB1PeriphResetCmd)
    RCC_AHB3PeriphClockCmd                   0x08001a85   Thumb Code    18  stm32f4xx_rcc.o(i.RCC_AHB3PeriphClockCmd)
    RCC_APB1PeriphClockCmd                   0x08001a9d   Thumb Code    18  stm32f4xx_rcc.o(i.RCC_APB1PeriphClockCmd)
    RCC_APB1PeriphResetCmd                   0x08001ab5   Thumb Code    18  stm32f4xx_rcc.o(i.RCC_APB1PeriphResetCmd)
    RCC_APB2PeriphClockCmd                   0x08001acd   Thumb Code    18  stm32f4xx_rcc.o(i.RCC_APB2PeriphClockCmd)
    RCC_APB2PeriphResetCmd                   0x08001ae5   Thumb Code    18  stm32f4xx_rcc.o(i.RCC_APB2PeriphResetCmd)
    RCC_GetClocksFreq                        0x08001afd   Thumb Code   132  stm32f4xx_rcc.o(i.RCC_GetClocksFreq)
    RCC_GetFlagStatus                        0x08001b8d   Thumb Code    46  stm32f4xx_rcc.o(i.RCC_GetFlagStatus)
    RCC_LTDCCLKDivConfig                     0x08001bc1   Thumb Code    14  stm32f4xx_rcc.o(i.RCC_LTDCCLKDivConfig)
    RCC_PLLSAICmd                            0x08001bd5   Thumb Code     6  stm32f4xx_rcc.o(i.RCC_PLLSAICmd)
    RCC_PLLSAIConfig                         0x08001be1   Thumb Code    16  stm32f4xx_rcc.o(i.RCC_PLLSAIConfig)
    SDRAM_GPIOConfig                         0x08001bf5   Thumb Code   504  stm32f429i_discovery_sdram.o(i.SDRAM_GPIOConfig)
    SDRAM_Init                               0x08001e05   Thumb Code    92  stm32f429i_discovery_sdram.o(i.SDRAM_Init)
    SDRAM_InitSequence                       0x08001e61   Thumb Code   174  stm32f429i_discovery_sdram.o(i.SDRAM_InitSequence)
    SPI_Cmd                                  0x08001f15   Thumb Code    20  stm32f4xx_spi.o(i.SPI_Cmd)
    SPI_I2S_DeInit                           0x08001f29   Thumb Code   108  stm32f4xx_spi.o(i.SPI_I2S_DeInit)
    SPI_I2S_GetFlagStatus                    0x08001fad   Thumb Code    14  stm32f4xx_spi.o(i.SPI_I2S_GetFlagStatus)
    SPI_I2S_SendData                         0x08001fbb   Thumb Code     4  stm32f4xx_spi.o(i.SPI_I2S_SendData)
    SPI_Init                                 0x08001fbf   Thumb Code    56  stm32f4xx_spi.o(i.SPI_Init)
    SVC_Handler                              0x08001ff7   Thumb Code     2  stm32f4xx_it.o(i.SVC_Handler)
    SysTick_Handler                          0x080020c9   Thumb Code     2  stm32f4xx_it.o(i.SysTick_Handler)
    SystemInit                               0x080020cd   Thumb Code    74  system_stm32f4xx.o(i.SystemInit)
    UsageFault_Handler                       0x08002375   Thumb Code     2  stm32f4xx_it.o(i.UsageFault_Handler)
    __scatterload_copy                       0x08002377   Thumb Code    14  handlers.o(i.__scatterload_copy)
    __scatterload_null                       0x08002385   Thumb Code     2  handlers.o(i.__scatterload_null)
    __scatterload_zeroinit                   0x08002387   Thumb Code    14  handlers.o(i.__scatterload_zeroinit)
    main                                     0x080023c5   Thumb Code   252  main.o(i.main)
    ASCII16x24_Table                         0x080024c8   Data        4560  stm32f429i_discovery_lcd.o(.constdata)
    ASCII8x8_Table                           0x08003698   Data        1536  stm32f429i_discovery_lcd.o(.constdata)
    Region$$Table$$Base                      0x08003c98   Number         0  anon$$obj.o(Region$$Table)
    Region$$Table$$Limit                     0x08003cb8   Number         0  anon$$obj.o(Region$$Table)
    IOE_TimeOut                              0x20000000   Data           4  stm32f429i_discovery_ioe.o(.data)
    TP_State                                 0x2000000c   Data           8  stm32f429i_discovery_ioe.o(.data)
    Font16x24                                0x20000024   Data           8  stm32f429i_discovery_lcd.o(.data)
    Font8x8                                  0x2000002c   Data           8  stm32f429i_discovery_lcd.o(.data)
    __initial_sp                             0x20000448   Data           0  startup_stm32f429_439xx.o(STACK)



==============================================================================

Memory Map of the image

  Image Entry point : 0x080001ad

  Load Region LR_IROM1 (Base: 0x08000000, Size: 0x00003d00, Max: 0x00200000, ABSOLUTE)

    Execution Region ER_IROM1 (Base: 0x08000000, Size: 0x00003cb8, Max: 0x00200000, ABSOLUTE)

    Base Addr    Size         Type   Attr      Idx    E Section Name        Object

    0x08000000   0x000001ac   Data   RO            3    RESET               startup_stm32f429_439xx.o
    0x080001ac   0x00000000   Code   RO         2836  * .ARM.Collect$$$$00000000  mc_w.l(entry.o)
    0x080001ac   0x00000004   Code   RO         2839    .ARM.Collect$$$$00000001  mc_w.l(entry2.o)
    0x080001b0   0x00000004   Code   RO         2842    .ARM.Collect$$$$00000004  mc_w.l(entry5.o)
    0x080001b4   0x00000000   Code   RO         2844    .ARM.Collect$$$$00000008  mc_w.l(entry7b.o)
    0x080001b4   0x00000000   Code   RO         2846    .ARM.Collect$$$$0000000A  mc_w.l(entry8b.o)
    0x080001b4   0x00000008   Code   RO         2847    .ARM.Collect$$$$0000000B  mc_w.l(entry9a.o)
    0x080001bc   0x00000000   Code   RO         2849    .ARM.Collect$$$$0000000D  mc_w.l(entry10a.o)
    0x080001bc   0x00000000   Code   RO         2851    .ARM.Collect$$$$0000000F  mc_w.l(entry11a.o)
    0x080001bc   0x00000004   Code   RO         2840    .ARM.Collect$$$$00002712  mc_w.l(entry2.o)
    0x080001c0   0x00000024   Code   RO            4    .text               startup_stm32f429_439xx.o
    0x080001e4   0x00000024   Code   RO         2853    .text               mc_w.l(init.o)
    0x08000208   0x00000002   Code   RO         2730    i.BusFault_Handler  stm32f4xx_it.o
    0x0800020a   0x00000018   Code   RO         1233    i.DMA2D_DeInit      stm32f4xx_dma2d.o
    0x08000222   0x00000002   PAD
    0x08000224   0x00000014   Code   RO         1238    i.DMA2D_GetFlagStatus  stm32f4xx_dma2d.o
    0x08000238   0x000000b4   Code   RO         1241    i.DMA2D_Init        stm32f4xx_dma2d.o
    0x080002ec   0x00000010   Code   RO         1243    i.DMA2D_StartTransfer  stm32f4xx_dma2d.o
    0x080002fc   0x00000002   Code   RO         2731    i.DebugMon_Handler  stm32f4xx_it.o
    0x080002fe   0x00000036   Code   RO         1426    i.FMC_GetFlagStatus  stm32f4xx_fmc.o
    0x08000334   0x00000022   Code   RO         1443    i.FMC_SDRAMCmdConfig  stm32f4xx_fmc.o
    0x08000356   0x00000002   PAD
    0x08000358   0x000000dc   Code   RO         1445    i.FMC_SDRAMInit     stm32f4xx_fmc.o
    0x08000434   0x00000012   Code   RO         1449    i.FMC_SetRefreshCount  stm32f4xx_fmc.o
    0x08000446   0x000000a2   Code   RO         1603    i.GPIO_Init         stm32f4xx_gpio.o
    0x080004e8   0x00000020   Code   RO         1604    i.GPIO_PinAFConfig  stm32f4xx_gpio.o
    0x08000508   0x00000004   Code   RO         1610    i.GPIO_ResetBits    stm32f4xx_gpio.o
    0x0800050c   0x00000004   Code   RO         1611    i.GPIO_SetBits      stm32f4xx_gpio.o
    0x08000510   0x0000000a   Code   RO         1615    i.GPIO_WriteBit     stm32f4xx_gpio.o
    0x0800051a   0x00000002   Code   RO         2732    i.HardFault_Handler  stm32f4xx_it.o
    0x0800051c   0x00000014   Code   RO         1704    i.I2C_AcknowledgeConfig  stm32f4xx_i2c.o
    0x08000530   0x00000014   Code   RO         1710    i.I2C_Cmd           stm32f4xx_i2c.o
    0x08000544   0x00000044   Code   RO         1713    i.I2C_DeInit        stm32f4xx_i2c.o
    0x08000588   0x00000014   Code   RO         1718    i.I2C_GenerateSTART  stm32f4xx_i2c.o
    0x0800059c   0x00000014   Code   RO         1719    i.I2C_GenerateSTOP  stm32f4xx_i2c.o
    0x080005b0   0x0000002a   Code   RO         1720    i.I2C_GetFlagStatus  stm32f4xx_i2c.o
    0x080005da   0x00000002   PAD
    0x080005dc   0x000000b8   Code   RO         1725    i.I2C_Init          stm32f4xx_i2c.o
    0x08000694   0x00000016   Code   RO         1726    i.I2C_NACKPositionConfig  stm32f4xx_i2c.o
    0x080006aa   0x00000002   PAD
    0x080006ac   0x00000180   Code   RO          202    i.I2C_ReadDataBuffer  stm32f429i_discovery_ioe.o
    0x0800082c   0x00000174   Code   RO          203    i.I2C_ReadDeviceRegister  stm32f429i_discovery_ioe.o
    0x080009a0   0x00000006   Code   RO         1730    i.I2C_ReceiveData   stm32f4xx_i2c.o
    0x080009a6   0x00000010   Code   RO         1732    i.I2C_Send7bitAddress  stm32f4xx_i2c.o
    0x080009b6   0x00000004   Code   RO         1733    i.I2C_SendData      stm32f4xx_i2c.o
    0x080009ba   0x00000014   Code   RO         1734    i.I2C_SoftwareResetCmd  stm32f4xx_i2c.o
    0x080009ce   0x00000002   PAD
    0x080009d0   0x00000110   Code   RO          204    i.I2C_WriteDeviceRegister  stm32f429i_discovery_ioe.o
    0x08000ae0   0x00000068   Code   RO          206    i.IOE_Config        stm32f429i_discovery_ioe.o
    0x08000b48   0x00000020   Code   RO          208    i.IOE_FnctCmd       stm32f429i_discovery_ioe.o
    0x08000b68   0x00000080   Code   RO          211    i.IOE_GPIO_Config   stm32f429i_discovery_ioe.o
    0x08000be8   0x00000020   Code   RO          213    i.IOE_IOAFConfig    stm32f429i_discovery_ioe.o
    0x08000c08   0x00000028   Code   RO          214    i.IOE_IsOperational  stm32f429i_discovery_ioe.o
    0x08000c30   0x0000001a   Code   RO          215    i.IOE_ReadID        stm32f429i_discovery_ioe.o
    0x08000c4a   0x0000001c   Code   RO          216    i.IOE_Reset         stm32f429i_discovery_ioe.o
    0x08000c66   0x00000002   PAD
    0x08000c68   0x0000007c   Code   RO          218    i.IOE_TP_Config     stm32f429i_discovery_ioe.o
    0x08000ce4   0x000000b4   Code   RO          219    i.IOE_TP_GetState   stm32f429i_discovery_ioe.o
    0x08000d98   0x00000068   Code   RO          220    i.IOE_TimeoutUserCallback  stm32f429i_discovery_ioe.o
    0x08000e00   0x00000170   Code   RO          348    i.LCD_AF_GPIOConfig  stm32f429i_discovery_lcd.o
    0x08000f70   0x00000018   Code   RO          349    i.LCD_ChipSelect    stm32f429i_discovery_lcd.o
    0x08000f88   0x0000001c   Code   RO          350    i.LCD_Clear         stm32f429i_discovery_lcd.o
    0x08000fa4   0x00000034   Code   RO          351    i.LCD_ClearLine     stm32f429i_discovery_lcd.o
    0x08000fd8   0x00000050   Code   RO          354    i.LCD_CtrlLinesConfig  stm32f429i_discovery_lcd.o
    0x08001028   0x00000004   Code   RO          355    i.LCD_CtrlLinesWrite  stm32f429i_discovery_lcd.o
    0x0800102c   0x00000020   Code   RO          357    i.LCD_DisplayChar   stm32f429i_discovery_lcd.o
    0x0800104c   0x0000003c   Code   RO          360    i.LCD_DisplayStringLine  stm32f429i_discovery_lcd.o
    0x08001088   0x0000008c   Code   RO          361    i.LCD_DrawChar      stm32f429i_discovery_lcd.o
    0x08001114   0x00000078   Code   RO          362    i.LCD_DrawCircle    stm32f429i_discovery_lcd.o
    0x0800118c   0x00000098   Code   RO          364    i.LCD_DrawFullCircle  stm32f429i_discovery_lcd.o
    0x08001224   0x00000068   Code   RO          366    i.LCD_DrawFullRect  stm32f429i_discovery_lcd.o
    0x0800128c   0x0000007c   Code   RO          367    i.LCD_DrawLine      stm32f429i_discovery_lcd.o
    0x08001308   0x00000040   Code   RO          369    i.LCD_DrawRect      stm32f429i_discovery_lcd.o
    0x08001348   0x0000000c   Code   RO          374    i.LCD_GetFont       stm32f429i_discovery_lcd.o
    0x08001354   0x00000098   Code   RO          375    i.LCD_Init          stm32f429i_discovery_lcd.o
    0x080013ec   0x000000a8   Code   RO          376    i.LCD_LayerInit     stm32f429i_discovery_lcd.o
    0x08001494   0x0000028e   Code   RO          380    i.LCD_PowerOn       stm32f429i_discovery_lcd.o
    0x08001722   0x00000002   PAD
    0x08001724   0x000000c4   Code   RO          382    i.LCD_SPIConfig     stm32f429i_discovery_lcd.o
    0x080017e8   0x0000000c   Code   RO          388    i.LCD_SetFont       stm32f429i_discovery_lcd.o
    0x080017f4   0x00000020   Code   RO          389    i.LCD_SetLayer      stm32f429i_discovery_lcd.o
    0x08001814   0x0000000c   Code   RO          390    i.LCD_SetTextColor  stm32f429i_discovery_lcd.o
    0x08001820   0x0000004c   Code   RO          395    i.LCD_WriteCommand  stm32f429i_discovery_lcd.o
    0x0800186c   0x00000048   Code   RO          396    i.LCD_WriteData     stm32f429i_discovery_lcd.o
    0x080018b4   0x0000001c   Code   RO         1935    i.LTDC_Cmd          stm32f4xx_ltdc.o
    0x080018d0   0x0000001c   Code   RO         1939    i.LTDC_DitherCmd    stm32f4xx_ltdc.o
    0x080018ec   0x000000a8   Code   RO         1946    i.LTDC_Init         stm32f4xx_ltdc.o
    0x08001994   0x00000014   Code   RO         1950    i.LTDC_LayerCmd     stm32f4xx_ltdc.o
    0x080019a8   0x00000096   Code   RO         1951    i.LTDC_LayerInit    stm32f4xx_ltdc.o
    0x08001a3e   0x00000002   PAD
    0x08001a40   0x0000000c   Code   RO         1958    i.LTDC_ReloadConfig  stm32f4xx_ltdc.o
    0x08001a4c   0x00000002   Code   RO         2733    i.MemManage_Handler  stm32f4xx_it.o
    0x08001a4e   0x00000002   Code   RO         2734    i.NMI_Handler       stm32f4xx_it.o
    0x08001a50   0x00000002   Code   RO         2735    i.PendSV_Handler    stm32f4xx_it.o
    0x08001a52   0x00000002   PAD
    0x08001a54   0x00000018   Code   RO         2127    i.RCC_AHB1PeriphClockCmd  stm32f4xx_rcc.o
    0x08001a6c   0x00000018   Code   RO         2129    i.RCC_AHB1PeriphResetCmd  stm32f4xx_rcc.o
    0x08001a84   0x00000018   Code   RO         2133    i.RCC_AHB3PeriphClockCmd  stm32f4xx_rcc.o
    0x08001a9c   0x00000018   Code   RO         2136    i.RCC_APB1PeriphClockCmd  stm32f4xx_rcc.o
    0x08001ab4   0x00000018   Code   RO         2138    i.RCC_APB1PeriphResetCmd  stm32f4xx_rcc.o
    0x08001acc   0x00000018   Code   RO         2139    i.RCC_APB2PeriphClockCmd  stm32f4xx_rcc.o
    0x08001ae4   0x00000018   Code   RO         2141    i.RCC_APB2PeriphResetCmd  stm32f4xx_rcc.o
    0x08001afc   0x00000090   Code   RO         2148    i.RCC_GetClocksFreq  stm32f4xx_rcc.o
    0x08001b8c   0x00000034   Code   RO         2149    i.RCC_GetFlagStatus  stm32f4xx_rcc.o
    0x08001bc0   0x00000014   Code   RO         2159    i.RCC_LTDCCLKDivConfig  stm32f4xx_rcc.o
    0x08001bd4   0x0000000c   Code   RO         2168    i.RCC_PLLSAICmd     stm32f4xx_rcc.o
    0x08001be0   0x00000014   Code   RO         2169    i.RCC_PLLSAIConfig  stm32f4xx_rcc.o
    0x08001bf4   0x00000210   Code   RO          676    i.SDRAM_GPIOConfig  stm32f429i_discovery_sdram.o
    0x08001e04   0x0000005c   Code   RO          677    i.SDRAM_Init        stm32f429i_discovery_sdram.o
    0x08001e60   0x000000b4   Code   RO          678    i.SDRAM_InitSequence  stm32f429i_discovery_sdram.o
    0x08001f14   0x00000014   Code   RO         2464    i.SPI_Cmd           stm32f4xx_spi.o
    0x08001f28   0x00000084   Code   RO         2471    i.SPI_I2S_DeInit    stm32f4xx_spi.o
    0x08001fac   0x0000000e   Code   RO         2472    i.SPI_I2S_GetFlagStatus  stm32f4xx_spi.o
    0x08001fba   0x00000004   Code   RO         2476    i.SPI_I2S_SendData  stm32f4xx_spi.o
    0x08001fbe   0x00000038   Code   RO         2477    i.SPI_Init          stm32f4xx_spi.o
    0x08001ff6   0x00000002   Code   RO         2736    i.SVC_Handler       stm32f4xx_it.o
    0x08001ff8   0x000000d0   Code   RO         2801    i.SetSysClock       system_stm32f4xx.o
    0x080020c8   0x00000002   Code   RO         2737    i.SysTick_Handler   stm32f4xx_it.o
    0x080020ca   0x00000002   PAD
    0x080020cc   0x0000005c   Code   RO         2803    i.SystemInit        system_stm32f4xx.o
    0x08002128   0x0000024c   Code   RO         2681    i.TP_Config         main.o
    0x08002374   0x00000002   Code   RO         2738    i.UsageFault_Handler  stm32f4xx_it.o
    0x08002376   0x0000000e   Code   RO         2857    i.__scatterload_copy  mc_w.l(handlers.o)
    0x08002384   0x00000002   Code   RO         2858    i.__scatterload_null  mc_w.l(handlers.o)
    0x08002386   0x0000000e   Code   RO         2859    i.__scatterload_zeroinit  mc_w.l(handlers.o)
    0x08002394   0x0000001c   Code   RO          221    i.delay             stm32f429i_discovery_ioe.o
    0x080023b0   0x00000012   Code   RO          397    i.delay             stm32f429i_discovery_lcd.o
    0x080023c2   0x00000002   PAD
    0x080023c4   0x00000104   Code   RO         2682    i.main              main.o
    0x080024c8   0x000011d0   Data   RO          398    .constdata          stm32f429i_discovery_lcd.o
    0x08003698   0x00000600   Data   RO          401    .constdata          stm32f429i_discovery_lcd.o
    0x08003c98   0x00000020   Data   RO         2855    Region$$Table       anon$$obj.o


    Execution Region RW_IRAM1 (Base: 0x20000000, Size: 0x00000448, Max: 0x00030000, ABSOLUTE)

    Base Addr    Size         Type   Attr      Idx    E Section Name        Object

    0x20000000   0x00000014   Data   RW          222    .data               stm32f429i_discovery_ioe.o
    0x20000014   0x00000018   Data   RW          402    .data               stm32f429i_discovery_lcd.o
    0x2000002c   0x00000008   Data   RW          405    .data               stm32f429i_discovery_lcd.o
    0x20000034   0x00000010   Data   RW         2179    .data               stm32f4xx_rcc.o
    0x20000044   0x00000004   Data   RW         2683    .data               main.o
    0x20000048   0x00000400   Zero   RW            1    STACK               startup_stm32f429_439xx.o


==============================================================================

Image component sizes


      Code (inc. data)   RO Data    RW Data    ZI Data      Debug   Object Name

       848        158          0          4          0       5847   main.o
         0          0          0          0          0      15208   misc.o
        36          8        428          0       1024       1028   startup_stm32f429_439xx.o
         0          0          0          0          0     288700   stm32f429i_discovery.o
      1854         90          0         20          0      16917   stm32f429i_discovery_ioe.o
      2756        144       6096         32          0      22265   stm32f429i_discovery_lcd.o
       800         30          0          0          0       3153   stm32f429i_discovery_sdram.o
       240         18          0          0          0       9740   stm32f4xx_dma2d.o
       326          6          0          0          0      18355   stm32f4xx_fmc.o
       212          0          0          0          0      11415   stm32f4xx_gpio.o
       442         22          0          0          0      17628   stm32f4xx_i2c.o
        18          0          0          0          0       4418   stm32f4xx_it.o
       406         30          0          0          0      11593   stm32f4xx_ltdc.o
       416         76          0         16          0      26429   stm32f4xx_rcc.o
       226         24          0          0          0      12813   stm32f4xx_spi.o
       300         34          0          0          0       1701   system_stm32f4xx.o

    ----------------------------------------------------------------------
      8902        640       6556         72       1024     467210   Object Totals
         0          0         32          0          0          0   (incl. Generated)
        22          0          0          0          0          0   (incl. Padding)

    ----------------------------------------------------------------------

      Code (inc. data)   RO Data    RW Data    ZI Data      Debug   Library Member Name

         0          0          0          0          0          0   entry.o
         0          0          0          0          0          0   entry10a.o
         0          0          0          0          0          0   entry11a.o
         8          4          0          0          0          0   entry2.o
         4          0          0          0          0          0   entry5.o
         0          0          0          0          0          0   entry7b.o
         0          0          0          0          0          0   entry8b.o
         8          4          0          0          0          0   entry9a.o
        30          0          0          0          0          0   handlers.o
        36          8          0          0          0         68   init.o

    ----------------------------------------------------------------------
        86         16          0          0          0         68   Library Totals
         0          0          0          0          0          0   (incl. Padding)

    ----------------------------------------------------------------------

      Code (inc. data)   RO Data    RW Data    ZI Data      Debug   Library Name

        86         16          0          0          0         68   mc_w.l

    ----------------------------------------------------------------------
        86         16          0          0          0         68   Library Totals

    ----------------------------------------------------------------------

==============================================================================


      Code (inc. data)   RO Data    RW Data    ZI Data      Debug   

      8988        656       6556         72       1024     457882   Grand Totals
      8988        656       6556         72       1024     457882   ELF Image Totals
      8988        656       6556         72          0          0   ROM Totals

==============================================================================

    Total RO  Size (Code + RO Data)                15544 (  15.18kB)
    Total RW  Size (RW Data + ZI Data)              1096 (   1.07kB)
    Total ROM Size (Code + RO Data + RW Data)      15616 (  15.25kB)

==============================================================================

