Archive member included because of file (symbol)

C:\Program Files (x86)\Raisonance\Ride\Lib\ARM\STM32x_io_putchar_thumb.a(STM32F10X_io_putchar.o)
                              (__io_putchar)
C:\Program Files (x86)\Raisonance\Ride\Lib\ARM\std_sbrk_thumb.lib(write.o)
                              (_write)
C:\Program Files (x86)\Raisonance\Ride\Lib\ARM\smallprintf_thumb.a(_SP_sprintf.o)
                              C:\Users\fv\Desktop\STM32_LAMEC_CAN\TAMA\SPI\project\RIDE\obj\main.o (sprintf)
C:\Program Files (x86)\Raisonance\Ride\Lib\ARM\smallprintf_thumb.a(_SP_vfprintf.o)
                              C:\Program Files (x86)\Raisonance\Ride\Lib\ARM\smallprintf_thumb.a(_SP_sprintf.o) (_vfiprintf_r)
C:\Program Files (x86)\Raisonance\Ride\Lib\ARM\smallprintf_thumb.a(_SP_puts.o)
                              C:\Program Files (x86)\Raisonance\Ride\Lib\ARM\smallprintf_thumb.a(_SP_vfprintf.o) (_SMALL_PRINTF_puts)
c:/program files (x86)/raisonance/ride/arm-gcc/bin/../lib/gcc/arm-none-eabi/4.5.1/../../../../arm-none-eabi/lib/thumb2\libc.a(lib_a-impure.o)
                              C:\Program Files (x86)\Raisonance\Ride\Lib\ARM\smallprintf_thumb.a(_SP_sprintf.o) (_impure_ptr)
c:/program files (x86)/raisonance/ride/arm-gcc/bin/../lib/gcc/arm-none-eabi/4.5.1/../../../../arm-none-eabi/lib/thumb2\libc.a(lib_a-memchr.o)
                              C:\Program Files (x86)\Raisonance\Ride\Lib\ARM\smallprintf_thumb.a(_SP_vfprintf.o) (memchr)
c:/program files (x86)/raisonance/ride/arm-gcc/bin/../lib/gcc/arm-none-eabi/4.5.1/../../../../arm-none-eabi/lib/thumb2\libc.a(lib_a-strlen.o)
                              C:\Users\fv\Desktop\STM32_LAMEC_CAN\TAMA\SPI\project\RIDE\obj\Util.o (strlen)
c:/program files (x86)/raisonance/ride/arm-gcc/bin/../lib/gcc/arm-none-eabi/4.5.1/../../../../arm-none-eabi/lib/thumb2\libc.a(lib_a-wcrtomb.o)
                              C:\Program Files (x86)\Raisonance\Ride\Lib\ARM\smallprintf_thumb.a(_SP_vfprintf.o) (_wcrtomb_r)
c:/program files (x86)/raisonance/ride/arm-gcc/bin/../lib/gcc/arm-none-eabi/4.5.1/../../../../arm-none-eabi/lib/thumb2\libc.a(lib_a-wcsrtombs.o)
                              C:\Program Files (x86)\Raisonance\Ride\Lib\ARM\smallprintf_thumb.a(_SP_vfprintf.o) (_wcsrtombs_r)
c:/program files (x86)/raisonance/ride/arm-gcc/bin/../lib/gcc/arm-none-eabi/4.5.1/../../../../arm-none-eabi/lib/thumb2\libc.a(lib_a-wctomb_r.o)
                              c:/program files (x86)/raisonance/ride/arm-gcc/bin/../lib/gcc/arm-none-eabi/4.5.1/../../../../arm-none-eabi/lib/thumb2\libc.a(lib_a-wcrtomb.o) (__wctomb)
c:/program files (x86)/raisonance/ride/arm-gcc/bin/../lib/gcc/arm-none-eabi/4.5.1/../../../../arm-none-eabi/lib/thumb2\libc.a(lib_a-locale.o)
                              c:/program files (x86)/raisonance/ride/arm-gcc/bin/../lib/gcc/arm-none-eabi/4.5.1/../../../../arm-none-eabi/lib/thumb2\libc.a(lib_a-wcrtomb.o) (__locale_charset)
c:/program files (x86)/raisonance/ride/arm-gcc/bin/../lib/gcc/arm-none-eabi/4.5.1/../../../../arm-none-eabi/lib/thumb2\libc.a(lib_a-strcmp.o)
                              c:/program files (x86)/raisonance/ride/arm-gcc/bin/../lib/gcc/arm-none-eabi/4.5.1/../../../../arm-none-eabi/lib/thumb2\libc.a(lib_a-locale.o) (strcmp)
c:/program files (x86)/raisonance/ride/arm-gcc/bin/../lib/gcc/arm-none-eabi/4.5.1/../../../../arm-none-eabi/lib/thumb2\libc.a(lib_a-wcsnrtombs.o)
                              c:/program files (x86)/raisonance/ride/arm-gcc/bin/../lib/gcc/arm-none-eabi/4.5.1/../../../../arm-none-eabi/lib/thumb2\libc.a(lib_a-wcsrtombs.o) (_wcsnrtombs_r)
c:/program files (x86)/raisonance/ride/arm-gcc/bin/../lib/gcc/arm-none-eabi/4.5.1/../../../../arm-none-eabi/lib/thumb2\libm.a(lib_a-w_sqrt.o)
                              C:\Users\fv\Desktop\STM32_LAMEC_CAN\TAMA\SPI\project\RIDE\obj\main.o (sqrt)
c:/program files (x86)/raisonance/ride/arm-gcc/bin/../lib/gcc/arm-none-eabi/4.5.1/../../../../arm-none-eabi/lib/thumb2\libm.a(lib_a-e_sqrt.o)
                              c:/program files (x86)/raisonance/ride/arm-gcc/bin/../lib/gcc/arm-none-eabi/4.5.1/../../../../arm-none-eabi/lib/thumb2\libm.a(lib_a-w_sqrt.o) (__ieee754_sqrt)
c:/program files (x86)/raisonance/ride/arm-gcc/bin/../lib/gcc/arm-none-eabi/4.5.1/../../../../arm-none-eabi/lib/thumb2\libm.a(lib_a-s_fpclassify.o)
                              c:/program files (x86)/raisonance/ride/arm-gcc/bin/../lib/gcc/arm-none-eabi/4.5.1/../../../../arm-none-eabi/lib/thumb2\libm.a(lib_a-w_sqrt.o) (__fpclassifyd)
c:/program files (x86)/raisonance/ride/arm-gcc/bin/../lib/gcc/arm-none-eabi/4.5.1/../../../../arm-none-eabi/lib/thumb2\libm.a(lib_a-s_lib_ver.o)
                              c:/program files (x86)/raisonance/ride/arm-gcc/bin/../lib/gcc/arm-none-eabi/4.5.1/../../../../arm-none-eabi/lib/thumb2\libm.a(lib_a-w_sqrt.o) (__fdlib_version)
c:/program files (x86)/raisonance/ride/arm-gcc/bin/../lib/gcc/arm-none-eabi/4.5.1/../../../../arm-none-eabi/lib/thumb2\libm.a(lib_a-s_matherr.o)
[...]
Memory Configuration

Name             Origin             Length             Attributes
RAM              0x20000000         0x00005000         xrw
FLASH            0x08000000         0x00010000         xr
STARTFLASH       0x00000000         0x00000000         xr
CRPPATCH         0x00000000         0x00000000         r
FLASHPATCH       0x00000000         0x00000000         r
ENDFLASH         0x00000000         0x00000000         xr
FLASHB1          0x00000000         0x00000000         xr
EXTMEMB0         0x00000000         0x00000000         xr
EXTMEMB1         0x00000000         0x00000000         xr
EXTMEMB2         0x00000000         0x00000000         xr
EXTMEMB3         0x00000000         0x00000000         xr
*default*        0x00000000         0xffffffff

Linker script and memory map

LOAD C:\Program Files (x86)\Raisonance\Ride\Lib\ARM\startup_stm32f10x_md.o
LOAD C:\Users\fv\Desktop\STM32_LAMEC_CAN\TAMA\SPI\project\RIDE\obj\main.o
LOAD C:\Users\fv\Desktop\STM32_LAMEC_CAN\TAMA\SPI\project\RIDE\obj\stm32f10x_it.o
LOAD C:\Users\fv\Desktop\STM32_LAMEC_CAN\TAMA\SPI\project\RIDE\obj\stm32f10x_adc.o
LOAD C:\Users\fv\Desktop\STM32_LAMEC_CAN\TAMA\SPI\project\RIDE\obj\stm32f10x_bkp.o
LOAD C:\Users\fv\Desktop\STM32_LAMEC_CAN\TAMA\SPI\project\RIDE\obj\stm32f10x_can.o
LOAD C:\Users\fv\Desktop\STM32_LAMEC_CAN\TAMA\SPI\project\RIDE\obj\stm32f10x_crc.o
LOAD C:\Users\fv\Desktop\STM32_LAMEC_CAN\TAMA\SPI\project\RIDE\obj\stm32f10x_dac.o
LOAD C:\Users\fv\Desktop\STM32_LAMEC_CAN\TAMA\SPI\project\RIDE\obj\stm32f10x_dbgmcu.o
LOAD C:\Users\fv\Desktop\STM32_LAMEC_CAN\TAMA\SPI\project\RIDE\obj\stm32f10x_dma.o
LOAD C:\Users\fv\Desktop\STM32_LAMEC_CAN\TAMA\SPI\project\RIDE\obj\stm32f10x_exti.o
LOAD C:\Users\fv\Desktop\STM32_LAMEC_CAN\TAMA\SPI\project\RIDE\obj\stm32f10x_flash.o
LOAD C:\Users\fv\Desktop\STM32_LAMEC_CAN\TAMA\SPI\project\RIDE\obj\stm32f10x_fsmc.o
LOAD C:\Users\fv\Desktop\STM32_LAMEC_CAN\TAMA\SPI\project\RIDE\obj\stm32f10x_gpio.o
LOAD C:\Users\fv\Desktop\STM32_LAMEC_CAN\TAMA\SPI\project\RIDE\obj\stm32f10x_i2c.o
LOAD C:\Users\fv\Desktop\STM32_LAMEC_CAN\TAMA\SPI\project\RIDE\obj\stm32f10x_iwdg.o
LOAD C:\Users\fv\Desktop\STM32_LAMEC_CAN\TAMA\SPI\project\RIDE\obj\stm32f10x_lib.o
LOAD C:\Users\fv\Desktop\STM32_LAMEC_CAN\TAMA\SPI\project\RIDE\obj\stm32f10x_nvic.o
LOAD C:\Users\fv\Desktop\STM32_LAMEC_CAN\TAMA\SPI\project\RIDE\obj\stm32f10x_pwr.o
LOAD C:\Users\fv\Desktop\STM32_LAMEC_CAN\TAMA\SPI\project\RIDE\obj\stm32f10x_rcc.o
LOAD C:\Users\fv\Desktop\STM32_LAMEC_CAN\TAMA\SPI\project\RIDE\obj\stm32f10x_rtc.o
LOAD C:\Users\fv\Desktop\STM32_LAMEC_CAN\TAMA\SPI\project\RIDE\obj\stm32f10x_sdio.o
LOAD C:\Users\fv\Desktop\STM32_LAMEC_CAN\TAMA\SPI\project\RIDE\obj\stm32f10x_spi.o
LOAD C:\Users\fv\Desktop\STM32_LAMEC_CAN\TAMA\SPI\project\RIDE\obj\stm32f10x_systick.o
LOAD C:\Users\fv\Desktop\STM32_LAMEC_CAN\TAMA\SPI\project\RIDE\obj\stm32f10x_tim.o
LOAD C:\Users\fv\Desktop\STM32_LAMEC_CAN\TAMA\SPI\project\RIDE\obj\stm32f10x_usart.o
LOAD C:\Users\fv\Desktop\STM32_LAMEC_CAN\TAMA\SPI\project\RIDE\obj\stm32f10x_wwdg.o
LOAD C:\Users\fv\Desktop\STM32_LAMEC_CAN\TAMA\SPI\project\RIDE\obj\Util.o
LOAD C:\Users\fv\Desktop\STM32_LAMEC_CAN\TAMA\SPI\project\RIDE\obj\draw.o
LOAD C:\Users\fv\Desktop\STM32_LAMEC_CAN\TAMA\SPI\project\RIDE\obj\lcd.o
LOAD C:\Users\fv\Desktop\STM32_LAMEC_CAN\TAMA\SPI\project\RIDE\obj\buzzer.o
START GROUP
LOAD C:\Program Files (x86)\Raisonance\Ride\Lib\ARM\STM32x_io_putchar_thumb.a
LOAD C:\Program Files (x86)\Raisonance\Ride\Lib\ARM\std_sbrk_thumb.lib
LOAD C:\Program Files (x86)\Raisonance\Ride\Lib\ARM\smallprintf_thumb.a
LOAD c:/program files (x86)/raisonance/ride/arm-gcc/bin/../lib/gcc/arm-none-eabi/4.5.1/../../../../arm-none-eabi/lib/thumb2\libc.a
LOAD c:/program files (x86)/raisonance/ride/arm-gcc/bin/../lib/gcc/arm-none-eabi/4.5.1/../../../../arm-none-eabi/lib/thumb2\libm.a
END GROUP
                0x00000400                __Stack_Size = 0x400
                0x00000400                PROVIDE (_Stack_Size, __Stack_Size)
                0x20004c00                __Stack_Init = (_estack - __Stack_Size)
                0x20004c00                PROVIDE (_Stack_Init, __Stack_Init)
                0x00000100                _Minimum_Stack_Size = 0x100
                0x00000000                PROVIDE (Undefined_Handler, 0x0)
                0x00000000                PROVIDE (SWI_Handler, 0x0)
                0x00000000                PROVIDE (IRQ_Handler, 0x0)
                0x00000000                PROVIDE (Prefetch_Handler, 0x0)
                0x00000000                PROVIDE (Abort_Handler, 0x0)
                0x00000000                PROVIDE (FIQ_Handler, 0x0)
                0x00000000                PROVIDE (NMIException, 0x0)
                0x00000000                PROVIDE (NMI_Handler, 0x0)
                0x00000000                PROVIDE (HardFaultException, 0x0)
                0x00000000                PROVIDE (HardFault_Handler, 0x0)
                0x00000000                PROVIDE (MemManageException, 0x0)
                0x00000000                PROVIDE (MemManage_Handler, 0x0)
                0x00000000                PROVIDE (BusFaultException, 0x0)
                0x00000000                PROVIDE (BusFault_Handler, 0x0)
                0x00000000                PROVIDE (UsageFaultException, 0x0)
                0x00000000                PROVIDE (UsageFault_Handler, 0x0)
                0x00000000                PROVIDE (SVCHandler, 0x0)
                0x00000000                PROVIDE (SVC_Handler, 0x0)
                0x00000000                PROVIDE (DebugMonitor, 0x0)
                0x00000000                PROVIDE (DebugMon_Handler, 0x0)
                0x00000000                PROVIDE (PendSVC, 0x0)
                0x00000000                PROVIDE (PendSV_Handler, 0x0)
                0x00000000                PROVIDE (SysTickHandler, 0x0)
                0x00000000                PROVIDE (SysTick_Handler, 0x0)
                0x00000000                PROVIDE (WWDG_IRQHandler, 0x0)
                0x00000000                PROVIDE (PVD_IRQHandler, 0x0)
                0x00000000                PROVIDE (TAMPER_IRQHandler, 0x0)
                0x00000000                PROVIDE (RTC_IRQHandler, 0x0)
                0x00000000                PROVIDE (FLASH_IRQHandler, 0x0)
                0x00000000                PROVIDE (RCC_IRQHandler, 0x0)
                0x00000000                PROVIDE (EXTI0_IRQHandler, 0x0)
                0x00000000                PROVIDE (EXTI1_IRQHandler, 0x0)
                0x00000000                PROVIDE (EXTI2_IRQHandler, 0x0)
                0x00000000                PROVIDE (EXTI3_IRQHandler, 0x0)
                0x00000000                PROVIDE (EXTI4_IRQHandler, 0x0)
                0x00000000                PROVIDE (DMAChannel1_IRQHandler, 0x0)
                0x00000000                PROVIDE (DMAChannel2_IRQHandler, 0x0)
                0x00000000                PROVIDE (DMAChannel3_IRQHandler, 0x0)
                0x00000000                PROVIDE (DMAChannel4_IRQHandler, 0x0)
                0x00000000                PROVIDE (DMAChannel5_IRQHandler, 0x0)
                0x00000000                PROVIDE (DMAChannel6_IRQHandler, 0x0)
                0x00000000                PROVIDE (DMAChannel7_IRQHandler, 0x0)
                0x00000000                PROVIDE (DMA1_Channel1_IRQHandler, 0x0)
                0x00000000                PROVIDE (DMA1_Channel2_IRQHandler, 0x0)
                0x00000000                PROVIDE (DMA1_Channel3_IRQHandler, 0x0)
                0x00000000                PROVIDE (DMA1_Channel4_IRQHandler, 0x0)
                0x00000000                PROVIDE (DMA1_Channel5_IRQHandler, 0x0)
                0x00000000                PROVIDE (DMA1_Channel6_IRQHandler, 0x0)
                0x00000000                PROVIDE (DMA1_Channel7_IRQHandler, 0x0)
                0x00000000                PROVIDE (ADC_IRQHandler, 0x0)
                0x00000000                PROVIDE (ADC1_2_IRQHandler, 0x0)
                0x00000000                PROVIDE (USB_HP_CAN_TX_IRQHandler, 0x0)
                0x00000000                PROVIDE (USB_HP_CAN1_TX_IRQHandler, 0x0)
                0x00000000                PROVIDE (USB_LP_CAN_RX0_IRQHandler, 0x0)
                0x00000000                PROVIDE (USB_LP_CAN1_RX0_IRQHandler, 0x0)
                0x00000000                PROVIDE (CAN_RX1_IRQHandler, 0x0)
                0x00000000                PROVIDE (CAN1_RX1_IRQHandler, 0x0)
                0x00000000                PROVIDE (CAN_SCE_IRQHandler, 0x0)
                0x00000000                PROVIDE (CAN1_SCE_IRQHandler, 0x0)
                0x00000000                PROVIDE (EXTI9_5_IRQHandler, 0x0)
                0x00000000                PROVIDE (TIM1_BRK_IRQHandler, 0x0)
                0x00000000                PROVIDE (TIM1_UP_IRQHandler, 0x0)
                0x00000000                PROVIDE (TIM1_TRG_COM_IRQHandler, 0x0)
                0x00000000                PROVIDE (TIM1_CC_IRQHandler, 0x0)
                0x00000000                PROVIDE (TIM2_IRQHandler, 0x0)
                0x00000000                PROVIDE (TIM3_IRQHandler, 0x0)
                0x00000000                PROVIDE (TIM4_IRQHandler, 0x0)
                0x00000000                PROVIDE (I2C1_EV_IRQHandler, 0x0)
                0x00000000                PROVIDE (I2C1_ER_IRQHandler, 0x0)
                0x00000000                PROVIDE (I2C2_EV_IRQHandler, 0x0)
                0x00000000                PROVIDE (I2C2_ER_IRQHandler, 0x0)
                0x00000000                PROVIDE (SPI1_IRQHandler, 0x0)
                0x00000000                PROVIDE (SPI2_IRQHandler, 0x0)
                0x00000000                PROVIDE (USART1_IRQHandler, 0x0)
                0x00000000                PROVIDE (USART2_IRQHandler, 0x0)
                0x00000000                PROVIDE (USART3_IRQHandler, 0x0)
                0x00000000                PROVIDE (EXTI15_10_IRQHandler, 0x0)
                0x00000000                PROVIDE (RTCAlarm_IRQHandler, 0x0)
                0x00000000                PROVIDE (USBWakeUp_IRQHandler, 0x0)
                0x00000000                PROVIDE (TIM8_BRK_IRQHandler, 0x0)
                0x00000000                PROVIDE (TIM8_UP_IRQHandler, 0x0)
                0x00000000                PROVIDE (TIM8_TRG_COM_IRQHandler, 0x0)
                0x00000000                PROVIDE (TIM8_CC_IRQHandler, 0x0)
                0x00000000                PROVIDE (ADC3_IRQHandler, 0x0)
                0x00000000                PROVIDE (FSMC_IRQHandler, 0x0)
                0x00000000                PROVIDE (SDIO_IRQHandler, 0x0)
                0x00000000                PROVIDE (TIM5_IRQHandler, 0x0)
                0x00000000                PROVIDE (SPI3_IRQHandler, 0x0)
                0x00000000                PROVIDE (UART4_IRQHandler, 0x0)
                0x00000000                PROVIDE (UART5_IRQHandler, 0x0)
                0x00000000                PROVIDE (TIM6_IRQHandler, 0x0)
                0x00000000                PROVIDE (TIM7_IRQHandler, 0x0)
                0x00000000                PROVIDE (DMA2_Channel1_IRQHandler, 0x0)
                0x00000000                PROVIDE (DMA2_Channel2_IRQHandler, 0x0)
                0x00000000                PROVIDE (DMA2_Channel3_IRQHandler, 0x0)
                0x00000000                PROVIDE (DMA2_Channel4_5_IRQHandler, 0x0)
                0x42000000                PERIPH_BB_BASE = 0x42000000
                0x22000000                SRAM_BB_BASE = 0x22000000
                0x20000000                SRAM_BASE = 0x20000000
                0x40000000                PERIPH_BASE = 0x40000000
                0x40022000                PROVIDE (FLASH_BASE, 0x40022000)
                0x1ffff800                PROVIDE (OB_BASE, 0x1ffff800)
                0x40000000                APB1PERIPH_BASE = PERIPH_BASE
                0x40010000                APB2PERIPH_BASE = (PERIPH_BASE + 0x10000)
                0x40020000                AHBPERIPH_BASE = (PERIPH_BASE + 0x20000)
                0x40000000                PROVIDE (TIM2, (APB1PERIPH_BASE + 0x0))
                0x40000400                PROVIDE (TIM3, (APB1PERIPH_BASE + 0x400))
                0x40000800                PROVIDE (TIM4, (APB1PERIPH_BASE + 0x800))
                0x40002800                PROVIDE (RTC, (APB1PERIPH_BASE + 0x2800))
                0x40002c00                PROVIDE (WWDG, (APB1PERIPH_BASE + 0x2c00))
                0x40003000                PROVIDE (IWDG, (APB1PERIPH_BASE + 0x3000))
                0x40003800                PROVIDE (SPI2, (APB1PERIPH_BASE + 0x3800))
                0x40004400                PROVIDE (USART2, (APB1PERIPH_BASE + 0x4400))
                0x40004800                PROVIDE (USART3, (APB1PERIPH_BASE + 0x4800))
                0x40005400                PROVIDE (I2C1, (APB1PERIPH_BASE + 0x5400))
                0x40005800                PROVIDE (I2C2, (APB1PERIPH_BASE + 0x5800))
                0x40006400                PROVIDE (CAN, (APB1PERIPH_BASE + 0x6400))
                0x40006c00                PROVIDE (BKP, (APB1PERIPH_BASE + 0x6c00))
                0x40007000                PROVIDE (PWR, (APB1PERIPH_BASE + 0x7000))
                0x40010000                PROVIDE (AFIO, (APB2PERIPH_BASE + 0x0))
                0x40010400                PROVIDE (EXTI, (APB2PERIPH_BASE + 0x400))
                0x40010800                PROVIDE (GPIOA, (APB2PERIPH_BASE + 0x800))
                0x40010c00                PROVIDE (GPIOB, (APB2PERIPH_BASE + 0xc00))
                0x40011000                PROVIDE (GPIOC, (APB2PERIPH_BASE + 0x1000))
                0x40011400                PROVIDE (GPIOD, (APB2PERIPH_BASE + 0x1400))
                0x40011800                PROVIDE (GPIOE, (APB2PERIPH_BASE + 0x1800))
                0x40012400                PROVIDE (ADC1, (APB2PERIPH_BASE + 0x2400))
                0x40012800                PROVIDE (ADC2, (APB2PERIPH_BASE + 0x2800))
                0x40012c00                PROVIDE (TIM1, (APB2PERIPH_BASE + 0x2c00))
                0x40013000                PROVIDE (SPI1, (APB2PERIPH_BASE + 0x3000))
                0x40013800                PROVIDE (USART1, (APB2PERIPH_BASE + 0x3800))
                0x40020000                PROVIDE (DMA, (AHBPERIPH_BASE + 0x0))
                0x40020008                PROVIDE (DMA_Channel1, (AHBPERIPH_BASE + 0x8))
                0x4002001c                PROVIDE (DMA_Channel2, (AHBPERIPH_BASE + 0x1c))
                0x40020030                PROVIDE (DMA_Channel3, (AHBPERIPH_BASE + 0x30))
                0x40020044                PROVIDE (DMA_Channel4, (AHBPERIPH_BASE + 0x44))
                0x40020058                PROVIDE (DMA_Channel5, (AHBPERIPH_BASE + 0x58))
                0x4002006c                PROVIDE (DMA_Channel6, (AHBPERIPH_BASE + 0x6c))
                0x40020080                PROVIDE (DMA_Channel7, (AHBPERIPH_BASE + 0x80))
                0x40021000                PROVIDE (RCC, (AHBPERIPH_BASE + 0x1000))
                0xe000e000                SCS_BASE = 0xe000e000
                0xe000e010                PROVIDE (SysTick, (SCS_BASE + 0x10))
                0xe000e100                PROVIDE (NVIC, (SCS_BASE + 0x100))
                0xe000ed00                PROVIDE (SCB, (SCS_BASE + 0xd00))
                0x20005000                _estack = 0x20005000

.isr_vector     0x08000000      0x10c
                0x08000000                . = ALIGN (0x4)
 *(.isr_vector)
 .isr_vector    0x08000000      0x10c C:\Program Files (x86)\Raisonance\Ride\Lib\ARM\startup_stm32f10x_md.o
                0x08000000                g_pfnVectors
                0x0800010c                . = ALIGN (0x4)

.flash_start    0x00000000        0x0
                0x00000000                . = ALIGN (0x4)
 *(.flash_start)
 *(.flash_start.*)
                0x00000000                . = ALIGN (0x4)

.crp_patch      0x00000000        0x0
                0x00000000                . = ALIGN (0x4)
 *(.crp_patch)
                0x00000000                . = ALIGN (0x4)

.flashtext      0x0800010c        0x0
                0x0800010c                . = ALIGN (0x4)
 *(.flashtext)
                0x0800010c                . = ALIGN (0x4)

.text           0x08000110     0x4720
                0x08000110                . = ALIGN (0x4)
 *(.text)
 .text          0x08000110       0x48 C:\Program Files (x86)\Raisonance\Ride\Lib\ARM\smallprintf_thumb.a(_SP_sprintf.o)
                0x08000110                sprintf
 .text          0x08000158      0x6a8 C:\Program Files (x86)\Raisonance\Ride\Lib\ARM\smallprintf_thumb.a(_SP_vfprintf.o)
                0x08000158                _vfiprintf_r
                0x080007dc                vfiprintf
 .text          0x08000800       0x84 C:\Program Files (x86)\Raisonance\Ride\Lib\ARM\smallprintf_thumb.a(_SP_puts.o)
                0x08000800                _SMALL_PRINTF_puts
                0x0800085c                puts
 .text          0x08000884       0x88 c:/program files (x86)/raisonance/ride/arm-gcc/bin/../lib/gcc/arm-none-eabi/4.5.1/../../../../arm-none-eabi/lib/thumb2\libc.a(lib_a-memchr.o)
                0x08000884                memchr
 .text          0x0800090c       0x60 c:/program files (x86)/raisonance/ride/arm-gcc/bin/../lib/gcc/arm-none-eabi/4.5.1/../../../../arm-none-eabi/lib/thumb2\libc.a(lib_a-strlen.o)
                0x0800090c                strlen
 .text          0x0800096c       0xd0 c:/program files (x86)/raisonance/ride/arm-gcc/bin/../lib/gcc/arm-none-eabi/4.5.1/../../../../arm-none-eabi/lib/thumb2\libc.a(lib_a-wcrtomb.o)
                0x0800096c                _wcrtomb_r
                0x080009c8                wcrtomb
 .text          0x08000a3c       0x3c c:/program files (x86)/raisonance/ride/arm-gcc/bin/../lib/gcc/arm-none-eabi/4.5.1/../../../../arm-none-eabi/lib/thumb2\libc.a(lib_a-wcsrtombs.o)
                0x08000a3c                _wcsrtombs_r
                0x08000a54                wcsrtombs
 .text          0x08000a78       0x4c c:/program files (x86)/raisonance/ride/arm-gcc/bin/../lib/gcc/arm-none-eabi/4.5.1/../../../../arm-none-eabi/lib/thumb2\libc.a(lib_a-wctomb_r.o)
                0x08000a78                __ascii_wctomb
                0x08000a94                _wctomb_r
 .text          0x08000ac4       0xa0 c:/program files (x86)/raisonance/ride/arm-gcc/bin/../lib/gcc/arm-none-eabi/4.5.1/../../../../arm-none-eabi/lib/thumb2\libc.a(lib_a-locale.o)
                0x08000ac4                _setlocale_r
                0x08000b20                __locale_charset
                0x08000b2c                __locale_mb_cur_max
                0x08000b38                __locale_msgcharset
                0x08000b40                __locale_cjk_lang
                0x08000b44                _localeconv_r
                0x08000b4c                setlocale
                0x08000b5c                localeconv
 .text          0x08000b64      0x1dc c:/program files (x86)/raisonance/ride/arm-gcc/bin/../lib/gcc/arm-none-eabi/4.5.1/../../../../arm-none-eabi/lib/thumb2\libc.a(lib_a-strcmp.o)
                0x08000b64                strcmp
 .text          0x08000d40      0x10c c:/program files (x86)/raisonance/ride/arm-gcc/bin/../lib/gcc/arm-none-eabi/4.5.1/../../../../arm-none-eabi/lib/thumb2\libc.a(lib_a-wcsnrtombs.o)
                0x08000d40                _wcsnrtombs_r
                0x08000e24                wcsnrtombs
 .text          0x08000e4c       0xac c:/program files (x86)/raisonance/ride/arm-gcc/bin/../lib/gcc/arm-none-eabi/4.5.1/../../../../arm-none-eabi/lib/thumb2\libm.a(lib_a-w_sqrt.o)
                0x08000e4c                sqrt
 .text          0x08000ef8      0x1c0 c:/program files (x86)/raisonance/ride/arm-gcc/bin/../lib/gcc/arm-none-eabi/4.5.1/../../../../arm-none-eabi/lib/thumb2\libm.a(lib_a-e_sqrt.o)
                0x08000ef8                __ieee754_sqrt
 .text          0x080010b8       0x90 c:/program files (x86)/raisonance/ride/arm-gcc/bin/../lib/gcc/arm-none-eabi/4.5.1/../../../../arm-none-eabi/lib/thumb2\libm.a(lib_a-s_fpclassify.o)
                0x080010b8                __fpclassifyd
 .text          0x08001148        0x4 c:/program files (x86)/raisonance/ride/arm-gcc/bin/../lib/gcc/arm-none-eabi/4.5.1/../../../../arm-none-eabi/lib/thumb2\libm.a(lib_a-s_matherr.o)
                0x08001148                matherr
 .text          0x0800114c        0xc c:/program files (x86)/raisonance/ride/arm-gcc/bin/../lib/gcc/arm-none-eabi/4.5.1/../../../../arm-none-eabi/lib/thumb2\libc.a(lib_a-errno.o)
                0x0800114c                __errno
 .text          0x08001158      0x278 c:/program files (x86)/raisonance/ride/arm-gcc/bin/../lib/gcc/arm-none-eabi/4.5.1/thumb2\libgcc.a(_udivsi3.o)
                0x08001158                __aeabi_uidiv
                0x08001158                __udivsi3
                0x080013b4                __aeabi_uidivmod
 .text          0x080013d0        0x4 c:/program files (x86)/raisonance/ride/arm-gcc/bin/../lib/gcc/arm-none-eabi/4.5.1/thumb2\libgcc.a(_dvmd_tls.o)
                0x080013d0                __aeabi_idiv0
                0x080013d0                __aeabi_ldiv0
 .text          0x080013d4      0x370 c:/program files (x86)/raisonance/ride/arm-gcc/bin/../lib/gcc/arm-none-eabi/4.5.1/thumb2\libgcc.a(_arm_addsubdf3.o)
                0x080013d4                __aeabi_drsub
                0x080013dc                __aeabi_dsub
                0x080013dc                __subdf3
                0x080013e0                __aeabi_dadd
                0x080013e0                __adddf3
                0x08001658                __floatunsidf
                0x08001658                __aeabi_ui2d
                0x08001678                __floatsidf
                0x08001678                __aeabi_i2d
                0x0800169c                __aeabi_f2d
                0x0800169c                __extendsfdf2
                0x080016d8                __floatundidf
                0x080016d8                __aeabi_ul2d
                0x080016e8                __floatdidf
                0x080016e8                __aeabi_l2d
 .text          0x08001744      0x424 c:/program files (x86)/raisonance/ride/arm-gcc/bin/../lib/gcc/arm-none-eabi/4.5.1/thumb2\libgcc.a(_arm_muldivdf3.o)
                0x08001744                __aeabi_dmul
                0x08001744                __muldf3
                0x08001998                __divdf3
                0x08001998                __aeabi_ddiv
 .text          0x08001b68      0x110 c:/program files (x86)/raisonance/ride/arm-gcc/bin/../lib/gcc/arm-none-eabi/4.5.1/thumb2\libgcc.a(_arm_cmpdf2.o)
                0x08001b68                __gtdf2
                0x08001b68                __gedf2
                0x08001b70                __ltdf2
                0x08001b70                __ledf2
                0x08001b78                __nedf2
                0x08001b78                __eqdf2
                0x08001b78                __cmpdf2
                0x08001bf4                __aeabi_cdrcmple
                0x08001c04                __aeabi_cdcmpeq
                0x08001c04                __aeabi_cdcmple
                0x08001c14                __aeabi_dcmpeq
                0x08001c28                __aeabi_dcmplt
                0x08001c3c                __aeabi_dcmple
                0x08001c50                __aeabi_dcmpge
                0x08001c64                __aeabi_dcmpgt
 .text          0x08001c78       0x50 c:/program files (x86)/raisonance/ride/arm-gcc/bin/../lib/gcc/arm-none-eabi/4.5.1/thumb2\libgcc.a(_arm_fixdfsi.o)
                0x08001c78                __aeabi_d2iz
                0x08001c78                __fixdfsi
 .text          0x08001cc8       0xa0 c:/program files (x86)/raisonance/ride/arm-gcc/bin/../lib/gcc/arm-none-eabi/4.5.1/thumb2\libgcc.a(_arm_truncdfsf2.o)
                0x08001cc8                __truncdfsf2
                0x08001cc8                __aeabi_d2f
 .text          0x08001d68      0x21c c:/program files (x86)/raisonance/ride/arm-gcc/bin/../lib/gcc/arm-none-eabi/4.5.1/thumb2\libgcc.a(_arm_addsubsf3.o)
                0x08001d68                __aeabi_frsub
                0x08001d70                __subsf3
                0x08001d70                __aeabi_fsub
                0x08001d74                __aeabi_fadd
                0x08001d74                __addsf3
                0x08001ed4                __aeabi_ui2f
                0x08001ed4                __floatunsisf
                0x08001edc                __aeabi_i2f
                0x08001edc                __floatsisf
                0x08001ef8                __aeabi_ul2f
                0x08001ef8                __floatundisf
                0x08001f08                __aeabi_l2f
                0x08001f08                __floatdisf
 .text          0x08001f84      0x2a0 c:/program files (x86)/raisonance/ride/arm-gcc/bin/../lib/gcc/arm-none-eabi/4.5.1/thumb2\libgcc.a(_arm_muldivsf3.o)
                0x08001f84                __mulsf3
                0x08001f84                __aeabi_fmul
                0x080020ec                __aeabi_fdiv
                0x080020ec                __divsf3
 .text          0x08002224       0x4c c:/program files (x86)/raisonance/ride/arm-gcc/bin/../lib/gcc/arm-none-eabi/4.5.1/thumb2\libgcc.a(_arm_fixsfsi.o)
                0x08002224                __aeabi_f2iz
                0x08002224                __fixsfsi
 *(.text.*)
 .text.Reset_Handler
                0x08002270       0x40 C:\Program Files (x86)\Raisonance\Ride\Lib\ARM\startup_stm32f10x_md.o
                0x08002270                Reset_Handler
 .text.Default_Handler
                0x080022b0        0x2 C:\Program Files (x86)\Raisonance\Ride\Lib\ARM\startup_stm32f10x_md.o
                0x080022b0                DebugMon_Handler
                0x080022b0                HardFault_Handler
                0x080022b0                SysTick_Handler
                0x080022b0                PendSV_Handler
                0x080022b0                NMI_Handler
                0x080022b0                UsageFault_Handler
                0x080022b0                CAN1_RX1_IRQHandler
                0x080022b0                Default_Handler
                0x080022b0                MemManage_Handler
                0x080022b0                SVC_Handler
                0x080022b0                USB_LP_CAN1_RX0_IRQHandler
                0x080022b0                USB_HP_CAN1_TX_IRQHandler
                0x080022b0                CAN1_SCE_IRQHandler
                0x080022b0                BusFault_Handler
 *fill*         0x080022b2        0x2 00
 .text.RCC_Config_HSE_PLL_Max
                0x080022b4       0x6c C:\Users\fv\Desktop\STM32_LAMEC_CAN\TAMA\SPI\project\RIDE\obj\main.o
                0x080022b4                RCC_Config_HSE_PLL_Max
 .text.rcc      0x08002320       0x1c C:\Users\fv\Desktop\STM32_LAMEC_CAN\TAMA\SPI\project\RIDE\obj\main.o
                0x08002320                rcc
 .text.gpio     0x0800233c       0xdc C:\Users\fv\Desktop\STM32_LAMEC_CAN\TAMA\SPI\project\RIDE\obj\main.o
                0x0800233c                gpio
 .text.spi      0x08002418       0x54 C:\Users\fv\Desktop\STM32_LAMEC_CAN\TAMA\SPI\project\RIDE\obj\main.o
                0x08002418                spi
 .text.SPI_read
                0x0800246c       0xcc C:\Users\fv\Desktop\STM32_LAMEC_CAN\TAMA\SPI\project\RIDE\obj\main.o
                0x0800246c                SPI_read
 .text.SPI_send
                0x08002538       0xc4 C:\Users\fv\Desktop\STM32_LAMEC_CAN\TAMA\SPI\project\RIDE\obj\main.o
                0x08002538                SPI_send
 *fill*         0x080025fc        0x4 00
 .text.acc      0x08002600      0x3d8 C:\Users\fv\Desktop\STM32_LAMEC_CAN\TAMA\SPI\project\RIDE\obj\main.o
                0x08002600                acc
 .text.clearcircle
                0x080029d8      0x108 C:\Users\fv\Desktop\STM32_LAMEC_CAN\TAMA\SPI\project\RIDE\obj\main.o
                0x080029d8                clearcircle
 .text.drawcircle
                0x08002ae0      0x108 C:\Users\fv\Desktop\STM32_LAMEC_CAN\TAMA\SPI\project\RIDE\obj\main.o
                0x08002ae0                drawcircle
 .text.alvo     0x08002be8       0x98 C:\Users\fv\Desktop\STM32_LAMEC_CAN\TAMA\SPI\project\RIDE\obj\main.o
                0x08002be8                alvo
 .text.bola     0x08002c80       0xb0 C:\Users\fv\Desktop\STM32_LAMEC_CAN\TAMA\SPI\project\RIDE\obj\main.o
                0x08002c80                bola
 .text.nvic     0x08002d30       0x38 C:\Users\fv\Desktop\STM32_LAMEC_CAN\TAMA\SPI\project\RIDE\obj\main.o
                0x08002d30                nvic
 .text.usart    0x08002d68       0x58 C:\Users\fv\Desktop\STM32_LAMEC_CAN\TAMA\SPI\project\RIDE\obj\main.o
                0x08002d68                usart
 .text.main     0x08002dc0      0x274 C:\Users\fv\Desktop\STM32_LAMEC_CAN\TAMA\SPI\project\RIDE\obj\main.o
                0x08002dc0                main
 .text.WWDG_IRQHandler
                0x08003034        0x4 C:\Users\fv\Desktop\STM32_LAMEC_CAN\TAMA\SPI\project\RIDE\obj\stm32f10x_it.o
                0x08003034                WWDG_IRQHandler
 .text.PVD_IRQHandler
                0x08003038        0x4 C:\Users\fv\Desktop\STM32_LAMEC_CAN\TAMA\SPI\project\RIDE\obj\stm32f10x_it.o
                0x08003038                PVD_IRQHandler
 .text.TAMPER_IRQHandler
                0x0800303c        0x4 C:\Users\fv\Desktop\STM32_LAMEC_CAN\TAMA\SPI\project\RIDE\obj\stm32f10x_it.o
                0x0800303c                TAMPER_IRQHandler
 .text.RTC_IRQHandler
                0x08003040        0x4 C:\Users\fv\Desktop\STM32_LAMEC_CAN\TAMA\SPI\project\RIDE\obj\stm32f10x_it.o
                0x08003040                RTC_IRQHandler
 .text.FLASH_IRQHandler
                0x08003044        0x4 C:\Users\fv\Desktop\STM32_LAMEC_CAN\TAMA\SPI\project\RIDE\obj\stm32f10x_it.o
                0x08003044                FLASH_IRQHandler
 .text.RCC_IRQHandler
                0x08003048        0x4 C:\Users\fv\Desktop\STM32_LAMEC_CAN\TAMA\SPI\project\RIDE\obj\stm32f10x_it.o
                0x08003048                RCC_IRQHandler
 .text.EXTI0_IRQHandler
                0x0800304c       0x48 C:\Users\fv\Desktop\STM32_LAMEC_CAN\TAMA\SPI\project\RIDE\obj\stm32f10x_it.o
                0x0800304c                EXTI0_IRQHandler
 .text.EXTI1_IRQHandler
                0x08003094        0x4 C:\Users\fv\Desktop\STM32_LAMEC_CAN\TAMA\SPI\project\RIDE\obj\stm32f10x_it.o
                0x08003094                EXTI1_IRQHandler
 .text.EXTI2_IRQHandler
                0x08003098        0x4 C:\Users\fv\Desktop\STM32_LAMEC_CAN\TAMA\SPI\project\RIDE\obj\stm32f10x_it.o
                0x08003098                EXTI2_IRQHandler
 .text.EXTI3_IRQHandler
                0x0800309c        0x4 C:\Users\fv\Desktop\STM32_LAMEC_CAN\TAMA\SPI\project\RIDE\obj\stm32f10x_it.o
                0x0800309c                EXTI3_IRQHandler
 .text.EXTI4_IRQHandler
                0x080030a0        0x4 C:\Users\fv\Desktop\STM32_LAMEC_CAN\TAMA\SPI\project\RIDE\obj\stm32f10x_it.o
                0x080030a0                EXTI4_IRQHandler
 .text.DMA1_Channel1_IRQHandler
                0x080030a4        0x4 C:\Users\fv\Desktop\STM32_LAMEC_CAN\TAMA\SPI\project\RIDE\obj\stm32f10x_it.o
                0x080030a4                DMA1_Channel1_IRQHandler
 .text.DMA1_Channel2_IRQHandler
                0x080030a8        0x4 C:\Users\fv\Desktop\STM32_LAMEC_CAN\TAMA\SPI\project\RIDE\obj\stm32f10x_it.o
                0x080030a8                DMA1_Channel2_IRQHandler
 .text.DMA1_Channel3_IRQHandler
                0x080030ac        0x4 C:\Users\fv\Desktop\STM32_LAMEC_CAN\TAMA\SPI\project\RIDE\obj\stm32f10x_it.o
                0x080030ac                DMA1_Channel3_IRQHandler
 .text.DMA1_Channel4_IRQHandler
                0x080030b0        0x4 C:\Users\fv\Desktop\STM32_LAMEC_CAN\TAMA\SPI\project\RIDE\obj\stm32f10x_it.o
                0x080030b0                DMA1_Channel4_IRQHandler
 .text.DMA1_Channel5_IRQHandler
                0x080030b4        0x4 C:\Users\fv\Desktop\STM32_LAMEC_CAN\TAMA\SPI\project\RIDE\obj\stm32f10x_it.o
                0x080030b4                DMA1_Channel5_IRQHandler
 .text.DMA1_Channel6_IRQHandler
                0x080030b8        0x4 C:\Users\fv\Desktop\STM32_LAMEC_CAN\TAMA\SPI\project\RIDE\obj\stm32f10x_it.o
                0x080030b8                DMA1_Channel6_IRQHandler
 .text.DMA1_Channel7_IRQHandler
                0x080030bc        0x4 C:\Users\fv\Desktop\STM32_LAMEC_CAN\TAMA\SPI\project\RIDE\obj\stm32f10x_it.o
                0x080030bc                DMA1_Channel7_IRQHandler
 .text.ADC1_2_IRQHandler
                0x080030c0        0x4 C:\Users\fv\Desktop\STM32_LAMEC_CAN\TAMA\SPI\project\RIDE\obj\stm32f10x_it.o
                0x080030c0                ADC1_2_IRQHandler
 .text.EXTI9_5_IRQHandler
                0x080030c4        0x4 C:\Users\fv\Desktop\STM32_LAMEC_CAN\TAMA\SPI\project\RIDE\obj\stm32f10x_it.o
                0x080030c4                EXTI9_5_IRQHandler
 .text.TIM1_BRK_IRQHandler
                0x080030c8        0x4 C:\Users\fv\Desktop\STM32_LAMEC_CAN\TAMA\SPI\project\RIDE\obj\stm32f10x_it.o
                0x080030c8                TIM1_BRK_IRQHandler
 .text.TIM1_UP_IRQHandler
                0x080030cc        0x4 C:\Users\fv\Desktop\STM32_LAMEC_CAN\TAMA\SPI\project\RIDE\obj\stm32f10x_it.o
                0x080030cc                TIM1_UP_IRQHandler
 .text.TIM1_TRG_COM_IRQHandler
                0x080030d0        0x4 C:\Users\fv\Desktop\STM32_LAMEC_CAN\TAMA\SPI\project\RIDE\obj\stm32f10x_it.o
                0x080030d0                TIM1_TRG_COM_IRQHandler
 .text.TIM1_CC_IRQHandler
                0x080030d4        0x4 C:\Users\fv\Desktop\STM32_LAMEC_CAN\TAMA\SPI\project\RIDE\obj\stm32f10x_it.o
                0x080030d4                TIM1_CC_IRQHandler
 .text.TIM2_IRQHandler
                0x080030d8        0x4 C:\Users\fv\Desktop\STM32_LAMEC_CAN\TAMA\SPI\project\RIDE\obj\stm32f10x_it.o
                0x080030d8                TIM2_IRQHandler
 .text.TIM3_IRQHandler
                0x080030dc        0x4 C:\Users\fv\Desktop\STM32_LAMEC_CAN\TAMA\SPI\project\RIDE\obj\stm32f10x_it.o
                0x080030dc                TIM3_IRQHandler
 .text.TIM4_IRQHandler
                0x080030e0        0x4 C:\Users\fv\Desktop\STM32_LAMEC_CAN\TAMA\SPI\project\RIDE\obj\stm32f10x_it.o
                0x080030e0                TIM4_IRQHandler
 .text.I2C1_EV_IRQHandler
                0x080030e4        0x4 C:\Users\fv\Desktop\STM32_LAMEC_CAN\TAMA\SPI\project\RIDE\obj\stm32f10x_it.o
                0x080030e4                I2C1_EV_IRQHandler
 .text.I2C1_ER_IRQHandler
                0x080030e8        0x4 C:\Users\fv\Desktop\STM32_LAMEC_CAN\TAMA\SPI\project\RIDE\obj\stm32f10x_it.o
                0x080030e8                I2C1_ER_IRQHandler
 .text.I2C2_EV_IRQHandler
                0x080030ec        0x4 C:\Users\fv\Desktop\STM32_LAMEC_CAN\TAMA\SPI\project\RIDE\obj\stm32f10x_it.o
                0x080030ec                I2C2_EV_IRQHandler
 .text.I2C2_ER_IRQHandler
                0x080030f0        0x4 C:\Users\fv\Desktop\STM32_LAMEC_CAN\TAMA\SPI\project\RIDE\obj\stm32f10x_it.o
                0x080030f0                I2C2_ER_IRQHandler
 .text.SPI1_IRQHandler
                0x080030f4        0x4 C:\Users\fv\Desktop\STM32_LAMEC_CAN\TAMA\SPI\project\RIDE\obj\stm32f10x_it.o
                0x080030f4                SPI1_IRQHandler
 .text.SPI2_IRQHandler
                0x080030f8        0x4 C:\Users\fv\Desktop\STM32_LAMEC_CAN\TAMA\SPI\project\RIDE\obj\stm32f10x_it.o
                0x080030f8                SPI2_IRQHandler
 .text.USART1_IRQHandler
                0x080030fc        0x4 C:\Users\fv\Desktop\STM32_LAMEC_CAN\TAMA\SPI\project\RIDE\obj\stm32f10x_it.o
                0x080030fc                USART1_IRQHandler
 .text.USART2_IRQHandler
                0x08003100       0x24 C:\Users\fv\Desktop\STM32_LAMEC_CAN\TAMA\SPI\project\RIDE\obj\stm32f10x_it.o
                0x08003100                USART2_IRQHandler
 .text.USART3_IRQHandler
                0x08003124        0x4 C:\Users\fv\Desktop\STM32_LAMEC_CAN\TAMA\SPI\project\RIDE\obj\stm32f10x_it.o
                0x08003124                USART3_IRQHandler
 .text.EXTI15_10_IRQHandler
                0x08003128        0x4 C:\Users\fv\Desktop\STM32_LAMEC_CAN\TAMA\SPI\project\RIDE\obj\stm32f10x_it.o
                0x08003128                EXTI15_10_IRQHandler
 .text.RTCAlarm_IRQHandler
                0x0800312c        0x4 C:\Users\fv\Desktop\STM32_LAMEC_CAN\TAMA\SPI\project\RIDE\obj\stm32f10x_it.o
                0x0800312c                RTCAlarm_IRQHandler
 .text.USBWakeUp_IRQHandler
                0x08003130        0x4 C:\Users\fv\Desktop\STM32_LAMEC_CAN\TAMA\SPI\project\RIDE\obj\stm32f10x_it.o
                0x08003130                USBWakeUp_IRQHandler
 .text.EXTI_ClearITPendingBit
                0x08003134        0xc C:\Users\fv\Desktop\STM32_LAMEC_CAN\TAMA\SPI\project\RIDE\obj\stm32f10x_exti.o
                0x08003134                EXTI_ClearITPendingBit
 .text.FLASH_SetLatency
                0x08003140       0x1c C:\Users\fv\Desktop\STM32_LAMEC_CAN\TAMA\SPI\project\RIDE\obj\stm32f10x_flash.o
                0x08003140                FLASH_SetLatency
 .text.GPIO_DeInit
                0x0800315c      0x11c C:\Users\fv\Desktop\STM32_LAMEC_CAN\TAMA\SPI\project\RIDE\obj\stm32f10x_gpio.o
                0x0800315c                GPIO_DeInit
 .text.GPIO_Init
                0x08003278       0xc4 C:\Users\fv\Desktop\STM32_LAMEC_CAN\TAMA\SPI\project\RIDE\obj\stm32f10x_gpio.o
                0x08003278                GPIO_Init
 .text.GPIO_ReadInputDataBit
                0x0800333c        0xc C:\Users\fv\Desktop\STM32_LAMEC_CAN\TAMA\SPI\project\RIDE\obj\stm32f10x_gpio.o
                0x0800333c                GPIO_ReadInputDataBit
 .text.GPIO_ReadInputData
                0x08003348        0x8 C:\Users\fv\Desktop\STM32_LAMEC_CAN\TAMA\SPI\project\RIDE\obj\stm32f10x_gpio.o
                0x08003348                GPIO_ReadInputData
 .text.GPIO_ReadOutputDataBit
                0x08003350        0xc C:\Users\fv\Desktop\STM32_LAMEC_CAN\TAMA\SPI\project\RIDE\obj\stm32f10x_gpio.o
                0x08003350                GPIO_ReadOutputDataBit
 .text.GPIO_WriteBit
                0x0800335c        0xc C:\Users\fv\Desktop\STM32_LAMEC_CAN\TAMA\SPI\project\RIDE\obj\stm32f10x_gpio.o
                0x0800335c                GPIO_WriteBit
 .text.NVIC_PriorityGroupConfig
                0x08003368       0x14 C:\Users\fv\Desktop\STM32_LAMEC_CAN\TAMA\SPI\project\RIDE\obj\stm32f10x_nvic.o
                0x08003368                NVIC_PriorityGroupConfig
 .text.NVIC_Init
                0x0800337c       0xac C:\Users\fv\Desktop\STM32_LAMEC_CAN\TAMA\SPI\project\RIDE\obj\stm32f10x_nvic.o
                0x0800337c                NVIC_Init
 .text.RCC_DeInit
                0x08003428       0x44 C:\Users\fv\Desktop\STM32_LAMEC_CAN\TAMA\SPI\project\RIDE\obj\stm32f10x_rcc.o
                0x08003428                RCC_DeInit
 .text.RCC_HSEConfig
                0x0800346c       0x4c C:\Users\fv\Desktop\STM32_LAMEC_CAN\TAMA\SPI\project\RIDE\obj\stm32f10x_rcc.o
                0x0800346c                RCC_HSEConfig
 .text.RCC_PLLConfig
                0x080034b8       0x18 C:\Users\fv\Desktop\STM32_LAMEC_CAN\TAMA\SPI\project\RIDE\obj\stm32f10x_rcc.o
                0x080034b8                RCC_PLLConfig
 .text.RCC_PLLCmd
                0x080034d0        0xc C:\Users\fv\Desktop\STM32_LAMEC_CAN\TAMA\SPI\project\RIDE\obj\stm32f10x_rcc.o
                0x080034d0                RCC_PLLCmd
 .text.RCC_SYSCLKConfig
                0x080034dc       0x18 C:\Users\fv\Desktop\STM32_LAMEC_CAN\TAMA\SPI\project\RIDE\obj\stm32f10x_rcc.o
                0x080034dc                RCC_SYSCLKConfig
 .text.RCC_GetSYSCLKSource
                0x080034f4       0x10 C:\Users\fv\Desktop\STM32_LAMEC_CAN\TAMA\SPI\project\RIDE\obj\stm32f10x_rcc.o
                0x080034f4                RCC_GetSYSCLKSource
 .text.RCC_HCLKConfig
                0x08003504       0x18 C:\Users\fv\Desktop\STM32_LAMEC_CAN\TAMA\SPI\project\RIDE\obj\stm32f10x_rcc.o
                0x08003504                RCC_HCLKConfig
 .text.RCC_PCLK1Config
                0x0800351c       0x18 C:\Users\fv\Desktop\STM32_LAMEC_CAN\TAMA\SPI\project\RIDE\obj\stm32f10x_rcc.o
                0x0800351c                RCC_PCLK1Config
 .text.RCC_PCLK2Config
                0x08003534       0x18 C:\Users\fv\Desktop\STM32_LAMEC_CAN\TAMA\SPI\project\RIDE\obj\stm32f10x_rcc.o
                0x08003534                RCC_PCLK2Config
 .text.RCC_GetClocksFreq
                0x0800354c       0xe0 C:\Users\fv\Desktop\STM32_LAMEC_CAN\TAMA\SPI\project\RIDE\obj\stm32f10x_rcc.o
                0x0800354c                RCC_GetClocksFreq
 .text.RCC_APB2PeriphClockCmd
                0x0800362c       0x24 C:\Users\fv\Desktop\STM32_LAMEC_CAN\TAMA\SPI\project\RIDE\obj\stm32f10x_rcc.o
                0x0800362c                RCC_APB2PeriphClockCmd
 .text.RCC_APB1PeriphClockCmd
                0x08003650       0x24 C:\Users\fv\Desktop\STM32_LAMEC_CAN\TAMA\SPI\project\RIDE\obj\stm32f10x_rcc.o
                0x08003650                RCC_APB1PeriphClockCmd
 .text.RCC_APB2PeriphResetCmd
                0x08003674       0x24 C:\Users\fv\Desktop\STM32_LAMEC_CAN\TAMA\SPI\project\RIDE\obj\stm32f10x_rcc.o
                0x08003674                RCC_APB2PeriphResetCmd
 .text.RCC_APB1PeriphResetCmd
                0x08003698       0x24 C:\Users\fv\Desktop\STM32_LAMEC_CAN\TAMA\SPI\project\RIDE\obj\stm32f10x_rcc.o
                0x08003698                RCC_APB1PeriphResetCmd
 .text.RCC_GetFlagStatus
                0x080036bc       0x34 C:\Users\fv\Desktop\STM32_LAMEC_CAN\TAMA\SPI\project\RIDE\obj\stm32f10x_rcc.o
                0x080036bc                RCC_GetFlagStatus
 .text.RCC_WaitForHSEStartUp
                0x080036f0       0x38 C:\Users\fv\Desktop\STM32_LAMEC_CAN\TAMA\SPI\project\RIDE\obj\stm32f10x_rcc.o
                0x080036f0                RCC_WaitForHSEStartUp
 .text.SPI_Init
                0x08003728       0x48 C:\Users\fv\Desktop\STM32_LAMEC_CAN\TAMA\SPI\project\RIDE\obj\stm32f10x_spi.o
                0x08003728                SPI_Init
 .text.SPI_Cmd  0x08003770       0x20 C:\Users\fv\Desktop\STM32_LAMEC_CAN\TAMA\SPI\project\RIDE\obj\stm32f10x_spi.o
                0x08003770                SPI_Cmd
 .text.SPI_I2S_SendData
                0x08003790        0x4 C:\Users\fv\Desktop\STM32_LAMEC_CAN\TAMA\SPI\project\RIDE\obj\stm32f10x_spi.o
                0x08003790                SPI_I2S_SendData
 .text.SPI_I2S_ReceiveData
                0x08003794        0x8 C:\Users\fv\Desktop\STM32_LAMEC_CAN\TAMA\SPI\project\RIDE\obj\stm32f10x_spi.o
                0x08003794                SPI_I2S_ReceiveData
 .text.SPI_I2S_GetFlagStatus
                0x0800379c        0xc C:\Users\fv\Desktop\STM32_LAMEC_CAN\TAMA\SPI\project\RIDE\obj\stm32f10x_spi.o
                0x0800379c                SPI_I2S_GetFlagStatus
 .text.TIM_DeInit
                0x080037a8      0x14c C:\Users\fv\Desktop\STM32_LAMEC_CAN\TAMA\SPI\project\RIDE\obj\stm32f10x_tim.o
                0x080037a8                TIM_DeInit
 .text.TIM_TimeBaseInit
                0x080038f4       0x50 C:\Users\fv\Desktop\STM32_LAMEC_CAN\TAMA\SPI\project\RIDE\obj\stm32f10x_tim.o
                0x080038f4                TIM_TimeBaseInit
 .text.TIM_OC2Init
                0x08003944       0xb0 C:\Users\fv\Desktop\STM32_LAMEC_CAN\TAMA\SPI\project\RIDE\obj\stm32f10x_tim.o
                0x08003944                TIM_OC2Init
 .text.TIM_TimeBaseStructInit
                0x080039f4       0x14 C:\Users\fv\Desktop\STM32_LAMEC_CAN\TAMA\SPI\project\RIDE\obj\stm32f10x_tim.o
                0x080039f4                TIM_TimeBaseStructInit
 .text.TIM_OCStructInit
                0x08003a08       0x18 C:\Users\fv\Desktop\STM32_LAMEC_CAN\TAMA\SPI\project\RIDE\obj\stm32f10x_tim.o
                0x08003a08                TIM_OCStructInit
 .text.TIM_Cmd  0x08003a20       0x20 C:\Users\fv\Desktop\STM32_LAMEC_CAN\TAMA\SPI\project\RIDE\obj\stm32f10x_tim.o
                0x08003a20                TIM_Cmd
 .text.TIM_ITConfig
                0x08003a40       0x18 C:\Users\fv\Desktop\STM32_LAMEC_CAN\TAMA\SPI\project\RIDE\obj\stm32f10x_tim.o
                0x08003a40                TIM_ITConfig
 .text.TIM_ARRPreloadConfig
                0x08003a58       0x20 C:\Users\fv\Desktop\STM32_LAMEC_CAN\TAMA\SPI\project\RIDE\obj\stm32f10x_tim.o
                0x08003a58                TIM_ARRPreloadConfig
 .text.TIM_OC4PreloadConfig
                0x08003a78       0x18 C:\Users\fv\Desktop\STM32_LAMEC_CAN\TAMA\SPI\project\RIDE\obj\stm32f10x_tim.o
                0x08003a78                TIM_OC4PreloadConfig
 .text.USART_DeInit
                0x08003a90       0xd0 C:\Users\fv\Desktop\STM32_LAMEC_CAN\TAMA\SPI\project\RIDE\obj\stm32f10x_usart.o
                0x08003a90                USART_DeInit
 .text.USART_Init
                0x08003b60       0xb4 C:\Users\fv\Desktop\STM32_LAMEC_CAN\TAMA\SPI\project\RIDE\obj\stm32f10x_usart.o
                0x08003b60                USART_Init
 .text.USART_Cmd
                0x08003c14       0x20 C:\Users\fv\Desktop\STM32_LAMEC_CAN\TAMA\SPI\project\RIDE\obj\stm32f10x_usart.o
                0x08003c14                USART_Cmd
 .text.USART_ITConfig
                0x08003c34       0x3c C:\Users\fv\Desktop\STM32_LAMEC_CAN\TAMA\SPI\project\RIDE\obj\stm32f10x_usart.o
                0x08003c34                USART_ITConfig
 .text.USART_SendData
                0x08003c70        0xc C:\Users\fv\Desktop\STM32_LAMEC_CAN\TAMA\SPI\project\RIDE\obj\stm32f10x_usart.o
                0x08003c70                USART_SendData
 .text.USART_ReceiveData
                0x08003c7c        0xc C:\Users\fv\Desktop\STM32_LAMEC_CAN\TAMA\SPI\project\RIDE\obj\stm32f10x_usart.o
                0x08003c7c                USART_ReceiveData
 .text.USART_GetFlagStatus
                0x08003c88        0xc C:\Users\fv\Desktop\STM32_LAMEC_CAN\TAMA\SPI\project\RIDE\obj\stm32f10x_usart.o
                0x08003c88                USART_GetFlagStatus
 .text.USART_ClearITPendingBit
                0x08003c94       0x18 C:\Users\fv\Desktop\STM32_LAMEC_CAN\TAMA\SPI\project\RIDE\obj\stm32f10x_usart.o
                0x08003c94                USART_ClearITPendingBit
 .text.UTIL_ReadBackupRegister
                0x08003cac       0x14 C:\Users\fv\Desktop\STM32_LAMEC_CAN\TAMA\SPI\project\RIDE\obj\Util.o
                0x08003cac                UTIL_ReadBackupRegister
 .text.DRAW_SetDefaultColor
                0x08003cc0       0x18 C:\Users\fv\Desktop\STM32_LAMEC_CAN\TAMA\SPI\project\RIDE\obj\draw.o
                0x08003cc0                DRAW_SetDefaultColor
 .text.DRAW_Init
                0x08003cd8       0x94 C:\Users\fv\Desktop\STM32_LAMEC_CAN\TAMA\SPI\project\RIDE\obj\draw.o
                0x08003cd8                DRAW_Init
 .text.LCD_DataLinesWrite
                0x08003d6c       0x10 C:\Users\fv\Desktop\STM32_LAMEC_CAN\TAMA\SPI\project\RIDE\obj\lcd.o
 .text.LCD_CtrlLinesWrite
                0x08003d7c        0xc C:\Users\fv\Desktop\STM32_LAMEC_CAN\TAMA\SPI\project\RIDE\obj\lcd.o
 .text.LCD_DataLinesConfig
                0x08003d88       0x3c C:\Users\fv\Desktop\STM32_LAMEC_CAN\TAMA\SPI\project\RIDE\obj\lcd.o
 .text.starting_delay
                0x08003dc4       0x24 C:\Users\fv\Desktop\STM32_LAMEC_CAN\TAMA\SPI\project\RIDE\obj\lcd.o
                0x08003dc4                starting_delay
 .text.LCD_SendLCDCmd
                0x08003de8       0x64 C:\Users\fv\Desktop\STM32_LAMEC_CAN\TAMA\SPI\project\RIDE\obj\lcd.o
                0x08003de8                LCD_SendLCDCmd
 .text.LCD_SendLCDData
                0x08003e4c       0x64 C:\Users\fv\Desktop\STM32_LAMEC_CAN\TAMA\SPI\project\RIDE\obj\lcd.o
                0x08003e4c                LCD_SendLCDData
 .text.LCD_SetRect_For_Cmd
                0x08003eb0       0x84 C:\Users\fv\Desktop\STM32_LAMEC_CAN\TAMA\SPI\project\RIDE\obj\lcd.o
                0x08003eb0                LCD_SetRect_For_Cmd
 .text.LCD_DrawPixel
                0x08003f34       0x28 C:\Users\fv\Desktop\STM32_LAMEC_CAN\TAMA\SPI\project\RIDE\obj\lcd.o
                0x08003f34                LCD_DrawPixel
 .text.LCD_FillRect
                0x08003f5c       0x64 C:\Users\fv\Desktop\STM32_LAMEC_CAN\TAMA\SPI\project\RIDE\obj\lcd.o
                0x08003f5c                LCD_FillRect
 .text.LCD_DrawRect
                0x08003fc0       0x60 C:\Users\fv\Desktop\STM32_LAMEC_CAN\TAMA\SPI\project\RIDE\obj\lcd.o
                0x08003fc0                LCD_DrawRect
 .text.LCD_SetBackLight
                0x08004020       0x18 C:\Users\fv\Desktop\STM32_LAMEC_CAN\TAMA\SPI\project\RIDE\obj\lcd.o
                0x08004020                LCD_SetBackLight
 .text.LCD_Init
                0x08004038      0x438 C:\Users\fv\Desktop\STM32_LAMEC_CAN\TAMA\SPI\project\RIDE\obj\lcd.o
                0x08004038                LCD_Init
 .text.LCD_SetScreenOrientation
                0x08004470       0x4c C:\Users\fv\Desktop\STM32_LAMEC_CAN\TAMA\SPI\project\RIDE\obj\lcd.o
                0x08004470                LCD_SetScreenOrientation
 .text.__io_putchar
                0x080044bc      0x16c C:\Program Files (x86)\Raisonance\Ride\Lib\ARM\STM32x_io_putchar_thumb.a(STM32F10X_io_putchar.o)
                0x080044bc                __io_putchar
 .text._write   0x08004628        0x4 C:\Program Files (x86)\Raisonance\Ride\Lib\ARM\std_sbrk_thumb.lib(write.o)
                0x08004628                _write
 *(.rodata)
 .rodata        0x0800462c       0x14 C:\Users\fv\Desktop\STM32_LAMEC_CAN\TAMA\SPI\project\RIDE\obj\stm32f10x_rcc.o
 .rodata        0x08004640      0x184 C:\Program Files (x86)\Raisonance\Ride\Lib\ARM\smallprintf_thumb.a(_SP_vfprintf.o)
 *(.rodata*)
 .rodata.str1.4
                0x080047c4        0x5 C:\Users\fv\Desktop\STM32_LAMEC_CAN\TAMA\SPI\project\RIDE\obj\main.o
                                  0x8 (size before relaxing)
 *fill*         0x080047c9        0x3 00
 .rodata.str1.4
                0x080047cc       0x4b C:\Program Files (x86)\Raisonance\Ride\Lib\ARM\smallprintf_thumb.a(_SP_vfprintf.o)
                                 0x4c (size before relaxing)
 *fill*         0x08004817        0x1 00
 .rodata.str1.4
                0x08004818        0x2 c:/program files (x86)/raisonance/ride/arm-gcc/bin/../lib/gcc/arm-none-eabi/4.5.1/../../../../arm-none-eabi/lib/thumb2\libc.a(lib_a-impure.o)
                                  0x4 (size before relaxing)
 *fill*         0x0800481a        0x2 00
 .rodata.str1.4
                0x0800481c        0xa c:/program files (x86)/raisonance/ride/arm-gcc/bin/../lib/gcc/arm-none-eabi/4.5.1/../../../../arm-none-eabi/lib/thumb2\libc.a(lib_a-locale.o)
                                 0x14 (size before relaxing)
 *fill*         0x08004826        0x2 00
 .rodata.str1.4
                0x08004828        0x8 c:/program files (x86)/raisonance/ride/arm-gcc/bin/../lib/gcc/arm-none-eabi/4.5.1/../../../../arm-none-eabi/lib/thumb2\libm.a(lib_a-w_sqrt.o)
 *(.glue_7)
 .glue_7        0x00000000        0x0 linker stubs
 *(.glue_7t)
 .glue_7t       0x00000000        0x0 linker stubs
                0x08004830                . = ALIGN (0x4)
                0x08004830                _etext = .
                0x08004830                _sidata = _etext

.vfp11_veneer   0x08004830        0x0
 .vfp11_veneer  0x00000000        0x0 linker stubs

.v4_bx          0x08004830        0x0
 .v4_bx         0x00000000        0x0 linker stubs

.flashpatch     0x00000000        0x0
                0x00000000                . = ALIGN (0x4)
 *(.flashpatch)
                0x00000000                . = ALIGN (0x4)

.endflash       0x00000000        0x0
                0x00000000                . = ALIGN (0x4)
 *(.endflash)
                0x00000000                . = ALIGN (0x4)
                0x00000000                _e_endflash = .

.data           0x20000000      0x19c load address 0x08004830
                0x20000000                . = ALIGN (0x4)
                0x20000000                _sdata = .
                0x20000000                _data = .
 *(.data)
 .data          0x20000000       0x24 C:\Users\fv\Desktop\STM32_LAMEC_CAN\TAMA\SPI\project\RIDE\obj\lcd.o
                0x20000000                Current_CCR_BackLightStart
                0x20000004                OrientationOffsetX
                0x20000014                OrientationOffsetY
 .data          0x20000024       0xf4 c:/program files (x86)/raisonance/ride/arm-gcc/bin/../lib/gcc/arm-none-eabi/4.5.1/../../../../arm-none-eabi/lib/thumb2\libc.a(lib_a-impure.o)
                0x20000024                _impure_ptr
 .data          0x20000118        0x4 c:/program files (x86)/raisonance/ride/arm-gcc/bin/../lib/gcc/arm-none-eabi/4.5.1/../../../../arm-none-eabi/lib/thumb2\libc.a(lib_a-wctomb_r.o)
                0x20000118                __wctomb
 .data          0x2000011c       0x7c c:/program files (x86)/raisonance/ride/arm-gcc/bin/../lib/gcc/arm-none-eabi/4.5.1/../../../../arm-none-eabi/lib/thumb2\libc.a(lib_a-locale.o)
                0x2000013c                __mb_cur_max
 .data          0x20000198        0x1 c:/program files (x86)/raisonance/ride/arm-gcc/bin/../lib/gcc/arm-none-eabi/4.5.1/../../../../arm-none-eabi/lib/thumb2\libm.a(lib_a-s_lib_ver.o)
                0x20000198                __fdlib_version
 *(.data.*)
 *(.RAMtext)
                0x2000019c                . = ALIGN (0x4)
 *fill*         0x20000199        0x3 00
                0x2000019c                _edata = .
                0x080049cc                _eidata = ((_sidata + _edata) - _sdata)
                0x08010000                _lastdataromaddress = 0x8010000
                0x00000000                toobig = (_eidata > _lastdataromaddress)?!!!!!!!!! FLASH IS FULL !!!!!!!!!:0x0

.bss            0x2000019c       0xb4 load address 0x080049cc
                0x2000019c                . = ALIGN (0x4)
                0x2000019c                _sbss = .
                0x2000019c                _bss = .
 *(.bss)
 .bss           0x2000019c        0xc C:\Users\fv\Desktop\STM32_LAMEC_CAN\TAMA\SPI\project\RIDE\obj\main.o
                0x2000019c                flaginitbola
                0x200001a0                flagrx
                0x200001a4                i
 .bss           0x200001a8        0xc C:\Users\fv\Desktop\STM32_LAMEC_CAN\TAMA\SPI\project\RIDE\obj\draw.o
                0x200001ac                fDisplayTime
                0x200001b0                rotate_counter
 .bss           0x200001b4       0x20 C:\Users\fv\Desktop\STM32_LAMEC_CAN\TAMA\SPI\project\RIDE\obj\lcd.o
 *(COMMON)
 COMMON         0x200001d4       0x50 C:\Users\fv\Desktop\STM32_LAMEC_CAN\TAMA\SPI\project\RIDE\obj\main.o
                0x200001d4                left_part_y
                0x200001d8                flagycima
                0x200001dc                Xg
                0x200001e0                zusart
                0x200001e1                yusart
                0x200001e4                right_part_y
                0x200001e8                z1
                0x200001ec                left_part_z
                0x200001f0                LSB
                0x200001f4                flagybaixo
                0x200001f8                MSB
                0x200001fc                flagxesq
                0x20000200                right_part_x
                0x20000204                xusart
                0x20000208                left_part_x
                0x2000020c                flagxdir
                0x20000210                x1
                0x20000214                RxData
                0x20000218                Zg
                0x2000021c                Yg
                0x20000220                right_part_z
 COMMON         0x20000224       0x2a C:\Users\fv\Desktop\STM32_LAMEC_CAN\TAMA\SPI\project\RIDE\obj\draw.o
                0x20000224                OldBatState
                0x20000226                H12
                0x20000228                BatState
                0x2000022a                OldUsbState
                0x2000022c                yBat
                0x20000230                OldTHH
                0x20000234                CurrentScreenOrientation
                0x20000238                OldTMM
                0x2000023c                OldTSS
                0x20000240                xBat
                0x20000244                OldTemp
                0x20000248                widthBat
                0x2000024a                UsbState
                0x2000024c                heightBat
                0x20000250                . = ALIGN (0x4)
 *fill*         0x2000024e        0x2 00
                0x20000250                _ebss = .
                0x20000250                PROVIDE (end, _ebss)
                0x20000250                PROVIDE (_end, _ebss)

._usrstack      0x20000250      0x100 load address 0x08004a80
                0x20000250                . = ALIGN (0x4)
                0x20000250                _susrstack = .
                0x20000350                . = (. + _Minimum_Stack_Size)
 *fill*         0x20000250      0x100 00
                0x20000350                . = ALIGN (0x4)
                0x20000350                _eusrstack = .

.b1text
 *(.b1text)
 *(.b1rodata)
 *(.b1rodata*)

.eb0text
 *(.eb0text)
 *(.eb0rodata)
 *(.eb0rodata*)

.eb1text
 *(.eb1text)
 *(.eb1rodata)
 *(.eb1rodata*)

.eb2text
 *(.eb2text)
 *(.eb2rodata)
 *(.eb2rodata*)

.eb3text
 *(.eb3text)
 *(.eb3rodata)
 *(.eb3rodata*)
                0x20000350                __exidx_start = .
                0x20000350                __exidx_end = .

/DISCARD/
 libc.a(*)
 libm.a(*)
 libgcc.a(*)

.stab
 *(.stab)

.stabstr
 *(.stabstr)

.stab.excl
 *(.stab.excl)

.stab.exclstr
 *(.stab.exclstr)

.stab.index
 *(.stab.index)

.stab.indexstr
 *(.stab.indexstr)

.ARM.attributes
                0x00000000       0x2d
 .ARM.attributes
                0x00000000       0x21 C:\Program Files (x86)\Raisonance\Ride\Lib\ARM\startup_stm32f10x_md.o
 .ARM.attributes
                0x00000021       0x31 C:\Users\fv\Desktop\STM32_LAMEC_CAN\TAMA\SPI\project\RIDE\obj\main.o
 .ARM.attributes
                0x00000052       0x31 C:\Users\fv\Desktop\STM32_LAMEC_CAN\TAMA\SPI\project\RIDE\obj\stm32f10x_it.o
 .ARM.attributes
                0x00000083       0x31 C:\Users\fv\Desktop\STM32_LAMEC_CAN\TAMA\SPI\project\RIDE\obj\stm32f10x_adc.o
 .ARM.attributes
                0x000000b4       0x31 C:\Users\fv\Desktop\STM32_LAMEC_CAN\TAMA\SPI\project\RIDE\obj\stm32f10x_bkp.o
 .ARM.attributes
                0x000000e5       0x31 C:\Users\fv\Desktop\STM32_LAMEC_CAN\TAMA\SPI\project\RIDE\obj\stm32f10x_can.o
 .ARM.attributes
                0x00000116       0x31 C:\Users\fv\Desktop\STM32_LAMEC_CAN\TAMA\SPI\project\RIDE\obj\stm32f10x_crc.o
 .ARM.attributes
                0x00000147       0x31 C:\Users\fv\Desktop\STM32_LAMEC_CAN\TAMA\SPI\project\RIDE\obj\stm32f10x_dac.o
 .ARM.attributes
                0x00000178       0x31 C:\Users\fv\Desktop\STM32_LAMEC_CAN\TAMA\SPI\project\RIDE\obj\stm32f10x_dbgmcu.o
 .ARM.attributes
                0x000001a9       0x31 C:\Users\fv\Desktop\STM32_LAMEC_CAN\TAMA\SPI\project\RIDE\obj\stm32f10x_dma.o
 .ARM.attributes
                0x000001da       0x31 C:\Users\fv\Desktop\STM32_LAMEC_CAN\TAMA\SPI\project\RIDE\obj\stm32f10x_exti.o
 .ARM.attributes
                0x0000020b       0x31 C:\Users\fv\Desktop\STM32_LAMEC_CAN\TAMA\SPI\project\RIDE\obj\stm32f10x_flash.o
 .ARM.attributes
                0x0000023c       0x31 C:\Users\fv\Desktop\STM32_LAMEC_CAN\TAMA\SPI\project\RIDE\obj\stm32f10x_fsmc.o
 .ARM.attributes
                0x0000026d       0x31 C:\Users\fv\Desktop\STM32_LAMEC_CAN\TAMA\SPI\project\RIDE\obj\stm32f10x_gpio.o
 .ARM.attributes
                0x0000029e       0x31 C:\Users\fv\Desktop\STM32_LAMEC_CAN\TAMA\SPI\project\RIDE\obj\stm32f10x_i2c.o
 .ARM.attributes
                0x000002cf       0x31 C:\Users\fv\Desktop\STM32_LAMEC_CAN\TAMA\SPI\project\RIDE\obj\stm32f10x_iwdg.o
 .ARM.attributes
                0x00000300       0x31 C:\Users\fv\Desktop\STM32_LAMEC_CAN\TAMA\SPI\project\RIDE\obj\stm32f10x_lib.o
 .ARM.attributes
                0x00000331       0x31 C:\Users\fv\Desktop\STM32_LAMEC_CAN\TAMA\SPI\project\RIDE\obj\stm32f10x_nvic.o
 .ARM.attributes
                0x00000362       0x31 C:\Users\fv\Desktop\STM32_LAMEC_CAN\TAMA\SPI\project\RIDE\obj\stm32f10x_pwr.o
 .ARM.attributes
                0x00000393       0x31 C:\Users\fv\Desktop\STM32_LAMEC_CAN\TAMA\SPI\project\RIDE\obj\stm32f10x_rcc.o
 .ARM.attributes
                0x000003c4       0x31 C:\Users\fv\Desktop\STM32_LAMEC_CAN\TAMA\SPI\project\RIDE\obj\stm32f10x_rtc.o
 .ARM.attributes
                0x000003f5       0x31 C:\Users\fv\Desktop\STM32_LAMEC_CAN\TAMA\SPI\project\RIDE\obj\stm32f10x_sdio.o
 .ARM.attributes
                0x00000426       0x31 C:\Users\fv\Desktop\STM32_LAMEC_CAN\TAMA\SPI\project\RIDE\obj\stm32f10x_spi.o
 .ARM.attributes
                0x00000457       0x31 C:\Users\fv\Desktop\STM32_LAMEC_CAN\TAMA\SPI\project\RIDE\obj\stm32f10x_systick.o
 .ARM.attributes
                0x00000488       0x31 C:\Users\fv\Desktop\STM32_LAMEC_CAN\TAMA\SPI\project\RIDE\obj\stm32f10x_tim.o
 .ARM.attributes
                0x000004b9       0x31 C:\Users\fv\Desktop\STM32_LAMEC_CAN\TAMA\SPI\project\RIDE\obj\stm32f10x_usart.o
 .ARM.attributes
                0x000004ea       0x31 C:\Users\fv\Desktop\STM32_LAMEC_CAN\TAMA\SPI\project\RIDE\obj\stm32f10x_wwdg.o
 .ARM.attributes
                0x0000051b       0x31 C:\Users\fv\Desktop\STM32_LAMEC_CAN\TAMA\SPI\project\RIDE\obj\Util.o
 .ARM.attributes
                0x0000054c       0x31 C:\Users\fv\Desktop\STM32_LAMEC_CAN\TAMA\SPI\project\RIDE\obj\draw.o
 .ARM.attributes
                0x0000057d       0x31 C:\Users\fv\Desktop\STM32_LAMEC_CAN\TAMA\SPI\project\RIDE\obj\lcd.o
 .ARM.attributes
                0x000005ae       0x31 C:\Users\fv\Desktop\STM32_LAMEC_CAN\TAMA\SPI\project\RIDE\obj\buzzer.o
 .ARM.attributes
                0x000005df       0x31 C:\Program Files (x86)\Raisonance\Ride\Lib\ARM\STM32x_io_putchar_thumb.a(STM32F10X_io_putchar.o)
 .ARM.attributes
                0x00000610       0x2e C:\Program Files (x86)\Raisonance\Ride\Lib\ARM\std_sbrk_thumb.lib(write.o)
 .ARM.attributes
                0x0000063e       0x2e C:\Program Files (x86)\Raisonance\Ride\Lib\ARM\smallprintf_thumb.a(_SP_sprintf.o)
 .ARM.attributes
                0x0000066c       0x2e C:\Program Files (x86)\Raisonance\Ride\Lib\ARM\smallprintf_thumb.a(_SP_vfprintf.o)
 .ARM.attributes
                0x0000069a       0x2e C:\Program Files (x86)\Raisonance\Ride\Lib\ARM\smallprintf_thumb.a(_SP_puts.o)

.comment        0x00000000      0x166
 *(.comment)
 .comment       0x00000000       0x2a C:\Users\fv\Desktop\STM32_LAMEC_CAN\TAMA\SPI\project\RIDE\obj\main.o
                                 0x2b (size before relaxing)
 .comment       0x00000000       0x2b C:\Users\fv\Desktop\STM32_LAMEC_CAN\TAMA\SPI\project\RIDE\obj\stm32f10x_it.o
 .comment       0x00000000       0x2b C:\Users\fv\Desktop\STM32_LAMEC_CAN\TAMA\SPI\project\RIDE\obj\stm32f10x_adc.o
 .comment       0x00000000       0x2b C:\Users\fv\Desktop\STM32_LAMEC_CAN\TAMA\SPI\project\RIDE\obj\stm32f10x_bkp.o
 .comment       0x00000000       0x2b C:\Users\fv\Desktop\STM32_LAMEC_CAN\TAMA\SPI\project\RIDE\obj\stm32f10x_can.o
 .comment       0x00000000       0x2b C:\Users\fv\Desktop\STM32_LAMEC_CAN\TAMA\SPI\project\RIDE\obj\stm32f10x_crc.o
 .comment       0x00000000       0x2b C:\Users\fv\Desktop\STM32_LAMEC_CAN\TAMA\SPI\project\RIDE\obj\stm32f10x_dac.o
 .comment       0x00000000       0x2b C:\Users\fv\Desktop\STM32_LAMEC_CAN\TAMA\SPI\project\RIDE\obj\stm32f10x_dbgmcu.o
 .comment       0x00000000       0x2b C:\Users\fv\Desktop\STM32_LAMEC_CAN\TAMA\SPI\project\RIDE\obj\stm32f10x_dma.o
 .comment       0x00000000       0x2b C:\Users\fv\Desktop\STM32_LAMEC_CAN\TAMA\SPI\project\RIDE\obj\stm32f10x_exti.o
 .comment       0x00000000       0x2b C:\Users\fv\Desktop\STM32_LAMEC_CAN\TAMA\SPI\project\RIDE\obj\stm32f10x_flash.o
 .comment       0x00000000       0x2b C:\Users\fv\Desktop\STM32_LAMEC_CAN\TAMA\SPI\project\RIDE\obj\stm32f10x_fsmc.o
 .comment       0x00000000       0x2b C:\Users\fv\Desktop\STM32_LAMEC_CAN\TAMA\SPI\project\RIDE\obj\stm32f10x_gpio.o
 .comment       0x00000000       0x2b C:\Users\fv\Desktop\STM32_LAMEC_CAN\TAMA\SPI\project\RIDE\obj\stm32f10x_i2c.o
 .comment       0x00000000       0x2b C:\Users\fv\Desktop\STM32_LAMEC_CAN\TAMA\SPI\project\RIDE\obj\stm32f10x_iwdg.o
 .comment       0x00000000       0x2b C:\Users\fv\Desktop\STM32_LAMEC_CAN\TAMA\SPI\project\RIDE\obj\stm32f10x_lib.o
 .comment       0x00000000       0x2b C:\Users\fv\Desktop\STM32_LAMEC_CAN\TAMA\SPI\project\RIDE\obj\stm32f10x_nvic.o
 .comment       0x00000000       0x2b C:\Users\fv\Desktop\STM32_LAMEC_CAN\TAMA\SPI\project\RIDE\obj\stm32f10x_pwr.o
 .comment       0x00000000       0x2b C:\Users\fv\Desktop\STM32_LAMEC_CAN\TAMA\SPI\project\RIDE\obj\stm32f10x_rcc.o
 .comment       0x00000000       0x2b C:\Users\fv\Desktop\STM32_LAMEC_CAN\TAMA\SPI\project\RIDE\obj\stm32f10x_rtc.o
 .comment       0x00000000       0x2b C:\Users\fv\Desktop\STM32_LAMEC_CAN\TAMA\SPI\project\RIDE\obj\stm32f10x_sdio.o
 .comment       0x00000000       0x2b C:\Users\fv\Desktop\STM32_LAMEC_CAN\TAMA\SPI\project\RIDE\obj\stm32f10x_spi.o
 .comment       0x00000000       0x2b C:\Users\fv\Desktop\STM32_LAMEC_CAN\TAMA\SPI\project\RIDE\obj\stm32f10x_systick.o
 .comment       0x00000000       0x2b C:\Users\fv\Desktop\STM32_LAMEC_CAN\TAMA\SPI\project\RIDE\obj\stm32f10x_tim.o
 .comment       0x00000000       0x2b C:\Users\fv\Desktop\STM32_LAMEC_CAN\TAMA\SPI\project\RIDE\obj\stm32f10x_usart.o
 .comment       0x00000000       0x2b C:\Users\fv\Desktop\STM32_LAMEC_CAN\TAMA\SPI\project\RIDE\obj\stm32f10x_wwdg.o
 .comment       0x00000000       0x2b C:\Users\fv\Desktop\STM32_LAMEC_CAN\TAMA\SPI\project\RIDE\obj\Util.o
 .comment       0x00000000       0x2b C:\Users\fv\Desktop\STM32_LAMEC_CAN\TAMA\SPI\project\RIDE\obj\draw.o
 .comment       0x00000000       0x2b C:\Users\fv\Desktop\STM32_LAMEC_CAN\TAMA\SPI\project\RIDE\obj\lcd.o
 .comment       0x00000000       0x2b C:\Users\fv\Desktop\STM32_LAMEC_CAN\TAMA\SPI\project\RIDE\obj\buzzer.o
 .comment       0x0000002a       0x2b C:\Program Files (x86)\Raisonance\Ride\Lib\ARM\STM32x_io_putchar_thumb.a(STM32F10X_io_putchar.o)
 .comment       0x00000055       0x2a C:\Program Files (x86)\Raisonance\Ride\Lib\ARM\std_sbrk_thumb.lib(write.o)
 .comment       0x0000007f       0x4d C:\Program Files (x86)\Raisonance\Ride\Lib\ARM\smallprintf_thumb.a(_SP_sprintf.o)
 .comment       0x000000cc       0x4d C:\Program Files (x86)\Raisonance\Ride\Lib\ARM\smallprintf_thumb.a(_SP_vfprintf.o)
 .comment       0x00000119       0x4d C:\Program Files (x86)\Raisonance\Ride\Lib\ARM\smallprintf_thumb.a(_SP_puts.o)

.debug
 *(.debug)

.line
 *(.line)

.debug_srcinfo
 *(.debug_srcinfo)

.debug_sfnames
 *(.debug_sfnames)

.debug_aranges  0x00000000     0x1560
 *(.debug_aranges)
 .debug_aranges
                0x00000000       0x90 C:\Users\fv\Desktop\STM32_LAMEC_CAN\TAMA\SPI\project\RIDE\obj\main.o
 .debug_aranges
                0x00000090      0x240 C:\Users\fv\Desktop\STM32_LAMEC_CAN\TAMA\SPI\project\RIDE\obj\stm32f10x_it.o
 .debug_aranges
                0x000002d0      0x138 C:\Users\fv\Desktop\STM32_LAMEC_CAN\TAMA\SPI\project\RIDE\obj\stm32f10x_adc.o
 .debug_aranges
                0x00000408       0x78 C:\Users\fv\Desktop\STM32_LAMEC_CAN\TAMA\SPI\project\RIDE\obj\stm32f10x_bkp.o
 .debug_aranges
                0x00000480       0xa8 C:\Users\fv\Desktop\STM32_LAMEC_CAN\TAMA\SPI\project\RIDE\obj\stm32f10x_can.o
 .debug_aranges
                0x00000528       0x48 C:\Users\fv\Desktop\STM32_LAMEC_CAN\TAMA\SPI\project\RIDE\obj\stm32f10x_crc.o
 .debug_aranges
                0x00000570       0x78 C:\Users\fv\Desktop\STM32_LAMEC_CAN\TAMA\SPI\project\RIDE\obj\stm32f10x_dac.o
 .debug_aranges
                0x000005e8       0x30 C:\Users\fv\Desktop\STM32_LAMEC_CAN\TAMA\SPI\project\RIDE\obj\stm32f10x_dbgmcu.o
 .debug_aranges
                0x00000618       0x68 C:\Users\fv\Desktop\STM32_LAMEC_CAN\TAMA\SPI\project\RIDE\obj\stm32f10x_dma.o
 .debug_aranges
                0x00000680       0x58 C:\Users\fv\Desktop\STM32_LAMEC_CAN\TAMA\SPI\project\RIDE\obj\stm32f10x_exti.o
 .debug_aranges
                0x000006d8       0x30 C:\Users\fv\Desktop\STM32_LAMEC_CAN\TAMA\SPI\project\RIDE\obj\stm32f10x_flash.o
 .debug_aranges
                0x00000708       0xb0 C:\Users\fv\Desktop\STM32_LAMEC_CAN\TAMA\SPI\project\RIDE\obj\stm32f10x_fsmc.o
 .debug_aranges
                0x000007b8       0xa0 C:\Users\fv\Desktop\STM32_LAMEC_CAN\TAMA\SPI\project\RIDE\obj\stm32f10x_gpio.o
 .debug_aranges
                0x00000858      0x118 C:\Users\fv\Desktop\STM32_LAMEC_CAN\TAMA\SPI\project\RIDE\obj\stm32f10x_i2c.o
 .debug_aranges
                0x00000970       0x48 C:\Users\fv\Desktop\STM32_LAMEC_CAN\TAMA\SPI\project\RIDE\obj\stm32f10x_iwdg.o
 .debug_aranges
                0x000009b8      0x108 C:\Users\fv\Desktop\STM32_LAMEC_CAN\TAMA\SPI\project\RIDE\obj\stm32f10x_nvic.o
 .debug_aranges
                0x00000ac0       0x60 C:\Users\fv\Desktop\STM32_LAMEC_CAN\TAMA\SPI\project\RIDE\obj\stm32f10x_pwr.o
 .debug_aranges
                0x00000b20      0x118 C:\Users\fv\Desktop\STM32_LAMEC_CAN\TAMA\SPI\project\RIDE\obj\stm32f10x_rcc.o
 .debug_aranges
                0x00000c38       0x88 C:\Users\fv\Desktop\STM32_LAMEC_CAN\TAMA\SPI\project\RIDE\obj\stm32f10x_rtc.o
 .debug_aranges
                0x00000cc0      0x108 C:\Users\fv\Desktop\STM32_LAMEC_CAN\TAMA\SPI\project\RIDE\obj\stm32f10x_sdio.o
 .debug_aranges
                0x00000dc8       0xd0 C:\Users\fv\Desktop\STM32_LAMEC_CAN\TAMA\SPI\project\RIDE\obj\stm32f10x_spi.o
 .debug_aranges
                0x00000e98       0x48 C:\Users\fv\Desktop\STM32_LAMEC_CAN\TAMA\SPI\project\RIDE\obj\stm32f10x_systick.o
 .debug_aranges
                0x00000ee0      0x2e0 C:\Users\fv\Desktop\STM32_LAMEC_CAN\TAMA\SPI\project\RIDE\obj\stm32f10x_tim.o
 .debug_aranges
                0x000011c0       0xf0 C:\Users\fv\Desktop\STM32_LAMEC_CAN\TAMA\SPI\project\RIDE\obj\stm32f10x_usart.o
 .debug_aranges
                0x000012b0       0x58 C:\Users\fv\Desktop\STM32_LAMEC_CAN\TAMA\SPI\project\RIDE\obj\stm32f10x_wwdg.o
 .debug_aranges
                0x00001308       0xa8 C:\Users\fv\Desktop\STM32_LAMEC_CAN\TAMA\SPI\project\RIDE\obj\Util.o
 .debug_aranges
                0x000013b0       0x88 C:\Users\fv\Desktop\STM32_LAMEC_CAN\TAMA\SPI\project\RIDE\obj\draw.o
 .debug_aranges
                0x00001438       0xd8 C:\Users\fv\Desktop\STM32_LAMEC_CAN\TAMA\SPI\project\RIDE\obj\lcd.o
 .debug_aranges
                0x00001510       0x50 C:\Users\fv\Desktop\STM32_LAMEC_CAN\TAMA\SPI\project\RIDE\obj\buzzer.o

.debug_pubnames
                0x00000000     0x38f7
 *(.debug_pubnames)
 .debug_pubnames
                0x00000000      0x1da C:\Users\fv\Desktop\STM32_LAMEC_CAN\TAMA\SPI\project\RIDE\obj\main.o
 .debug_pubnames
                0x000001da      0x63c C:\Users\fv\Desktop\STM32_LAMEC_CAN\TAMA\SPI\project\RIDE\obj\stm32f10x_it.o
 .debug_pubnames
                0x00000816      0x401 C:\Users\fv\Desktop\STM32_LAMEC_CAN\TAMA\SPI\project\RIDE\obj\stm32f10x_adc.o
 .debug_pubnames
                0x00000c17      0x128 C:\Users\fv\Desktop\STM32_LAMEC_CAN\TAMA\SPI\project\RIDE\obj\stm32f10x_bkp.o
 .debug_pubnames
                0x00000d3f      0x152 C:\Users\fv\Desktop\STM32_LAMEC_CAN\TAMA\SPI\project\RIDE\obj\stm32f10x_can.o
 .debug_pubnames
                0x00000e91       0x82 C:\Users\fv\Desktop\STM32_LAMEC_CAN\TAMA\SPI\project\RIDE\obj\stm32f10x_crc.o
 .debug_pubnames
                0x00000f13      0x116 C:\Users\fv\Desktop\STM32_LAMEC_CAN\TAMA\SPI\project\RIDE\obj\stm32f10x_dac.o
 .debug_pubnames
                0x00001029       0x4c C:\Users\fv\Desktop\STM32_LAMEC_CAN\TAMA\SPI\project\RIDE\obj\stm32f10x_dbgmcu.o
 .debug_pubnames
                0x00001075       0xcf C:\Users\fv\Desktop\STM32_LAMEC_CAN\TAMA\SPI\project\RIDE\obj\stm32f10x_dma.o
 .debug_pubnames
                0x00001144       0xbb C:\Users\fv\Desktop\STM32_LAMEC_CAN\TAMA\SPI\project\RIDE\obj\stm32f10x_exti.o
 .debug_pubnames
                0x000011ff       0x60 C:\Users\fv\Desktop\STM32_LAMEC_CAN\TAMA\SPI\project\RIDE\obj\stm32f10x_flash.o
 .debug_pubnames
                0x0000125f      0x1a3 C:\Users\fv\Desktop\STM32_LAMEC_CAN\TAMA\SPI\project\RIDE\obj\stm32f10x_fsmc.o
 .debug_pubnames
                0x00001402      0x17b C:\Users\fv\Desktop\STM32_LAMEC_CAN\TAMA\SPI\project\RIDE\obj\stm32f10x_gpio.o
 .debug_pubnames
                0x0000157d      0x2b0 C:\Users\fv\Desktop\STM32_LAMEC_CAN\TAMA\SPI\project\RIDE\obj\stm32f10x_i2c.o
 .debug_pubnames
                0x0000182d       0x91 C:\Users\fv\Desktop\STM32_LAMEC_CAN\TAMA\SPI\project\RIDE\obj\stm32f10x_iwdg.o
 .debug_pubnames
                0x000018be      0x360 C:\Users\fv\Desktop\STM32_LAMEC_CAN\TAMA\SPI\project\RIDE\obj\stm32f10x_nvic.o
 .debug_pubnames
                0x00001c1e       0xcb C:\Users\fv\Desktop\STM32_LAMEC_CAN\TAMA\SPI\project\RIDE\obj\stm32f10x_pwr.o
 .debug_pubnames
                0x00001ce9      0x2c4 C:\Users\fv\Desktop\STM32_LAMEC_CAN\TAMA\SPI\project\RIDE\obj\stm32f10x_rcc.o
 .debug_pubnames
                0x00001fad      0x136 C:\Users\fv\Desktop\STM32_LAMEC_CAN\TAMA\SPI\project\RIDE\obj\stm32f10x_rtc.o
 .debug_pubnames
                0x000020e3      0x2ac C:\Users\fv\Desktop\STM32_LAMEC_CAN\TAMA\SPI\project\RIDE\obj\stm32f10x_sdio.o
 .debug_pubnames
                0x0000238f      0x1f6 C:\Users\fv\Desktop\STM32_LAMEC_CAN\TAMA\SPI\project\RIDE\obj\stm32f10x_spi.o
 .debug_pubnames
                0x00002585       0xa1 C:\Users\fv\Desktop\STM32_LAMEC_CAN\TAMA\SPI\project\RIDE\obj\stm32f10x_systick.o
 .debug_pubnames
                0x00002626      0x7b0 C:\Users\fv\Desktop\STM32_LAMEC_CAN\TAMA\SPI\project\RIDE\obj\stm32f10x_tim.o
 .debug_pubnames
                0x00002dd6      0x25f C:\Users\fv\Desktop\STM32_LAMEC_CAN\TAMA\SPI\project\RIDE\obj\stm32f10x_usart.o
 .debug_pubnames
                0x00003035       0xb0 C:\Users\fv\Desktop\STM32_LAMEC_CAN\TAMA\SPI\project\RIDE\obj\stm32f10x_wwdg.o
 .debug_pubnames
                0x000030e5      0x1ec C:\Users\fv\Desktop\STM32_LAMEC_CAN\TAMA\SPI\project\RIDE\obj\Util.o
 .debug_pubnames
                0x000032d1      0x27c C:\Users\fv\Desktop\STM32_LAMEC_CAN\TAMA\SPI\project\RIDE\obj\draw.o
 .debug_pubnames
                0x0000354d      0x239 C:\Users\fv\Desktop\STM32_LAMEC_CAN\TAMA\SPI\project\RIDE\obj\lcd.o
 .debug_pubnames
                0x00003786      0x171 C:\Users\fv\Desktop\STM32_LAMEC_CAN\TAMA\SPI\project\RIDE\obj\buzzer.o

.debug_info     0x00000000     0xdc07
 *(.debug_info .gnu.linkonce.wi.*)
 .debug_info    0x00000000      0xc9b C:\Users\fv\Desktop\STM32_LAMEC_CAN\TAMA\SPI\project\RIDE\obj\main.o
 .debug_info    0x00000c9b      0x799 C:\Users\fv\Desktop\STM32_LAMEC_CAN\TAMA\SPI\project\RIDE\obj\stm32f10x_it.o
 .debug_info    0x00001434      0xb7e C:\Users\fv\Desktop\STM32_LAMEC_CAN\TAMA\SPI\project\RIDE\obj\stm32f10x_adc.o
 .debug_info    0x00001fb2      0x7ce C:\Users\fv\Desktop\STM32_LAMEC_CAN\TAMA\SPI\project\RIDE\obj\stm32f10x_bkp.o
 .debug_info    0x00002780      0x93a C:\Users\fv\Desktop\STM32_LAMEC_CAN\TAMA\SPI\project\RIDE\obj\stm32f10x_can.o
 .debug_info    0x000030ba      0x1c4 C:\Users\fv\Desktop\STM32_LAMEC_CAN\TAMA\SPI\project\RIDE\obj\stm32f10x_crc.o
 .debug_info    0x0000327e      0x44c C:\Users\fv\Desktop\STM32_LAMEC_CAN\TAMA\SPI\project\RIDE\obj\stm32f10x_dac.o
 .debug_info    0x000036ca      0x11b C:\Users\fv\Desktop\STM32_LAMEC_CAN\TAMA\SPI\project\RIDE\obj\stm32f10x_dbgmcu.o
 .debug_info    0x000037e5      0x418 C:\Users\fv\Desktop\STM32_LAMEC_CAN\TAMA\SPI\project\RIDE\obj\stm32f10x_dma.o
 .debug_info    0x00003bfd      0x31c C:\Users\fv\Desktop\STM32_LAMEC_CAN\TAMA\SPI\project\RIDE\obj\stm32f10x_exti.o
 .debug_info    0x00003f19      0x173 C:\Users\fv\Desktop\STM32_LAMEC_CAN\TAMA\SPI\project\RIDE\obj\stm32f10x_flash.o
 .debug_info    0x0000408c      0x963 C:\Users\fv\Desktop\STM32_LAMEC_CAN\TAMA\SPI\project\RIDE\obj\stm32f10x_fsmc.o
 .debug_info    0x000049ef      0x694 C:\Users\fv\Desktop\STM32_LAMEC_CAN\TAMA\SPI\project\RIDE\obj\stm32f10x_gpio.o
 .debug_info    0x00005083      0xaff C:\Users\fv\Desktop\STM32_LAMEC_CAN\TAMA\SPI\project\RIDE\obj\stm32f10x_i2c.o
 .debug_info    0x00005b82      0x1c0 C:\Users\fv\Desktop\STM32_LAMEC_CAN\TAMA\SPI\project\RIDE\obj\stm32f10x_iwdg.o
 .debug_info    0x00005d42       0x57 C:\Users\fv\Desktop\STM32_LAMEC_CAN\TAMA\SPI\project\RIDE\obj\stm32f10x_lib.o
 .debug_info    0x00005d99      0x968 C:\Users\fv\Desktop\STM32_LAMEC_CAN\TAMA\SPI\project\RIDE\obj\stm32f10x_nvic.o
 .debug_info    0x00006701      0x26a C:\Users\fv\Desktop\STM32_LAMEC_CAN\TAMA\SPI\project\RIDE\obj\stm32f10x_pwr.o
 .debug_info    0x0000696b      0x8b0 C:\Users\fv\Desktop\STM32_LAMEC_CAN\TAMA\SPI\project\RIDE\obj\stm32f10x_rcc.o
 .debug_info    0x0000721b      0x420 C:\Users\fv\Desktop\STM32_LAMEC_CAN\TAMA\SPI\project\RIDE\obj\stm32f10x_rtc.o
 .debug_info    0x0000763b      0x82b C:\Users\fv\Desktop\STM32_LAMEC_CAN\TAMA\SPI\project\RIDE\obj\stm32f10x_sdio.o
 .debug_info    0x00007e66      0x90d C:\Users\fv\Desktop\STM32_LAMEC_CAN\TAMA\SPI\project\RIDE\obj\stm32f10x_spi.o
 .debug_info    0x00008773      0x20d C:\Users\fv\Desktop\STM32_LAMEC_CAN\TAMA\SPI\project\RIDE\obj\stm32f10x_systick.o
 .debug_info    0x00008980     0x1d91 C:\Users\fv\Desktop\STM32_LAMEC_CAN\TAMA\SPI\project\RIDE\obj\stm32f10x_tim.o
 .debug_info    0x0000a711      0x9a1 C:\Users\fv\Desktop\STM32_LAMEC_CAN\TAMA\SPI\project\RIDE\obj\stm32f10x_usart.o
 .debug_info    0x0000b0b2      0x207 C:\Users\fv\Desktop\STM32_LAMEC_CAN\TAMA\SPI\project\RIDE\obj\stm32f10x_wwdg.o
 .debug_info    0x0000b2b9      0x892 C:\Users\fv\Desktop\STM32_LAMEC_CAN\TAMA\SPI\project\RIDE\obj\Util.o
 .debug_info    0x0000bb4b      0x78b C:\Users\fv\Desktop\STM32_LAMEC_CAN\TAMA\SPI\project\RIDE\obj\draw.o
 .debug_info    0x0000c2d6      0xf3e C:\Users\fv\Desktop\STM32_LAMEC_CAN\TAMA\SPI\project\RIDE\obj\lcd.o
 .debug_info    0x0000d214      0x9f3 C:\Users\fv\Desktop\STM32_LAMEC_CAN\TAMA\SPI\project\RIDE\obj\buzzer.o

.debug_abbrev   0x00000000     0x30f0
 *(.debug_abbrev)
 .debug_abbrev  0x00000000      0x29e C:\Users\fv\Desktop\STM32_LAMEC_CAN\TAMA\SPI\project\RIDE\obj\main.o
 .debug_abbrev  0x0000029e       0xdd C:\Users\fv\Desktop\STM32_LAMEC_CAN\TAMA\SPI\project\RIDE\obj\stm32f10x_it.o
 .debug_abbrev  0x0000037b      0x19d C:\Users\fv\Desktop\STM32_LAMEC_CAN\TAMA\SPI\project\RIDE\obj\stm32f10x_adc.o
 .debug_abbrev  0x00000518      0x151 C:\Users\fv\Desktop\STM32_LAMEC_CAN\TAMA\SPI\project\RIDE\obj\stm32f10x_bkp.o
 .debug_abbrev  0x00000669      0x1df C:\Users\fv\Desktop\STM32_LAMEC_CAN\TAMA\SPI\project\RIDE\obj\stm32f10x_can.o
 .debug_abbrev  0x00000848      0x118 C:\Users\fv\Desktop\STM32_LAMEC_CAN\TAMA\SPI\project\RIDE\obj\stm32f10x_crc.o
 .debug_abbrev  0x00000960      0x157 C:\Users\fv\Desktop\STM32_LAMEC_CAN\TAMA\SPI\project\RIDE\obj\stm32f10x_dac.o
 .debug_abbrev  0x00000ab7       0xcd C:\Users\fv\Desktop\STM32_LAMEC_CAN\TAMA\SPI\project\RIDE\obj\stm32f10x_dbgmcu.o
 .debug_abbrev  0x00000b84      0x153 C:\Users\fv\Desktop\STM32_LAMEC_CAN\TAMA\SPI\project\RIDE\obj\stm32f10x_dma.o
 .debug_abbrev  0x00000cd7      0x15c C:\Users\fv\Desktop\STM32_LAMEC_CAN\TAMA\SPI\project\RIDE\obj\stm32f10x_exti.o
 .debug_abbrev  0x00000e33       0xa8 C:\Users\fv\Desktop\STM32_LAMEC_CAN\TAMA\SPI\project\RIDE\obj\stm32f10x_flash.o
 .debug_abbrev  0x00000edb      0x1c9 C:\Users\fv\Desktop\STM32_LAMEC_CAN\TAMA\SPI\project\RIDE\obj\stm32f10x_fsmc.o
 .debug_abbrev  0x000010a4      0x1f7 C:\Users\fv\Desktop\STM32_LAMEC_CAN\TAMA\SPI\project\RIDE\obj\stm32f10x_gpio.o
 .debug_abbrev  0x0000129b      0x18d C:\Users\fv\Desktop\STM32_LAMEC_CAN\TAMA\SPI\project\RIDE\obj\stm32f10x_i2c.o
 .debug_abbrev  0x00001428       0xfa C:\Users\fv\Desktop\STM32_LAMEC_CAN\TAMA\SPI\project\RIDE\obj\stm32f10x_iwdg.o
 .debug_abbrev  0x00001522       0x1f C:\Users\fv\Desktop\STM32_LAMEC_CAN\TAMA\SPI\project\RIDE\obj\stm32f10x_lib.o
 .debug_abbrev  0x00001541      0x231 C:\Users\fv\Desktop\STM32_LAMEC_CAN\TAMA\SPI\project\RIDE\obj\stm32f10x_nvic.o
 .debug_abbrev  0x00001772      0x137 C:\Users\fv\Desktop\STM32_LAMEC_CAN\TAMA\SPI\project\RIDE\obj\stm32f10x_pwr.o
 .debug_abbrev  0x000018a9      0x1f8 C:\Users\fv\Desktop\STM32_LAMEC_CAN\TAMA\SPI\project\RIDE\obj\stm32f10x_rcc.o
 .debug_abbrev  0x00001aa1      0x1a3 C:\Users\fv\Desktop\STM32_LAMEC_CAN\TAMA\SPI\project\RIDE\obj\stm32f10x_rtc.o
 .debug_abbrev  0x00001c44      0x1ef C:\Users\fv\Desktop\STM32_LAMEC_CAN\TAMA\SPI\project\RIDE\obj\stm32f10x_sdio.o
 .debug_abbrev  0x00001e33      0x1b8 C:\Users\fv\Desktop\STM32_LAMEC_CAN\TAMA\SPI\project\RIDE\obj\stm32f10x_spi.o
 .debug_abbrev  0x00001feb      0x11f C:\Users\fv\Desktop\STM32_LAMEC_CAN\TAMA\SPI\project\RIDE\obj\stm32f10x_systick.o
 .debug_abbrev  0x0000210a      0x242 C:\Users\fv\Desktop\STM32_LAMEC_CAN\TAMA\SPI\project\RIDE\obj\stm32f10x_tim.o
 .debug_abbrev  0x0000234c      0x1ca C:\Users\fv\Desktop\STM32_LAMEC_CAN\TAMA\SPI\project\RIDE\obj\stm32f10x_usart.o
 .debug_abbrev  0x00002516      0x10f C:\Users\fv\Desktop\STM32_LAMEC_CAN\TAMA\SPI\project\RIDE\obj\stm32f10x_wwdg.o
 .debug_abbrev  0x00002625      0x2c6 C:\Users\fv\Desktop\STM32_LAMEC_CAN\TAMA\SPI\project\RIDE\obj\Util.o
 .debug_abbrev  0x000028eb      0x250 C:\Users\fv\Desktop\STM32_LAMEC_CAN\TAMA\SPI\project\RIDE\obj\draw.o
 .debug_abbrev  0x00002b3b      0x3b8 C:\Users\fv\Desktop\STM32_LAMEC_CAN\TAMA\SPI\project\RIDE\obj\lcd.o
 .debug_abbrev  0x00002ef3      0x1fd C:\Users\fv\Desktop\STM32_LAMEC_CAN\TAMA\SPI\project\RIDE\obj\buzzer.o

.debug_line     0x00000000     0x4c84
 *(.debug_line)
 .debug_line    0x00000000      0x477 C:\Users\fv\Desktop\STM32_LAMEC_CAN\TAMA\SPI\project\RIDE\obj\main.o
 .debug_line    0x00000477      0x538 C:\Users\fv\Desktop\STM32_LAMEC_CAN\TAMA\SPI\project\RIDE\obj\stm32f10x_it.o
 .debug_line    0x000009af      0x3da C:\Users\fv\Desktop\STM32_LAMEC_CAN\TAMA\SPI\project\RIDE\obj\stm32f10x_adc.o
 .debug_line    0x00000d89      0x181 C:\Users\fv\Desktop\STM32_LAMEC_CAN\TAMA\SPI\project\RIDE\obj\stm32f10x_bkp.o
 .debug_line    0x00000f0a      0x2f9 C:\Users\fv\Desktop\STM32_LAMEC_CAN\TAMA\SPI\project\RIDE\obj\stm32f10x_can.o
 .debug_line    0x00001203      0x11b C:\Users\fv\Desktop\STM32_LAMEC_CAN\TAMA\SPI\project\RIDE\obj\stm32f10x_crc.o
 .debug_line    0x0000131e      0x1a0 C:\Users\fv\Desktop\STM32_LAMEC_CAN\TAMA\SPI\project\RIDE\obj\stm32f10x_dac.o
 .debug_line    0x000014be       0xda C:\Users\fv\Desktop\STM32_LAMEC_CAN\TAMA\SPI\project\RIDE\obj\stm32f10x_dbgmcu.o
 .debug_line    0x00001598      0x1ab C:\Users\fv\Desktop\STM32_LAMEC_CAN\TAMA\SPI\project\RIDE\obj\stm32f10x_dma.o
 .debug_line    0x00001743      0x167 C:\Users\fv\Desktop\STM32_LAMEC_CAN\TAMA\SPI\project\RIDE\obj\stm32f10x_exti.o
 .debug_line    0x000018aa       0xdd C:\Users\fv\Desktop\STM32_LAMEC_CAN\TAMA\SPI\project\RIDE\obj\stm32f10x_flash.o
 .debug_line    0x00001987      0x2e5 C:\Users\fv\Desktop\STM32_LAMEC_CAN\TAMA\SPI\project\RIDE\obj\stm32f10x_fsmc.o
 .debug_line    0x00001c6c      0x25a C:\Users\fv\Desktop\STM32_LAMEC_CAN\TAMA\SPI\project\RIDE\obj\stm32f10x_gpio.o
 .debug_line    0x00001ec6      0x377 C:\Users\fv\Desktop\STM32_LAMEC_CAN\TAMA\SPI\project\RIDE\obj\stm32f10x_i2c.o
 .debug_line    0x0000223d      0x111 C:\Users\fv\Desktop\STM32_LAMEC_CAN\TAMA\SPI\project\RIDE\obj\stm32f10x_iwdg.o
 .debug_line    0x0000234e       0x1d C:\Users\fv\Desktop\STM32_LAMEC_CAN\TAMA\SPI\project\RIDE\obj\stm32f10x_lib.o
 .debug_line    0x0000236b      0x33b C:\Users\fv\Desktop\STM32_LAMEC_CAN\TAMA\SPI\project\RIDE\obj\stm32f10x_nvic.o
 .debug_line    0x000026a6      0x154 C:\Users\fv\Desktop\STM32_LAMEC_CAN\TAMA\SPI\project\RIDE\obj\stm32f10x_pwr.o
 .debug_line    0x000027fa      0x361 C:\Users\fv\Desktop\STM32_LAMEC_CAN\TAMA\SPI\project\RIDE\obj\stm32f10x_rcc.o
 .debug_line    0x00002b5b      0x1c4 C:\Users\fv\Desktop\STM32_LAMEC_CAN\TAMA\SPI\project\RIDE\obj\stm32f10x_rtc.o
 .debug_line    0x00002d1f      0x30c C:\Users\fv\Desktop\STM32_LAMEC_CAN\TAMA\SPI\project\RIDE\obj\stm32f10x_sdio.o
 .debug_line    0x0000302b      0x2d1 C:\Users\fv\Desktop\STM32_LAMEC_CAN\TAMA\SPI\project\RIDE\obj\stm32f10x_spi.o
 .debug_line    0x000032fc      0x11d C:\Users\fv\Desktop\STM32_LAMEC_CAN\TAMA\SPI\project\RIDE\obj\stm32f10x_systick.o
 .debug_line    0x00003419      0x855 C:\Users\fv\Desktop\STM32_LAMEC_CAN\TAMA\SPI\project\RIDE\obj\stm32f10x_tim.o
 .debug_line    0x00003c6e      0x312 C:\Users\fv\Desktop\STM32_LAMEC_CAN\TAMA\SPI\project\RIDE\obj\stm32f10x_usart.o
 .debug_line    0x00003f80      0x137 C:\Users\fv\Desktop\STM32_LAMEC_CAN\TAMA\SPI\project\RIDE\obj\stm32f10x_wwdg.o
 .debug_line    0x000040b7      0x357 C:\Users\fv\Desktop\STM32_LAMEC_CAN\TAMA\SPI\project\RIDE\obj\Util.o
 .debug_line    0x0000440e      0x278 C:\Users\fv\Desktop\STM32_LAMEC_CAN\TAMA\SPI\project\RIDE\obj\draw.o
 .debug_line    0x00004686      0x3d4 C:\Users\fv\Desktop\STM32_LAMEC_CAN\TAMA\SPI\project\RIDE\obj\lcd.o
 .debug_line    0x00004a5a      0x22a C:\Users\fv\Desktop\STM32_LAMEC_CAN\TAMA\SPI\project\RIDE\obj\buzzer.o

.debug_frame    0x00000000     0x2ccc
 *(.debug_frame)
 .debug_frame   0x00000000      0x1e4 C:\Users\fv\Desktop\STM32_LAMEC_CAN\TAMA\SPI\project\RIDE\obj\main.o
 .debug_frame   0x000001e4      0x474 C:\Users\fv\Desktop\STM32_LAMEC_CAN\TAMA\SPI\project\RIDE\obj\stm32f10x_it.o
 .debug_frame   0x00000658      0x278 C:\Users\fv\Desktop\STM32_LAMEC_CAN\TAMA\SPI\project\RIDE\obj\stm32f10x_adc.o
 .debug_frame   0x000008d0       0xd8 C:\Users\fv\Desktop\STM32_LAMEC_CAN\TAMA\SPI\project\RIDE\obj\stm32f10x_bkp.o
 .debug_frame   0x000009a8      0x160 C:\Users\fv\Desktop\STM32_LAMEC_CAN\TAMA\SPI\project\RIDE\obj\stm32f10x_can.o
 .debug_frame   0x00000b08       0x78 C:\Users\fv\Desktop\STM32_LAMEC_CAN\TAMA\SPI\project\RIDE\obj\stm32f10x_crc.o
 .debug_frame   0x00000b80       0xe0 C:\Users\fv\Desktop\STM32_LAMEC_CAN\TAMA\SPI\project\RIDE\obj\stm32f10x_dac.o
 .debug_frame   0x00000c60       0x40 C:\Users\fv\Desktop\STM32_LAMEC_CAN\TAMA\SPI\project\RIDE\obj\stm32f10x_dbgmcu.o
 .debug_frame   0x00000ca0       0xb8 C:\Users\fv\Desktop\STM32_LAMEC_CAN\TAMA\SPI\project\RIDE\obj\stm32f10x_dma.o
 .debug_frame   0x00000d58       0x98 C:\Users\fv\Desktop\STM32_LAMEC_CAN\TAMA\SPI\project\RIDE\obj\stm32f10x_exti.o
 .debug_frame   0x00000df0       0x40 C:\Users\fv\Desktop\STM32_LAMEC_CAN\TAMA\SPI\project\RIDE\obj\stm32f10x_flash.o
 .debug_frame   0x00000e30      0x160 C:\Users\fv\Desktop\STM32_LAMEC_CAN\TAMA\SPI\project\RIDE\obj\stm32f10x_fsmc.o
 .debug_frame   0x00000f90      0x158 C:\Users\fv\Desktop\STM32_LAMEC_CAN\TAMA\SPI\project\RIDE\obj\stm32f10x_gpio.o
 .debug_frame   0x000010e8      0x22c C:\Users\fv\Desktop\STM32_LAMEC_CAN\TAMA\SPI\project\RIDE\obj\stm32f10x_i2c.o
 .debug_frame   0x00001314       0x70 C:\Users\fv\Desktop\STM32_LAMEC_CAN\TAMA\SPI\project\RIDE\obj\stm32f10x_iwdg.o
 .debug_frame   0x00001384      0x238 C:\Users\fv\Desktop\STM32_LAMEC_CAN\TAMA\SPI\project\RIDE\obj\stm32f10x_nvic.o
 .debug_frame   0x000015bc       0xb8 C:\Users\fv\Desktop\STM32_LAMEC_CAN\TAMA\SPI\project\RIDE\obj\stm32f10x_pwr.o
 .debug_frame   0x00001674      0x224 C:\Users\fv\Desktop\STM32_LAMEC_CAN\TAMA\SPI\project\RIDE\obj\stm32f10x_rcc.o
 .debug_frame   0x00001898      0x108 C:\Users\fv\Desktop\STM32_LAMEC_CAN\TAMA\SPI\project\RIDE\obj\stm32f10x_rtc.o
 .debug_frame   0x000019a0      0x208 C:\Users\fv\Desktop\STM32_LAMEC_CAN\TAMA\SPI\project\RIDE\obj\stm32f10x_sdio.o
 .debug_frame   0x00001ba8      0x1ac C:\Users\fv\Desktop\STM32_LAMEC_CAN\TAMA\SPI\project\RIDE\obj\stm32f10x_spi.o
 .debug_frame   0x00001d54       0x70 C:\Users\fv\Desktop\STM32_LAMEC_CAN\TAMA\SPI\project\RIDE\obj\stm32f10x_systick.o
 .debug_frame   0x00001dc4      0x658 C:\Users\fv\Desktop\STM32_LAMEC_CAN\TAMA\SPI\project\RIDE\obj\stm32f10x_tim.o
 .debug_frame   0x0000241c      0x1f0 C:\Users\fv\Desktop\STM32_LAMEC_CAN\TAMA\SPI\project\RIDE\obj\stm32f10x_usart.o
 .debug_frame   0x0000260c       0x98 C:\Users\fv\Desktop\STM32_LAMEC_CAN\TAMA\SPI\project\RIDE\obj\stm32f10x_wwdg.o
 .debug_frame   0x000026a4      0x184 C:\Users\fv\Desktop\STM32_LAMEC_CAN\TAMA\SPI\project\RIDE\obj\Util.o
 .debug_frame   0x00002828      0x168 C:\Users\fv\Desktop\STM32_LAMEC_CAN\TAMA\SPI\project\RIDE\obj\draw.o
 .debug_frame   0x00002990      0x26c C:\Users\fv\Desktop\STM32_LAMEC_CAN\TAMA\SPI\project\RIDE\obj\lcd.o
 .debug_frame   0x00002bfc       0xd0 C:\Users\fv\Desktop\STM32_LAMEC_CAN\TAMA\SPI\project\RIDE\obj\buzzer.o

.debug_str      0x00000000     0x5c81
 *(.debug_str)
 .debug_str     0x00000000      0x62a C:\Users\fv\Desktop\STM32_LAMEC_CAN\TAMA\SPI\project\RIDE\obj\main.o
                                0x691 (size before relaxing)
 .debug_str     0x0000062a      0x55a C:\Users\fv\Desktop\STM32_LAMEC_CAN\TAMA\SPI\project\RIDE\obj\stm32f10x_it.o
                                0x676 (size before relaxing)
 .debug_str     0x00000b84      0x556 C:\Users\fv\Desktop\STM32_LAMEC_CAN\TAMA\SPI\project\RIDE\obj\stm32f10x_adc.o
                                0x653 (size before relaxing)
 .debug_str     0x000010da      0x3af C:\Users\fv\Desktop\STM32_LAMEC_CAN\TAMA\SPI\project\RIDE\obj\stm32f10x_bkp.o
                                0x512 (size before relaxing)
 .debug_str     0x00001489      0x41c C:\Users\fv\Desktop\STM32_LAMEC_CAN\TAMA\SPI\project\RIDE\obj\stm32f10x_can.o
                                0x570 (size before relaxing)
 .debug_str     0x000018a5       0xd0 C:\Users\fv\Desktop\STM32_LAMEC_CAN\TAMA\SPI\project\RIDE\obj\stm32f10x_crc.o
                                0x18e (size before relaxing)
 .debug_str     0x00001975      0x21b C:\Users\fv\Desktop\STM32_LAMEC_CAN\TAMA\SPI\project\RIDE\obj\stm32f10x_dac.o
                                0x307 (size before relaxing)
 .debug_str     0x00001b90       0x9e C:\Users\fv\Desktop\STM32_LAMEC_CAN\TAMA\SPI\project\RIDE\obj\stm32f10x_dbgmcu.o
                                0x16b (size before relaxing)
 .debug_str     0x00001c2e      0x1f9 C:\Users\fv\Desktop\STM32_LAMEC_CAN\TAMA\SPI\project\RIDE\obj\stm32f10x_dma.o
                                0x2f1 (size before relaxing)
 .debug_str     0x00001e27      0x1cd C:\Users\fv\Desktop\STM32_LAMEC_CAN\TAMA\SPI\project\RIDE\obj\stm32f10x_exti.o
                                0x2c7 (size before relaxing)
 .debug_str     0x00001ff4       0xea C:\Users\fv\Desktop\STM32_LAMEC_CAN\TAMA\SPI\project\RIDE\obj\stm32f10x_flash.o
                                0x194 (size before relaxing)
 .debug_str     0x000020de      0x5dc C:\Users\fv\Desktop\STM32_LAMEC_CAN\TAMA\SPI\project\RIDE\obj\stm32f10x_fsmc.o
                                0x6e0 (size before relaxing)
 .debug_str     0x000026ba      0x219 C:\Users\fv\Desktop\STM32_LAMEC_CAN\TAMA\SPI\project\RIDE\obj\stm32f10x_gpio.o
                                0x42b (size before relaxing)
 .debug_str     0x000028d3      0x404 C:\Users\fv\Desktop\STM32_LAMEC_CAN\TAMA\SPI\project\RIDE\obj\stm32f10x_i2c.o
                                0x59b (size before relaxing)
 .debug_str     0x00002cd7       0xe8 C:\Users\fv\Desktop\STM32_LAMEC_CAN\TAMA\SPI\project\RIDE\obj\stm32f10x_iwdg.o
                                0x1af (size before relaxing)
 .debug_str     0x00002dbf       0x49 C:\Users\fv\Desktop\STM32_LAMEC_CAN\TAMA\SPI\project\RIDE\obj\stm32f10x_lib.o
                                 0xee (size before relaxing)
 .debug_str     0x00002e08      0x492 C:\Users\fv\Desktop\STM32_LAMEC_CAN\TAMA\SPI\project\RIDE\obj\stm32f10x_nvic.o
                                0x63d (size before relaxing)
 .debug_str     0x0000329a      0x11c C:\Users\fv\Desktop\STM32_LAMEC_CAN\TAMA\SPI\project\RIDE\obj\stm32f10x_pwr.o
                                0x210 (size before relaxing)
 .debug_str     0x000033b6      0x3d8 C:\Users\fv\Desktop\STM32_LAMEC_CAN\TAMA\SPI\project\RIDE\obj\stm32f10x_rcc.o
                                0x572 (size before relaxing)
 .debug_str     0x0000378e      0x1a0 C:\Users\fv\Desktop\STM32_LAMEC_CAN\TAMA\SPI\project\RIDE\obj\stm32f10x_rtc.o
                                0x2f5 (size before relaxing)
 .debug_str     0x0000392e      0x481 C:\Users\fv\Desktop\STM32_LAMEC_CAN\TAMA\SPI\project\RIDE\obj\stm32f10x_sdio.o
                                0x59c (size before relaxing)
 .debug_str     0x00003daf      0x2b4 C:\Users\fv\Desktop\STM32_LAMEC_CAN\TAMA\SPI\project\RIDE\obj\stm32f10x_spi.o
                                0x544 (size before relaxing)
 .debug_str     0x00004063      0x10e C:\Users\fv\Desktop\STM32_LAMEC_CAN\TAMA\SPI\project\RIDE\obj\stm32f10x_systick.o
                                0x20c (size before relaxing)
 .debug_str     0x00004171      0xb02 C:\Users\fv\Desktop\STM32_LAMEC_CAN\TAMA\SPI\project\RIDE\obj\stm32f10x_tim.o
                                0xd30 (size before relaxing)
 .debug_str     0x00004c73      0x37d C:\Users\fv\Desktop\STM32_LAMEC_CAN\TAMA\SPI\project\RIDE\obj\stm32f10x_usart.o
                                0x5bb (size before relaxing)
 .debug_str     0x00004ff0       0xe4 C:\Users\fv\Desktop\STM32_LAMEC_CAN\TAMA\SPI\project\RIDE\obj\stm32f10x_wwdg.o
                                0x1c9 (size before relaxing)
 .debug_str     0x000050d4      0x390 C:\Users\fv\Desktop\STM32_LAMEC_CAN\TAMA\SPI\project\RIDE\obj\Util.o
                                0x656 (size before relaxing)
 .debug_str     0x00005464      0x24c C:\Users\fv\Desktop\STM32_LAMEC_CAN\TAMA\SPI\project\RIDE\obj\draw.o
                                0x4ab (size before relaxing)
 .debug_str     0x000056b0      0x349 C:\Users\fv\Desktop\STM32_LAMEC_CAN\TAMA\SPI\project\RIDE\obj\lcd.o
                                0x98a (size before relaxing)
 .debug_str     0x000059f9      0x288 C:\Users\fv\Desktop\STM32_LAMEC_CAN\TAMA\SPI\project\RIDE\obj\buzzer.o
                                0x85d (size before relaxing)

.debug_loc      0x00000000     0x69b6
 *(.debug_loc)
 .debug_loc     0x00000000      0x57b C:\Users\fv\Desktop\STM32_LAMEC_CAN\TAMA\SPI\project\RIDE\obj\main.o
 .debug_loc     0x0000057b       0x40 C:\Users\fv\Desktop\STM32_LAMEC_CAN\TAMA\SPI\project\RIDE\obj\stm32f10x_it.o
 .debug_loc     0x000005bb      0x8a2 C:\Users\fv\Desktop\STM32_LAMEC_CAN\TAMA\SPI\project\RIDE\obj\stm32f10x_adc.o
 .debug_loc     0x00000e5d       0xb0 C:\Users\fv\Desktop\STM32_LAMEC_CAN\TAMA\SPI\project\RIDE\obj\stm32f10x_bkp.o
 .debug_loc     0x00000f0d      0x57d C:\Users\fv\Desktop\STM32_LAMEC_CAN\TAMA\SPI\project\RIDE\obj\stm32f10x_can.o