
C:\Users\fv\Desktop\STM32_LAMEC_CAN\TAMA\SPI\project\RIDE\obj\stm32f10x_it.o:     file format elf32-littlearm
C:\Users\fv\Desktop\STM32_LAMEC_CAN\TAMA\SPI\project\RIDE\obj\stm32f10x_it.o


Disassembly of section .text.NMIException:

00000000 <NMIException>:
NMIException():
C:\Users\fv\Desktop\STM32_LAMEC_CAN\TAMA\SPI\project/stm32f10x_it.c:37
* Output         : None
* Return         : None
*******************************************************************************/
void NMIException(void)
{
}
   0:	4770      	bx	lr
   2:	bf00      	nop

Disassembly of section .text.HardFaultException:

00000000 <HardFaultException>:
HardFaultException():
C:\Users\fv\Desktop\STM32_LAMEC_CAN\TAMA\SPI\project/stm32f10x_it.c:47
* Input          : None
* Output         : None
* Return         : None
*******************************************************************************/
void HardFaultException(void)
{
   0:	e7fe      	b.n	0 <HardFaultException>
   2:	bf00      	nop

Disassembly of section .text.MemManageException:

00000000 <MemManageException>:
MemManageException():
C:\Users\fv\Desktop\STM32_LAMEC_CAN\TAMA\SPI\project/stm32f10x_it.c:62
* Input          : None
* Output         : None
* Return         : None
*******************************************************************************/
void MemManageException(void)
{
   0:	e7fe      	b.n	0 <MemManageException>
   2:	bf00      	nop

Disassembly of section .text.BusFaultException:

00000000 <BusFaultException>:
USART3_IRQHandler():
C:\Users\fv\Desktop\STM32_LAMEC_CAN\TAMA\SPI\project/stm32f10x_it.c:584
*******************************************************************************/
void USART2_IRQHandler(void)
{ flagrx=1;

USART_ClearITPendingBit(USART2, USART_IT_RXNE);
}
   0:	e7fe      	b.n	0 <BusFaultException>
BusFaultException():
   2:	bf00      	nop

Disassembly of section .text.UsageFaultException:

00000000 <UsageFaultException>:
EXTI15_10_IRQHandler():
C:\Users\fv\Desktop\STM32_LAMEC_CAN\TAMA\SPI\project/stm32f10x_it.c:605
* Input          : None
* Output         : None
* Return         : None
*******************************************************************************/
void EXTI15_10_IRQHandler(void)
{
   0:	e7fe      	b.n	0 <UsageFaultException>
UsageFaultException():
   2:	bf00      	nop

Disassembly of section .text.DebugMonitor:

00000000 <DebugMonitor>:
RTCAlarm_IRQHandler():
C:\Users\fv\Desktop\STM32_LAMEC_CAN\TAMA\SPI\project/stm32f10x_it.c:616
* Input          : None
* Output         : None
* Return         : None
*******************************************************************************/
void RTCAlarm_IRQHandler(void)
{
   0:	4770      	bx	lr
DebugMonitor():
   2:	bf00      	nop

Disassembly of section .text.SVCHandler:

00000000 <SVCHandler>:
USBWakeUp_IRQHandler():
C:\Users\fv\Desktop\STM32_LAMEC_CAN\TAMA\SPI\project/stm32f10x_it.c:627
* Input          : None
* Output         : None
* Return         : None
*******************************************************************************/
void USBWakeUp_IRQHandler(void)
{
   0:	4770      	bx	lr
SVCHandler():
   2:	bf00      	nop

Disassembly of section .text.PendSVC:

00000000 <PendSVC>:
TIM8_BRK_IRQHandler():
C:\Users\fv\Desktop\STM32_LAMEC_CAN\TAMA\SPI\project/stm32f10x_it.c:638
* Input          : None
* Output         : None
* Return         : None
*******************************************************************************/
void TIM8_BRK_IRQHandler(void)
{
   0:	4770      	bx	lr
PendSVC():
   2:	bf00      	nop

Disassembly of section .text.SysTickHandler:

00000000 <SysTickHandler>:
TIM8_UP_IRQHandler():
C:\Users\fv\Desktop\STM32_LAMEC_CAN\TAMA\SPI\project/stm32f10x_it.c:650
* Input          : None
* Output         : None
* Return         : None
*******************************************************************************/
void TIM8_UP_IRQHandler(void)
{
   0:	4770      	bx	lr
SysTickHandler():
   2:	bf00      	nop

Disassembly of section .text.WWDG_IRQHandler:

00000000 <WWDG_IRQHandler>:
TIM8_TRG_COM_IRQHandler():
C:\Users\fv\Desktop\STM32_LAMEC_CAN\TAMA\SPI\project/stm32f10x_it.c:662
* Input          : None
* Output         : None
* Return         : None
*******************************************************************************/
void TIM8_TRG_COM_IRQHandler(void)
{
   0:	4770      	bx	lr
WWDG_IRQHandler():
   2:	bf00      	nop

Disassembly of section .text.PVD_IRQHandler:

00000000 <PVD_IRQHandler>:
TIM8_CC_IRQHandler():
C:\Users\fv\Desktop\STM32_LAMEC_CAN\TAMA\SPI\project/stm32f10x_it.c:673
* Input          : None
* Output         : None
* Return         : None
*******************************************************************************/
void TIM8_CC_IRQHandler(void)
{
   0:	4770      	bx	lr
PVD_IRQHandler():
   2:	bf00      	nop

Disassembly of section .text.TAMPER_IRQHandler:

00000000 <TAMPER_IRQHandler>:
ADC3_IRQHandler():
C:\Users\fv\Desktop\STM32_LAMEC_CAN\TAMA\SPI\project/stm32f10x_it.c:684
* Input          : None
* Output         : None
* Return         : None
*******************************************************************************/
void ADC3_IRQHandler(void)
{
   0:	4770      	bx	lr
TAMPER_IRQHandler():
   2:	bf00      	nop

Disassembly of section .text.RTC_IRQHandler:

00000000 <RTC_IRQHandler>:
FSMC_IRQHandler():
C:\Users\fv\Desktop\STM32_LAMEC_CAN\TAMA\SPI\project/stm32f10x_it.c:695
* Input          : None
* Output         : None
* Return         : None
*******************************************************************************/
void FSMC_IRQHandler(void)
{
   0:	4770      	bx	lr
RTC_IRQHandler():
   2:	bf00      	nop

Disassembly of section .text.FLASH_IRQHandler:

00000000 <FLASH_IRQHandler>:
SDIO_IRQHandler():
C:\Users\fv\Desktop\STM32_LAMEC_CAN\TAMA\SPI\project/stm32f10x_it.c:706
* Input          : None
* Output         : None
* Return         : None
*******************************************************************************/
void SDIO_IRQHandler(void)
{
   0:	4770      	bx	lr
FLASH_IRQHandler():
   2:	bf00      	nop

Disassembly of section .text.RCC_IRQHandler:

00000000 <RCC_IRQHandler>:
TIM5_IRQHandler():
C:\Users\fv\Desktop\STM32_LAMEC_CAN\TAMA\SPI\project/stm32f10x_it.c:717
* Input          : None
* Output         : None
* Return         : None
*******************************************************************************/
void TIM5_IRQHandler(void)
{
   0:	4770      	bx	lr
RCC_IRQHandler():
   2:	bf00      	nop

Disassembly of section .text.EXTI0_IRQHandler:

00000000 <EXTI0_IRQHandler>:
SPI3_IRQHandler():
C:\Users\fv\Desktop\STM32_LAMEC_CAN\TAMA\SPI\project/stm32f10x_it.c:728
* Input          : None
* Output         : None
* Return         : None
*******************************************************************************/
void SPI3_IRQHandler(void)
{
   0:	b538      	push	{r3, r4, r5, lr}
EXTI0_IRQHandler():
   2:	f44f 6440 	mov.w	r4, #3072	; 0xc00
   6:	f2c4 0401 	movt	r4, #16385	; 0x4001
   a:	4620      	mov	r0, r4
   c:	f44f 7100 	mov.w	r1, #512	; 0x200
  10:	f7ff fffe 	bl	0 <GPIO_ReadOutputDataBit>
  14:	f1c0 0201 	rsb	r2, r0, #1
  18:	4620      	mov	r0, r4
  1a:	f44f 7100 	mov.w	r1, #512	; 0x200
  1e:	b2d2      	uxtb	r2, r2
  20:	f7ff fffe 	bl	0 <GPIO_WriteBit>
  24:	f44f 6400 	mov.w	r4, #2048	; 0x800
  28:	f2c4 0401 	movt	r4, #16385	; 0x4001
  2c:	f04f 0501 	mov.w	r5, #1
  30:	4620      	mov	r0, r4
  32:	4629      	mov	r1, r5
  34:	f7ff fffe 	bl	0 <GPIO_ReadInputDataBit>
  38:	2801      	cmp	r0, #1
  3a:	d0f9      	beq.n	30 <EXTI0_IRQHandler+0x30>
  3c:	f04f 0001 	mov.w	r0, #1
  40:	f7ff fffe 	bl	0 <EXTI_ClearITPendingBit>
  44:	bd38      	pop	{r3, r4, r5, pc}
  46:	bf00      	nop

Disassembly of section .text.EXTI1_IRQHandler:

00000000 <EXTI1_IRQHandler>:
EXTI1_IRQHandler():
   0:	4770      	bx	lr
   2:	bf00      	nop

Disassembly of section .text.EXTI2_IRQHandler:

00000000 <EXTI2_IRQHandler>:
EXTI2_IRQHandler():
   0:	4770      	bx	lr
   2:	bf00      	nop

Disassembly of section .text.EXTI3_IRQHandler:

00000000 <EXTI3_IRQHandler>:
EXTI3_IRQHandler():
   0:	4770      	bx	lr
   2:	bf00      	nop

Disassembly of section .text.EXTI4_IRQHandler:

00000000 <EXTI4_IRQHandler>:
EXTI4_IRQHandler():
   0:	4770      	bx	lr
   2:	bf00      	nop

Disassembly of section .text.DMA1_Channel1_IRQHandler:

00000000 <DMA1_Channel1_IRQHandler>:
DMA1_Channel1_IRQHandler():
   0:	4770      	bx	lr
   2:	bf00      	nop

Disassembly of section .text.DMA1_Channel2_IRQHandler:

00000000 <DMA1_Channel2_IRQHandler>:
DMA1_Channel2_IRQHandler():
   0:	4770      	bx	lr
   2:	bf00      	nop

Disassembly of section .text.DMA1_Channel3_IRQHandler:

00000000 <DMA1_Channel3_IRQHandler>:
DMA1_Channel3_IRQHandler():
   0:	4770      	bx	lr
   2:	bf00      	nop

Disassembly of section .text.DMA1_Channel4_IRQHandler:

00000000 <DMA1_Channel4_IRQHandler>:
DMA1_Channel4_IRQHandler():
   0:	4770      	bx	lr
   2:	bf00      	nop

Disassembly of section .text.DMA1_Channel5_IRQHandler:

00000000 <DMA1_Channel5_IRQHandler>:
DMA1_Channel5_IRQHandler():
   0:	4770      	bx	lr
   2:	bf00      	nop

Disassembly of section .text.DMA1_Channel6_IRQHandler:

00000000 <DMA1_Channel6_IRQHandler>:
DMA1_Channel6_IRQHandler():
   0:	4770      	bx	lr
   2:	bf00      	nop

Disassembly of section .text.DMA1_Channel7_IRQHandler:

00000000 <DMA1_Channel7_IRQHandler>:
DMA1_Channel7_IRQHandler():
   0:	4770      	bx	lr
   2:	bf00      	nop

Disassembly of section .text.ADC1_2_IRQHandler:

00000000 <ADC1_2_IRQHandler>:
ADC1_2_IRQHandler():
   0:	4770      	bx	lr
   2:	bf00      	nop

Disassembly of section .text.USB_HP_CAN_TX_IRQHandler:

00000000 <USB_HP_CAN_TX_IRQHandler>:
USB_HP_CAN_TX_IRQHandler():
   0:	4770      	bx	lr
   2:	bf00      	nop

Disassembly of section .text.USB_LP_CAN_RX0_IRQHandler:

00000000 <USB_LP_CAN_RX0_IRQHandler>:
USB_LP_CAN_RX0_IRQHandler():
   0:	4770      	bx	lr
   2:	bf00      	nop

Disassembly of section .text.CAN_RX1_IRQHandler:

00000000 <CAN_RX1_IRQHandler>:
CAN_RX1_IRQHandler():
   0:	4770      	bx	lr
   2:	bf00      	nop

Disassembly of section .text.CAN_SCE_IRQHandler:

00000000 <CAN_SCE_IRQHandler>:
CAN_SCE_IRQHandler():
   0:	4770      	bx	lr
   2:	bf00      	nop

Disassembly of section .text.EXTI9_5_IRQHandler:

00000000 <EXTI9_5_IRQHandler>:
EXTI9_5_IRQHandler():
   0:	4770      	bx	lr
   2:	bf00      	nop

Disassembly of section .text.TIM1_BRK_IRQHandler:

00000000 <TIM1_BRK_IRQHandler>:
TIM1_BRK_IRQHandler():
   0:	4770      	bx	lr
   2:	bf00      	nop

Disassembly of section .text.TIM1_UP_IRQHandler:

00000000 <TIM1_UP_IRQHandler>:
TIM1_UP_IRQHandler():
   0:	4770      	bx	lr
   2:	bf00      	nop

Disassembly of section .text.TIM1_TRG_COM_IRQHandler:

00000000 <TIM1_TRG_COM_IRQHandler>:
TIM1_TRG_COM_IRQHandler():
   0:	4770      	bx	lr
   2:	bf00      	nop

Disassembly of section .text.TIM1_CC_IRQHandler:

00000000 <TIM1_CC_IRQHandler>:
TIM1_CC_IRQHandler():
   0:	4770      	bx	lr
   2:	bf00      	nop

Disassembly of section .text.TIM2_IRQHandler:

00000000 <TIM2_IRQHandler>:
TIM2_IRQHandler():
   0:	4770      	bx	lr
   2:	bf00      	nop

Disassembly of section .text.TIM3_IRQHandler:

00000000 <TIM3_IRQHandler>:
TIM3_IRQHandler():
   0:	4770      	bx	lr
   2:	bf00      	nop

Disassembly of section .text.TIM4_IRQHandler:

00000000 <TIM4_IRQHandler>:
TIM4_IRQHandler():
   0:	4770      	bx	lr
   2:	bf00      	nop

Disassembly of section .text.I2C1_EV_IRQHandler:

00000000 <I2C1_EV_IRQHandler>:
I2C1_EV_IRQHandler():
   0:	4770      	bx	lr
   2:	bf00      	nop

Disassembly of section .text.I2C1_ER_IRQHandler:

00000000 <I2C1_ER_IRQHandler>:
I2C1_ER_IRQHandler():
   0:	4770      	bx	lr
   2:	bf00      	nop

Disassembly of section .text.I2C2_EV_IRQHandler:

00000000 <I2C2_EV_IRQHandler>:
I2C2_EV_IRQHandler():
   0:	4770      	bx	lr
   2:	bf00      	nop

Disassembly of section .text.I2C2_ER_IRQHandler:

00000000 <I2C2_ER_IRQHandler>:
I2C2_ER_IRQHandler():
   0:	4770      	bx	lr
   2:	bf00      	nop

Disassembly of section .text.SPI1_IRQHandler:

00000000 <SPI1_IRQHandler>:
SPI1_IRQHandler():
   0:	4770      	bx	lr
   2:	bf00      	nop

Disassembly of section .text.SPI2_IRQHandler:

00000000 <SPI2_IRQHandler>:
SPI2_IRQHandler():
   0:	4770      	bx	lr
   2:	bf00      	nop

Disassembly of section .text.USART1_IRQHandler:

00000000 <USART1_IRQHandler>:
USART1_IRQHandler():
C:\Users\fv\Desktop\STM32_LAMEC_CAN\TAMA\SPI\project/stm32f10x_it.c:581
* Input          : None
* Output         : None
* Return         : None
*******************************************************************************/
void USART2_IRQHandler(void)
{ flagrx=1;
   0:	4770      	bx	lr
   2:	bf00      	nop

Disassembly of section .text.USART2_IRQHandler:

00000000 <USART2_IRQHandler>:
   0:	b508      	push	{r3, lr}
USART2_IRQHandler():
   2:	f240 0300 	movw	r3, #0
   6:	f2c0 0300 	movt	r3, #0
   a:	f04f 0201 	mov.w	r2, #1
   e:	601a      	str	r2, [r3, #0]
MemManageException():
C:\Users\fv\Desktop\STM32_LAMEC_CAN\TAMA\SPI\project/stm32f10x_it.c:62
* Input          : None
* Output         : None
* Return         : None
*******************************************************************************/
void MemManageException(void)
{
  10:	f44f 4088 	mov.w	r0, #17408	; 0x4400
USART2_IRQHandler():
  14:	f2c4 0000 	movt	r0, #16384	; 0x4000
  18:	f240 5125 	movw	r1, #1317	; 0x525
  1c:	f7ff fffe 	bl	0 <USART_ClearITPendingBit>
USART3_IRQHandler():
C:\Users\fv\Desktop\STM32_LAMEC_CAN\TAMA\SPI\project/stm32f10x_it.c:584
*******************************************************************************/
void USART2_IRQHandler(void)
{ flagrx=1;

USART_ClearITPendingBit(USART2, USART_IT_RXNE);
}
  20:	bd08      	pop	{r3, pc}
USART2_IRQHandler():
  22:	bf00      	nop

Disassembly of section .text.USART3_IRQHandler:

00000000 <USART3_IRQHandler>:
USART3_IRQHandler():
   0:	4770      	bx	lr
   2:	bf00      	nop

Disassembly of section .text.EXTI15_10_IRQHandler:

00000000 <EXTI15_10_IRQHandler>:
EXTI15_10_IRQHandler():
C:\Users\fv\Desktop\STM32_LAMEC_CAN\TAMA\SPI\project/stm32f10x_it.c:605
* Input          : None
* Output         : None
* Return         : None
*******************************************************************************/
void EXTI15_10_IRQHandler(void)
{
   0:	4770      	bx	lr
   2:	bf00      	nop

Disassembly of section .text.RTCAlarm_IRQHandler:

00000000 <RTCAlarm_IRQHandler>:
RTCAlarm_IRQHandler():
C:\Users\fv\Desktop\STM32_LAMEC_CAN\TAMA\SPI\project/stm32f10x_it.c:616
* Input          : None
* Output         : None
* Return         : None
*******************************************************************************/
void RTCAlarm_IRQHandler(void)
{
   0:	4770      	bx	lr
   2:	bf00      	nop

Disassembly of section .text.USBWakeUp_IRQHandler:

00000000 <USBWakeUp_IRQHandler>:
USBWakeUp_IRQHandler():
C:\Users\fv\Desktop\STM32_LAMEC_CAN\TAMA\SPI\project/stm32f10x_it.c:627
* Input          : None
* Output         : None
* Return         : None
*******************************************************************************/
void USBWakeUp_IRQHandler(void)
{
   0:	4770      	bx	lr
   2:	bf00      	nop

Disassembly of section .text.TIM8_BRK_IRQHandler:

00000000 <TIM8_BRK_IRQHandler>:
TIM8_BRK_IRQHandler():
C:\Users\fv\Desktop\STM32_LAMEC_CAN\TAMA\SPI\project/stm32f10x_it.c:638
* Input          : None
* Output         : None
* Return         : None
*******************************************************************************/
void TIM8_BRK_IRQHandler(void)
{
   0:	4770      	bx	lr
   2:	bf00      	nop

Disassembly of section .text.TIM8_UP_IRQHandler:

00000000 <TIM8_UP_IRQHandler>:
TIM8_UP_IRQHandler():
C:\Users\fv\Desktop\STM32_LAMEC_CAN\TAMA\SPI\project/stm32f10x_it.c:650
* Input          : None
* Output         : None
* Return         : None
*******************************************************************************/
void TIM8_UP_IRQHandler(void)
{
   0:	4770      	bx	lr
   2:	bf00      	nop

Disassembly of section .text.TIM8_TRG_COM_IRQHandler:

00000000 <TIM8_TRG_COM_IRQHandler>:
TIM8_TRG_COM_IRQHandler():
C:\Users\fv\Desktop\STM32_LAMEC_CAN\TAMA\SPI\project/stm32f10x_it.c:662
* Input          : None
* Output         : None
* Return         : None
*******************************************************************************/
void TIM8_TRG_COM_IRQHandler(void)
{
   0:	4770      	bx	lr
   2:	bf00      	nop

Disassembly of section .text.TIM8_CC_IRQHandler:

00000000 <TIM8_CC_IRQHandler>:
TIM8_CC_IRQHandler():
C:\Users\fv\Desktop\STM32_LAMEC_CAN\TAMA\SPI\project/stm32f10x_it.c:673
* Input          : None
* Output         : None
* Return         : None
*******************************************************************************/
void TIM8_CC_IRQHandler(void)
{
   0:	4770      	bx	lr
   2:	bf00      	nop

Disassembly of section .text.ADC3_IRQHandler:

00000000 <ADC3_IRQHandler>:
ADC3_IRQHandler():
C:\Users\fv\Desktop\STM32_LAMEC_CAN\TAMA\SPI\project/stm32f10x_it.c:684
* Input          : None
* Output         : None
* Return         : None
*******************************************************************************/
void ADC3_IRQHandler(void)
{
   0:	4770      	bx	lr
   2:	bf00      	nop

Disassembly of section .text.FSMC_IRQHandler:

00000000 <FSMC_IRQHandler>:
FSMC_IRQHandler():
C:\Users\fv\Desktop\STM32_LAMEC_CAN\TAMA\SPI\project/stm32f10x_it.c:695
* Input          : None
* Output         : None
* Return         : None
*******************************************************************************/
void FSMC_IRQHandler(void)
{
   0:	4770      	bx	lr
   2:	bf00      	nop

Disassembly of section .text.SDIO_IRQHandler:

00000000 <SDIO_IRQHandler>:
SDIO_IRQHandler():
C:\Users\fv\Desktop\STM32_LAMEC_CAN\TAMA\SPI\project/stm32f10x_it.c:706
* Input          : None
* Output         : None
* Return         : None
*******************************************************************************/
void SDIO_IRQHandler(void)
{
   0:	4770      	bx	lr
   2:	bf00      	nop

Disassembly of section .text.TIM5_IRQHandler:

00000000 <TIM5_IRQHandler>:
TIM5_IRQHandler():
C:\Users\fv\Desktop\STM32_LAMEC_CAN\TAMA\SPI\project/stm32f10x_it.c:717
* Input          : None
* Output         : None
* Return         : None
*******************************************************************************/
void TIM5_IRQHandler(void)
{
   0:	4770      	bx	lr
   2:	bf00      	nop

Disassembly of section .text.SPI3_IRQHandler:

00000000 <SPI3_IRQHandler>:
SPI3_IRQHandler():
C:\Users\fv\Desktop\STM32_LAMEC_CAN\TAMA\SPI\project/stm32f10x_it.c:728
* Input          : None
* Output         : None
* Return         : None
*******************************************************************************/
void SPI3_IRQHandler(void)
{
   0:	4770      	bx	lr
EXTI0_IRQHandler():
   2:	bf00      	nop

Disassembly of section .text.UART4_IRQHandler:

00000000 <UART4_IRQHandler>:
UART4_IRQHandler():
C:\Users\fv\Desktop\STM32_LAMEC_CAN\TAMA\SPI\project/stm32f10x_it.c:739
* Input          : None
* Output         : None
* Return         : None
*******************************************************************************/
void UART4_IRQHandler(void)
{
   0:	4770      	bx	lr
   2:	bf00      	nop

Disassembly of section .text.UART5_IRQHandler:

00000000 <UART5_IRQHandler>:
UART5_IRQHandler():
C:\Users\fv\Desktop\STM32_LAMEC_CAN\TAMA\SPI\project/stm32f10x_it.c:750
* Input          : None
* Output         : None
* Return         : None
*******************************************************************************/
void UART5_IRQHandler(void)
{
   0:	4770      	bx	lr
   2:	bf00      	nop

Disassembly of section .text.TIM6_IRQHandler:

00000000 <TIM6_IRQHandler>:
TIM6_IRQHandler():
C:\Users\fv\Desktop\STM32_LAMEC_CAN\TAMA\SPI\project/stm32f10x_it.c:761
* Input          : None
* Output         : None
* Return         : None
*******************************************************************************/
void TIM6_IRQHandler(void)
{
   0:	4770      	bx	lr
   2:	bf00      	nop

Disassembly of section .text.TIM7_IRQHandler:

00000000 <TIM7_IRQHandler>:
TIM7_IRQHandler():
C:\Users\fv\Desktop\STM32_LAMEC_CAN\TAMA\SPI\project/stm32f10x_it.c:772
* Input          : None
* Output         : None
* Return         : None
*******************************************************************************/
void TIM7_IRQHandler(void)
{
   0:	4770      	bx	lr
   2:	bf00      	nop

Disassembly of section .text.DMA2_Channel1_IRQHandler:

00000000 <DMA2_Channel1_IRQHandler>:
DMA2_Channel1_IRQHandler():
C:\Users\fv\Desktop\STM32_LAMEC_CAN\TAMA\SPI\project/stm32f10x_it.c:783
* Input          : None
* Output         : None
* Return         : None
*******************************************************************************/
void DMA2_Channel1_IRQHandler(void)
{
   0:	4770      	bx	lr
   2:	bf00      	nop

Disassembly of section .text.DMA2_Channel2_IRQHandler:

00000000 <DMA2_Channel2_IRQHandler>:
DMA2_Channel2_IRQHandler():
C:\Users\fv\Desktop\STM32_LAMEC_CAN\TAMA\SPI\project/stm32f10x_it.c:794
* Input          : None
* Output         : None
* Return         : None
*******************************************************************************/
void DMA2_Channel2_IRQHandler(void)
{
   0:	4770      	bx	lr
   2:	bf00      	nop

Disassembly of section .text.DMA2_Channel3_IRQHandler:

00000000 <DMA2_Channel3_IRQHandler>:
DMA2_Channel3_IRQHandler():
C:\Users\fv\Desktop\STM32_LAMEC_CAN\TAMA\SPI\project/stm32f10x_it.c:805
* Input          : None
* Output         : None
* Return         : None
*******************************************************************************/
void DMA2_Channel3_IRQHandler(void)
{
   0:	4770      	bx	lr
   2:	bf00      	nop

Disassembly of section .text.DMA2_Channel4_5_IRQHandler:

00000000 <DMA2_Channel4_5_IRQHandler>:
DMA2_Channel4_5_IRQHandler():
C:\Users\fv\Desktop\STM32_LAMEC_CAN\TAMA\SPI\project/stm32f10x_it.c:817
* Input          : None
* Output         : None
* Return         : None
*******************************************************************************/
void DMA2_Channel4_5_IRQHandler(void)
{
   0:	4770      	bx	lr
   2:	bf00      	nop
