<html>
<body>
<pre>
<h1>µVision Build Log</h1>
<h2>Tool Versions:</h2>
IDE-Version: µVision V5.16a
Copyright (C) 2015 ARM Ltd and ARM Germany GmbH. All rights reserved.
License Information: s s, s, LIC=SDAPC-7JTH7-V1BP8-3PJF3-43UTM-RHM9Z
 
Tool Versions:
Toolchain:       MDK-ARM Standard  Version: 5.16a
Toolchain Path:  C:\Keil_v5\ARM\ARMCC\Bin
C Compiler:      Armcc.exe V5.06 (build 20)
Assembler:       Armasm.exe V5.06 (build 20)
Linker/Locator:  ArmLink.exe V5.06 (build 20)
Library Manager: ArmAr.exe V5.06 (build 20)
Hex Converter:   FromElf.exe V5.06 (build 20)
CPU DLL:         SARMCM3.DLL V5.16a
Dialog DLL:      DCM.DLL V1.13.2.0
Target DLL:      STLink\ST-LINKIII-KEIL_SWO.dll V2.0.17.0
Dialog DLL:      TCM.DLL V1.14.5.0
 
<h2>Project:</h2>
C:\Users\fv\Desktop\STM32_LAMEC_CAN\STM32F429I-Discovery_FW_V1.0.1\Projects\Peripheral_Examples\matrix\MDK-ARM\Project_TIM_PWMOutput.uvprojx
Project File Date:  10/01/2015

<h2>Output:</h2>
*** Using Compiler 'V5.06 (build 20)', folder: 'C:\Keil_v5\ARM\ARMCC\Bin'
Build target 'TIM_PWMOutput'
compiling main.c...
..\main.c(150): warning:  #188-D: enumerated type mixed with another type
  	GPIO_WriteBit(
PIOB, 
PIO_Pin_0, 1); 
..\main.c(182): warning:  #188-D: enumerated type mixed with another type
  GPIO_WriteBit(
PIOC, 
PIO_Pin_2, 0); 
..\main.c(183): warning:  #188-D: enumerated type mixed with another type
   GPIO_WriteBit(
PIOG, 
PIO_Pin_14, 1); 
..\main.c(188): warning:  #188-D: enumerated type mixed with another type
  	GPIO_WriteBit(
PIOG, 
PIO_Pin_14, 0); 
..\main.c(189): warning:  #188-D: enumerated type mixed with another type
  	GPIO_WriteBit(
PIOC, 
PIO_Pin_2, 1); 
..\main.c(232): warning:  #188-D: enumerated type mixed with another type
  				GPIO_WriteBit(
PIOG, 
PIO_Pin_14, 1); 
..\main.c(234): warning:  #188-D: enumerated type mixed with another type
  			GPIO_WriteBit(
PIOG, 
PIO_Pin_14,0);
..\main.c: 7 warnings, 0 errors
linking...
Program Size: Code=1744 RO-data=460 RW-data=4 ZI-data=1044  
".\TIM_PWMOutput\TIM_PWMOutput.axf" - 0 Error(s), 7 Warning(s).

<h2>Software Packages used:</h2>

Package Vendor: ARM
                http://www.keil.com/pack/ARM.CMSIS.4.4.0.pack
                ARM::CMSIS:CORE:4.2.0
                CMSIS (Cortex Microcontroller Software Interface Standard)
   * Component: CORE Version: 4.2.0

<h2>Collection of Component include folders:</h2>
  C:\Users\fv\Desktop\STM32_LAMEC_CAN\STM32F429I-Discovery_FW_V1.0.1\Projects\Peripheral_Examples\matrix\MDK-ARM\RTE
  C:\Keil_v5\ARM\PACK\ARM\CMSIS\4.4.0\CMSIS\Include
  C:\Keil_v5\ARM\PACK\Keil\STM32F4xx_DFP\2.5.0\Drivers\CMSIS\Device\ST\STM32F4xx\Include

<h2>Collection of Component Files used:</h2>

   * Component: ARM::CMSIS:CORE:4.2.0
Build Time Elapsed:  00:00:01
</pre>
</body>
</html>
